

================================================================
== Vivado HLS Report for 'AXIvideo2Mat'
================================================================
* Date:           Wed Jan  8 11:40:45 2020

* Version:        2018.3 (Build 2405991 on Thu Dec 06 23:56:15 MST 2018)
* Project:        Rozmycie_Gaussa
* Solution:       solution1
* Product family: zynq
* Target device:  xc7z010clg400-1


================================================================
== Performance Estimates
================================================================
+ Timing (ns): 
    * Summary: 
    +--------+-------+----------+------------+
    |  Clock | Target| Estimated| Uncertainty|
    +--------+-------+----------+------------+
    |ap_clk  |  10.00|     3.634|        1.25|
    +--------+-------+----------+------------+

+ Latency (clock cycles): 
    * Summary: 
    +--------+--------+--------+--------+---------+
    |     Latency     |     Interval    | Pipeline|
    |   min  |   max  |   min  |   max  |   Type  |
    +--------+--------+--------+--------+---------+
    |  925203|  925203|  925203|  925203|   none  |
    +--------+--------+--------+--------+---------+

    + Detail: 
        * Instance: 
        N/A

        * Loop: 
        +-----------------------+--------+--------+----------+-----------+-----------+------+----------+
        |                       |     Latency     | Iteration|  Initiation Interval  | Trip |          |
        |       Loop Name       |   min  |   max  |  Latency |  achieved |   target  | Count| Pipelined|
        +-----------------------+--------+--------+----------+-----------+-----------+------+----------+
        |- loop_wait_for_start  |       0|       0|         1|          1|          1|     0|    yes   |
        |- loop_height          |  925200|  925200|      1285|          -|          -|   720|    no    |
        | + loop_width          |    1280|    1280|         2|          1|          1|  1280|    yes   |
        | + loop_wait_for_eol   |       0|       0|         1|          1|          1|     0|    yes   |
        +-----------------------+--------+--------+----------+-----------+-----------+------+----------+



================================================================
== Utilization Estimates
================================================================
* Summary: 
+-----------------+---------+-------+-------+-------+
|       Name      | BRAM_18K| DSP48E|   FF  |  LUT  |
+-----------------+---------+-------+-------+-------+
|DSP              |        -|      -|      -|      -|
|Expression       |        -|      -|      0|    109|
|FIFO             |        -|      -|      -|      -|
|Instance         |        -|      -|      -|      -|
|Memory           |        -|      -|      -|      -|
|Multiplexer      |        -|      -|      -|    329|
|Register         |        -|      -|    126|      -|
+-----------------+---------+-------+-------+-------+
|Total            |        0|      0|    126|    438|
+-----------------+---------+-------+-------+-------+
|Available        |      120|     80|  35200|  17600|
+-----------------+---------+-------+-------+-------+
|Utilization (%)  |        0|      0|   ~0  |      2|
+-----------------+---------+-------+-------+-------+

+ Detail: 
    * Instance: 
    N/A

    * DSP48: 
    N/A

    * Memory: 
    N/A

    * FIFO: 
    N/A

    * Expression: 
    +------------------------------------------+----------+-------+---+----+------------+------------+
    |               Variable Name              | Operation| DSP48E| FF| LUT| Bitwidth P0| Bitwidth P1|
    +------------------------------------------+----------+-------+---+----+------------+------------+
    |i_V_fu_284_p2                             |     +    |      0|  0|  14|          10|           1|
    |j_V_fu_296_p2                             |     +    |      0|  0|  13|          11|           1|
    |AXI_video_strm_V_data_V_0_load_A          |    and   |      0|  0|   2|           1|           1|
    |AXI_video_strm_V_data_V_0_load_B          |    and   |      0|  0|   2|           1|           1|
    |AXI_video_strm_V_last_V_0_load_A          |    and   |      0|  0|   2|           1|           1|
    |AXI_video_strm_V_last_V_0_load_B          |    and   |      0|  0|   2|           1|           1|
    |AXI_video_strm_V_user_V_0_load_A          |    and   |      0|  0|   2|           1|           1|
    |AXI_video_strm_V_user_V_0_load_B          |    and   |      0|  0|   2|           1|           1|
    |ap_block_state5_pp1_stage0_iter0          |    and   |      0|  0|   2|           1|           1|
    |ap_block_state6_pp1_stage0_iter1          |    and   |      0|  0|   2|           1|           1|
    |ap_block_state8                           |    and   |      0|  0|   2|           1|           1|
    |ap_condition_543                          |    and   |      0|  0|   2|           1|           1|
    |ap_predicate_op48_read_state5             |    and   |      0|  0|   2|           1|           1|
    |AXI_video_strm_V_data_V_0_state_cmp_full  |   icmp   |      0|  0|   8|           2|           1|
    |AXI_video_strm_V_last_V_0_state_cmp_full  |   icmp   |      0|  0|   8|           2|           1|
    |AXI_video_strm_V_user_V_0_state_cmp_full  |   icmp   |      0|  0|   8|           2|           1|
    |exitcond3_fu_278_p2                       |   icmp   |      0|  0|  13|          10|          10|
    |exitcond_fu_290_p2                        |   icmp   |      0|  0|  13|          11|          11|
    |ap_block_pp1_stage0_01001                 |    or    |      0|  0|   2|           1|           1|
    |ap_block_state1                           |    or    |      0|  0|   2|           1|           1|
    |brmerge_fu_305_p2                         |    or    |      0|  0|   2|           1|           1|
    |ap_enable_pp1                             |    xor   |      0|  0|   2|           1|           2|
    |ap_enable_reg_pp1_iter1                   |    xor   |      0|  0|   2|           2|           1|
    +------------------------------------------+----------+-------+---+----+------------+------------+
    |Total                                     |          |      0|  0| 109|          65|          43|
    +------------------------------------------+----------+-------+---+----+------------+------------+

    * Multiplexer: 
    +---------------------------------------+----+-----------+-----+-----------+
    |                  Name                 | LUT| Input Size| Bits| Total Bits|
    +---------------------------------------+----+-----------+-----+-----------+
    |AXI_video_strm_V_data_V_0_data_out     |   9|          2|    8|         16|
    |AXI_video_strm_V_data_V_0_state        |  15|          3|    2|          6|
    |AXI_video_strm_V_dest_V_0_state        |  15|          3|    2|          6|
    |AXI_video_strm_V_last_V_0_data_out     |   9|          2|    1|          2|
    |AXI_video_strm_V_last_V_0_state        |  15|          3|    2|          6|
    |AXI_video_strm_V_user_V_0_data_out     |   9|          2|    1|          2|
    |AXI_video_strm_V_user_V_0_state        |  15|          3|    2|          6|
    |ap_NS_fsm                              |  44|          9|    1|          9|
    |ap_done                                |   9|          2|    1|          2|
    |ap_enable_reg_pp1_iter1                |  15|          3|    1|          3|
    |ap_phi_mux_axi_data_V_1_phi_fu_168_p4  |   9|          2|    8|         16|
    |ap_phi_mux_eol_1_phi_fu_157_p4         |   9|          2|    1|          2|
    |ap_phi_mux_eol_phi_fu_191_p4           |   9|          2|    1|          2|
    |axi_data_V1_reg_133                    |   9|          2|    8|         16|
    |axi_data_V_1_reg_165                   |   9|          2|    8|         16|
    |axi_data_V_3_reg_237                   |   9|          2|    8|         16|
    |axi_last_V1_reg_123                    |   9|          2|    1|          2|
    |axi_last_V_2_reg_199                   |  15|          3|    1|          3|
    |axi_last_V_3_reg_225                   |   9|          2|    1|          2|
    |eol_1_reg_154                          |   9|          2|    1|          2|
    |eol_2_reg_249                          |   9|          2|    1|          2|
    |eol_reg_187                            |   9|          2|    1|          2|
    |img_data_stream_V_blk_n                |   9|          2|    1|          2|
    |in_r_TDATA_blk_n                       |   9|          2|    1|          2|
    |p_Val2_s_reg_212                       |  15|          3|    8|         24|
    |real_start                             |   9|          2|    1|          2|
    |t_V_2_reg_176                          |   9|          2|   11|         22|
    |t_V_reg_143                            |   9|          2|   10|         20|
    +---------------------------------------+----+-----------+-----+-----------+
    |Total                                  | 329|         70|   93|        211|
    +---------------------------------------+----+-----------+-----+-----------+

    * Register: 
    +-------------------------------------+----+----+-----+-----------+
    |                 Name                | FF | LUT| Bits| Const Bits|
    +-------------------------------------+----+----+-----+-----------+
    |AXI_video_strm_V_data_V_0_payload_A  |   8|   0|    8|          0|
    |AXI_video_strm_V_data_V_0_payload_B  |   8|   0|    8|          0|
    |AXI_video_strm_V_data_V_0_sel_rd     |   1|   0|    1|          0|
    |AXI_video_strm_V_data_V_0_sel_wr     |   1|   0|    1|          0|
    |AXI_video_strm_V_data_V_0_state      |   2|   0|    2|          0|
    |AXI_video_strm_V_dest_V_0_state      |   2|   0|    2|          0|
    |AXI_video_strm_V_last_V_0_payload_A  |   1|   0|    1|          0|
    |AXI_video_strm_V_last_V_0_payload_B  |   1|   0|    1|          0|
    |AXI_video_strm_V_last_V_0_sel_rd     |   1|   0|    1|          0|
    |AXI_video_strm_V_last_V_0_sel_wr     |   1|   0|    1|          0|
    |AXI_video_strm_V_last_V_0_state      |   2|   0|    2|          0|
    |AXI_video_strm_V_user_V_0_payload_A  |   1|   0|    1|          0|
    |AXI_video_strm_V_user_V_0_payload_B  |   1|   0|    1|          0|
    |AXI_video_strm_V_user_V_0_sel_rd     |   1|   0|    1|          0|
    |AXI_video_strm_V_user_V_0_sel_wr     |   1|   0|    1|          0|
    |AXI_video_strm_V_user_V_0_state      |   2|   0|    2|          0|
    |ap_CS_fsm                            |   8|   0|    8|          0|
    |ap_done_reg                          |   1|   0|    1|          0|
    |ap_enable_reg_pp1_iter0              |   1|   0|    1|          0|
    |ap_enable_reg_pp1_iter1              |   1|   0|    1|          0|
    |axi_data_V1_reg_133                  |   8|   0|    8|          0|
    |axi_data_V_1_reg_165                 |   8|   0|    8|          0|
    |axi_data_V_3_reg_237                 |   8|   0|    8|          0|
    |axi_last_V1_reg_123                  |   1|   0|    1|          0|
    |axi_last_V_2_reg_199                 |   1|   0|    1|          0|
    |axi_last_V_3_reg_225                 |   1|   0|    1|          0|
    |eol_1_reg_154                        |   1|   0|    1|          0|
    |eol_2_reg_249                        |   1|   0|    1|          0|
    |eol_reg_187                          |   1|   0|    1|          0|
    |exitcond_reg_345                     |   1|   0|    1|          0|
    |i_V_reg_340                          |  10|   0|   10|          0|
    |p_Val2_s_reg_212                     |   8|   0|    8|          0|
    |sof_1_fu_94                          |   1|   0|    1|          0|
    |start_once_reg                       |   1|   0|    1|          0|
    |t_V_2_reg_176                        |  11|   0|   11|          0|
    |t_V_reg_143                          |  10|   0|   10|          0|
    |tmp_data_V_reg_316                   |   8|   0|    8|          0|
    |tmp_last_V_reg_324                   |   1|   0|    1|          0|
    +-------------------------------------+----+----+-----+-----------+
    |Total                                | 126|   0|  126|          0|
    +-------------------------------------+----+----+-----+-----------+



================================================================
== Interface
================================================================
* Summary: 
+--------------------------+-----+-----+------------+-------------------------+--------------+
|         RTL Ports        | Dir | Bits|  Protocol  |      Source Object      |    C Type    |
+--------------------------+-----+-----+------------+-------------------------+--------------+
|ap_clk                    |  in |    1| ap_ctrl_hs |       AXIvideo2Mat      | return value |
|ap_rst                    |  in |    1| ap_ctrl_hs |       AXIvideo2Mat      | return value |
|ap_start                  |  in |    1| ap_ctrl_hs |       AXIvideo2Mat      | return value |
|start_full_n              |  in |    1| ap_ctrl_hs |       AXIvideo2Mat      | return value |
|ap_done                   | out |    1| ap_ctrl_hs |       AXIvideo2Mat      | return value |
|ap_continue               |  in |    1| ap_ctrl_hs |       AXIvideo2Mat      | return value |
|ap_idle                   | out |    1| ap_ctrl_hs |       AXIvideo2Mat      | return value |
|ap_ready                  | out |    1| ap_ctrl_hs |       AXIvideo2Mat      | return value |
|start_out                 | out |    1| ap_ctrl_hs |       AXIvideo2Mat      | return value |
|start_write               | out |    1| ap_ctrl_hs |       AXIvideo2Mat      | return value |
|in_r_TDATA                |  in |    8|    axis    | AXI_video_strm_V_data_V |    pointer   |
|in_r_TVALID               |  in |    1|    axis    | AXI_video_strm_V_dest_V |    pointer   |
|in_r_TREADY               | out |    1|    axis    | AXI_video_strm_V_dest_V |    pointer   |
|in_r_TDEST                |  in |    1|    axis    | AXI_video_strm_V_dest_V |    pointer   |
|in_r_TKEEP                |  in |    1|    axis    | AXI_video_strm_V_keep_V |    pointer   |
|in_r_TSTRB                |  in |    1|    axis    | AXI_video_strm_V_strb_V |    pointer   |
|in_r_TUSER                |  in |    1|    axis    | AXI_video_strm_V_user_V |    pointer   |
|in_r_TLAST                |  in |    1|    axis    | AXI_video_strm_V_last_V |    pointer   |
|in_r_TID                  |  in |    1|    axis    |  AXI_video_strm_V_id_V  |    pointer   |
|img_data_stream_V_din     | out |    8|   ap_fifo  |    img_data_stream_V    |    pointer   |
|img_data_stream_V_full_n  |  in |    1|   ap_fifo  |    img_data_stream_V    |    pointer   |
|img_data_stream_V_write   | out |    1|   ap_fifo  |    img_data_stream_V    |    pointer   |
+--------------------------+-----+-----+------------+-------------------------+--------------+

============================================================
+ Verbose Summary: Synthesis Manager
============================================================
InlineROM: 1
ExposeGlobal: 0
============================================================
+ Verbose Summary: CDFG Model
============================================================
IsTopModel: 0
ResetActiveHigh: 1
IsCombinational: 2
IsDatapathOnly: 0
HasWiredReturn: 1
HasMFsm: 0
HasVarLatency: 1
IsPipeline: 0
IsRtlPipelined: 0
IsInstanceOverlapped: 0
IsDontTouch: 0
HasImplIP: 0
IsGatedGlobalClock: 0

+ Individual pipeline summary: 
  * Pipeline-0: initiation interval (II) = 1, depth = 1
  * Pipeline-1: initiation interval (II) = 1, depth = 2
  * Pipeline-2: initiation interval (II) = 1, depth = 1


============================================================
+ Verbose Summary: Schedule
============================================================
* Number of FSM states : 9
* Pipeline : 3
  Pipeline-0 : II = 1, D = 1, States = { 2 }
  Pipeline-1 : II = 1, D = 2, States = { 5 6 }
  Pipeline-2 : II = 1, D = 1, States = { 8 }
* Dataflow Pipeline: 0

* FSM state transitions: 
1 --> 
	2  / true
2 --> 
	3  / (tmp_user_V)
	2  / (!tmp_user_V)
3 --> 
	4  / true
4 --> 
	5  / (!exitcond3)
5 --> 
	7  / (exitcond)
	6  / (!exitcond)
6 --> 
	5  / true
7 --> 
	8  / true
8 --> 
	9  / (eol_2)
	8  / (!eol_2)
9 --> 
	4  / true

* FSM state operations: 

State 1 <SV = 0> <Delay = 0.00>
ST_1 : Operation 10 [1/1] (0.00ns)   --->   "call void (...)* @_ssdm_op_SpecInterface(i8* %img_data_stream_V, [8 x i8]* @ap_fifo_str, i32 0, i32 0, [1 x i8]* @p_str53, i32 0, i32 0, [1 x i8]* @p_str54, [1 x i8]* @p_str55, [1 x i8]* @p_str56, i32 2, i32 2, i32 16, i32 16, [1 x i8]* @p_str57, [1 x i8]* @p_str58)"   --->   Operation 10 'specinterface' <Predicate = true> <Delay = 0.00>
ST_1 : Operation 11 [1/1] (0.00ns)   --->   "call void (...)* @_ssdm_op_SpecInterface(i8* %AXI_video_strm_V_data_V, i1* %AXI_video_strm_V_keep_V, i1* %AXI_video_strm_V_strb_V, i1* %AXI_video_strm_V_user_V, i1* %AXI_video_strm_V_last_V, i1* %AXI_video_strm_V_id_V, i1* %AXI_video_strm_V_dest_V, [5 x i8]* @p_str4, i32 1, i32 1, [5 x i8]* @p_str5, i32 0, i32 0, [1 x i8]* @p_str3, [1 x i8]* @p_str3, [1 x i8]* @p_str3, i32 0, i32 0, i32 0, i32 0, [1 x i8]* @p_str3, [1 x i8]* @p_str3) nounwind"   --->   Operation 11 'specinterface' <Predicate = true> <Delay = 0.00>
ST_1 : Operation 12 [1/1] (0.00ns)   --->   "br label %.preheader233" [/opt/Xilinx/Vivado/2018.3/common/technology/autopilot/hls/hls_video_io.h:63]   --->   Operation 12 'br' <Predicate = true> <Delay = 0.00>

State 2 <SV = 1> <Delay = 0.00>
ST_2 : Operation 13 [1/1] (0.00ns)   --->   "call void (...)* @_ssdm_op_SpecLoopName([20 x i8]* @p_str18) nounwind" [/opt/Xilinx/Vivado/2018.3/common/technology/autopilot/hls/hls_video_io.h:65]   --->   Operation 13 'specloopname' <Predicate = true> <Delay = 0.00>
ST_2 : Operation 14 [1/1] (0.00ns)   --->   "%tmp = call i32 (...)* @_ssdm_op_SpecRegionBegin([20 x i8]* @p_str18)" [/opt/Xilinx/Vivado/2018.3/common/technology/autopilot/hls/hls_video_io.h:65]   --->   Operation 14 'specregionbegin' 'tmp' <Predicate = true> <Delay = 0.00>
ST_2 : Operation 15 [1/1] (0.00ns)   --->   "call void (...)* @_ssdm_op_SpecPipeline(i32 1, i32 1, i32 1, i32 0, [1 x i8]* @p_str3) nounwind" [/opt/Xilinx/Vivado/2018.3/common/technology/autopilot/hls/hls_video_io.h:66]   --->   Operation 15 'specpipeline' <Predicate = true> <Delay = 0.00>
ST_2 : Operation 16 [1/1] (0.00ns)   --->   "call void (...)* @_ssdm_op_SpecLoopTripCount(i32 0, i32 0, i32 0, [1 x i8]* @p_str3) nounwind" [/opt/Xilinx/Vivado/2018.3/common/technology/autopilot/hls/hls_video_io.h:67]   --->   Operation 16 'speclooptripcount' <Predicate = true> <Delay = 0.00>
ST_2 : Operation 17 [1/1] (0.00ns)   --->   "%empty = call { i8, i1, i1, i1, i1, i1, i1 } @_ssdm_op_Read.axis.volatile.i8P.i1P.i1P.i1P.i1P.i1P.i1P(i8* %AXI_video_strm_V_data_V, i1* %AXI_video_strm_V_keep_V, i1* %AXI_video_strm_V_strb_V, i1* %AXI_video_strm_V_user_V, i1* %AXI_video_strm_V_last_V, i1* %AXI_video_strm_V_id_V, i1* %AXI_video_strm_V_dest_V)" [/opt/Xilinx/Vivado/2018.3/common/technology/autopilot/hls/hls_video_io.h:68]   --->   Operation 17 'read' 'empty' <Predicate = true> <Delay = 0.00> <Core = "AXI4Stream">   --->   Core 5 'AXI4Stream' <Latency = 0> <II = 1> <Delay = 1.00> <Adapter> <Opcode : >
ST_2 : Operation 18 [1/1] (0.00ns)   --->   "%tmp_data_V = extractvalue { i8, i1, i1, i1, i1, i1, i1 } %empty, 0" [/opt/Xilinx/Vivado/2018.3/common/technology/autopilot/hls/hls_video_io.h:68]   --->   Operation 18 'extractvalue' 'tmp_data_V' <Predicate = true> <Delay = 0.00>
ST_2 : Operation 19 [1/1] (0.00ns)   --->   "%tmp_user_V = extractvalue { i8, i1, i1, i1, i1, i1, i1 } %empty, 3" [/opt/Xilinx/Vivado/2018.3/common/technology/autopilot/hls/hls_video_io.h:68]   --->   Operation 19 'extractvalue' 'tmp_user_V' <Predicate = true> <Delay = 0.00>
ST_2 : Operation 20 [1/1] (0.00ns)   --->   "%tmp_last_V = extractvalue { i8, i1, i1, i1, i1, i1, i1 } %empty, 4" [/opt/Xilinx/Vivado/2018.3/common/technology/autopilot/hls/hls_video_io.h:68]   --->   Operation 20 'extractvalue' 'tmp_last_V' <Predicate = true> <Delay = 0.00>
ST_2 : Operation 21 [1/1] (0.00ns)   --->   "%empty_24 = call i32 (...)* @_ssdm_op_SpecRegionEnd([20 x i8]* @p_str18, i32 %tmp)" [/opt/Xilinx/Vivado/2018.3/common/technology/autopilot/hls/hls_video_io.h:70]   --->   Operation 21 'specregionend' 'empty_24' <Predicate = true> <Delay = 0.00>
ST_2 : Operation 22 [1/1] (0.00ns)   --->   "br i1 %tmp_user_V, label %.preheader232.preheader, label %.preheader233" [/opt/Xilinx/Vivado/2018.3/common/technology/autopilot/hls/hls_video_io.h:65]   --->   Operation 22 'br' <Predicate = true> <Delay = 0.00>

State 3 <SV = 2> <Delay = 1.76>
ST_3 : Operation 23 [1/1] (0.00ns)   --->   "%sof_1 = alloca i1"   --->   Operation 23 'alloca' 'sof_1' <Predicate = true> <Delay = 0.00>
ST_3 : Operation 24 [1/1] (1.76ns)   --->   "store i1 true, i1* %sof_1"   --->   Operation 24 'store' <Predicate = true> <Delay = 1.76>
ST_3 : Operation 25 [1/1] (1.76ns)   --->   "br label %.preheader232" [/opt/Xilinx/Vivado/2018.3/common/technology/autopilot/hls/hls_video_io.h:71]   --->   Operation 25 'br' <Predicate = true> <Delay = 1.76>

State 4 <SV = 3> <Delay = 2.74>
ST_4 : Operation 26 [1/1] (0.00ns)   --->   "%axi_last_V1 = phi i1 [ %axi_last_V_3, %6 ], [ %tmp_last_V, %.preheader232.preheader ]"   --->   Operation 26 'phi' 'axi_last_V1' <Predicate = true> <Delay = 0.00>
ST_4 : Operation 27 [1/1] (0.00ns)   --->   "%axi_data_V1 = phi i8 [ %axi_data_V_3, %6 ], [ %tmp_data_V, %.preheader232.preheader ]"   --->   Operation 27 'phi' 'axi_data_V1' <Predicate = true> <Delay = 0.00>
ST_4 : Operation 28 [1/1] (0.00ns)   --->   "%t_V = phi i10 [ %i_V, %6 ], [ 0, %.preheader232.preheader ]"   --->   Operation 28 'phi' 't_V' <Predicate = true> <Delay = 0.00>
ST_4 : Operation 29 [1/1] (1.77ns)   --->   "%exitcond3 = icmp eq i10 %t_V, -304" [/opt/Xilinx/Vivado/2018.3/common/technology/autopilot/hls/hls_video_io.h:71]   --->   Operation 29 'icmp' 'exitcond3' <Predicate = true> <Delay = 1.77> <Core = "Cmp">   --->   Core 25 'Cmp' <Latency = 0> <II = 1> <Delay = 1.88> <FuncUnit> <Opcode : 'icmp'> <InPorts = 2> <OutPorts = 1>
ST_4 : Operation 30 [1/1] (0.00ns)   --->   "call void (...)* @_ssdm_op_SpecLoopTripCount(i64 720, i64 720, i64 720)"   --->   Operation 30 'speclooptripcount' <Predicate = true> <Delay = 0.00>
ST_4 : Operation 31 [1/1] (1.73ns)   --->   "%i_V = add i10 %t_V, 1" [/opt/Xilinx/Vivado/2018.3/common/technology/autopilot/hls/hls_video_io.h:71]   --->   Operation 31 'add' 'i_V' <Predicate = true> <Delay = 1.73> <Core = "AddSub">   --->   Core 14 'AddSub' <Latency = 0> <II = 1> <Delay = 1.63> <FuncUnit> <Opcode : 'add' 'sub'> <InPorts = 2> <OutPorts = 1>
ST_4 : Operation 32 [1/1] (0.00ns)   --->   "br i1 %exitcond3, label %7, label %1" [/opt/Xilinx/Vivado/2018.3/common/technology/autopilot/hls/hls_video_io.h:71]   --->   Operation 32 'br' <Predicate = true> <Delay = 0.00>
ST_4 : Operation 33 [1/1] (0.00ns)   --->   "call void (...)* @_ssdm_op_SpecLoopName([12 x i8]* @p_str13) nounwind" [/opt/Xilinx/Vivado/2018.3/common/technology/autopilot/hls/hls_video_io.h:71]   --->   Operation 33 'specloopname' <Predicate = (!exitcond3)> <Delay = 0.00>
ST_4 : Operation 34 [1/1] (0.00ns)   --->   "%tmp_s = call i32 (...)* @_ssdm_op_SpecRegionBegin([12 x i8]* @p_str13)" [/opt/Xilinx/Vivado/2018.3/common/technology/autopilot/hls/hls_video_io.h:71]   --->   Operation 34 'specregionbegin' 'tmp_s' <Predicate = (!exitcond3)> <Delay = 0.00>
ST_4 : Operation 35 [1/1] (1.76ns)   --->   "br label %2" [/opt/Xilinx/Vivado/2018.3/common/technology/autopilot/hls/hls_video_io.h:73]   --->   Operation 35 'br' <Predicate = (!exitcond3)> <Delay = 1.76>
ST_4 : Operation 36 [1/1] (0.00ns)   --->   "ret void"   --->   Operation 36 'ret' <Predicate = (exitcond3)> <Delay = 0.00>

State 5 <SV = 4> <Delay = 2.85>
ST_5 : Operation 37 [1/1] (0.00ns)   --->   "%eol_1 = phi i1 [ %axi_last_V1, %1 ], [ %axi_last_V_2, %.critedge ]" [/opt/Xilinx/Vivado/2018.3/common/technology/autopilot/hls/hls_video_io.h:100]   --->   Operation 37 'phi' 'eol_1' <Predicate = true> <Delay = 0.00>
ST_5 : Operation 38 [1/1] (0.00ns)   --->   "%axi_data_V_1 = phi i8 [ %axi_data_V1, %1 ], [ %p_Val2_s, %.critedge ]"   --->   Operation 38 'phi' 'axi_data_V_1' <Predicate = true> <Delay = 0.00>
ST_5 : Operation 39 [1/1] (0.00ns)   --->   "%t_V_2 = phi i11 [ 0, %1 ], [ %j_V, %.critedge ]"   --->   Operation 39 'phi' 't_V_2' <Predicate = true> <Delay = 0.00>
ST_5 : Operation 40 [1/1] (0.00ns)   --->   "%eol = phi i1 [ false, %1 ], [ %axi_last_V_2, %.critedge ]" [/opt/Xilinx/Vivado/2018.3/common/technology/autopilot/hls/hls_video_io.h:81]   --->   Operation 40 'phi' 'eol' <Predicate = true> <Delay = 0.00>
ST_5 : Operation 41 [1/1] (1.88ns)   --->   "%exitcond = icmp eq i11 %t_V_2, -768" [/opt/Xilinx/Vivado/2018.3/common/technology/autopilot/hls/hls_video_io.h:73]   --->   Operation 41 'icmp' 'exitcond' <Predicate = true> <Delay = 1.88> <Core = "Cmp">   --->   Core 25 'Cmp' <Latency = 0> <II = 1> <Delay = 1.88> <FuncUnit> <Opcode : 'icmp'> <InPorts = 2> <OutPorts = 1>
ST_5 : Operation 42 [1/1] (0.00ns)   --->   "call void (...)* @_ssdm_op_SpecLoopTripCount(i64 1280, i64 1280, i64 1280)"   --->   Operation 42 'speclooptripcount' <Predicate = true> <Delay = 0.00>
ST_5 : Operation 43 [1/1] (1.63ns)   --->   "%j_V = add i11 %t_V_2, 1" [/opt/Xilinx/Vivado/2018.3/common/technology/autopilot/hls/hls_video_io.h:73]   --->   Operation 43 'add' 'j_V' <Predicate = true> <Delay = 1.63> <Core = "AddSub">   --->   Core 14 'AddSub' <Latency = 0> <II = 1> <Delay = 1.63> <FuncUnit> <Opcode : 'add' 'sub'> <InPorts = 2> <OutPorts = 1>
ST_5 : Operation 44 [1/1] (0.00ns)   --->   "br i1 %exitcond, label %.preheader.preheader, label %3" [/opt/Xilinx/Vivado/2018.3/common/technology/autopilot/hls/hls_video_io.h:73]   --->   Operation 44 'br' <Predicate = true> <Delay = 0.00>
ST_5 : Operation 45 [1/1] (0.00ns)   --->   "%sof_1_load = load i1* %sof_1" [/opt/Xilinx/Vivado/2018.3/common/technology/autopilot/hls/hls_video_io.h:76]   --->   Operation 45 'load' 'sof_1_load' <Predicate = (!exitcond)> <Delay = 0.00>
ST_5 : Operation 46 [1/1] (0.97ns)   --->   "%brmerge = or i1 %sof_1_load, %eol" [/opt/Xilinx/Vivado/2018.3/common/technology/autopilot/hls/hls_video_io.h:76]   --->   Operation 46 'or' 'brmerge' <Predicate = (!exitcond)> <Delay = 0.97> <Core = "LogicGate">   --->   Core 27 'LogicGate' <Latency = 0> <II = 1> <Delay = 0.97> <FuncUnit> <Opcode : 'and' 'or' 'xor'> <InPorts = 2> <OutPorts = 1>
ST_5 : Operation 47 [1/1] (1.76ns)   --->   "br i1 %brmerge, label %.critedge, label %4" [/opt/Xilinx/Vivado/2018.3/common/technology/autopilot/hls/hls_video_io.h:76]   --->   Operation 47 'br' <Predicate = (!exitcond)> <Delay = 1.76>
ST_5 : Operation 48 [1/1] (0.00ns)   --->   "%empty_25 = call { i8, i1, i1, i1, i1, i1, i1 } @_ssdm_op_Read.axis.volatile.i8P.i1P.i1P.i1P.i1P.i1P.i1P(i8* %AXI_video_strm_V_data_V, i1* %AXI_video_strm_V_keep_V, i1* %AXI_video_strm_V_strb_V, i1* %AXI_video_strm_V_user_V, i1* %AXI_video_strm_V_last_V, i1* %AXI_video_strm_V_id_V, i1* %AXI_video_strm_V_dest_V)" [/opt/Xilinx/Vivado/2018.3/common/technology/autopilot/hls/hls_video_io.h:81]   --->   Operation 48 'read' 'empty_25' <Predicate = (!exitcond & !brmerge)> <Delay = 0.00> <Core = "AXI4Stream">   --->   Core 5 'AXI4Stream' <Latency = 0> <II = 1> <Delay = 1.00> <Adapter> <Opcode : >
ST_5 : Operation 49 [1/1] (0.00ns)   --->   "%tmp_data_V_1 = extractvalue { i8, i1, i1, i1, i1, i1, i1 } %empty_25, 0" [/opt/Xilinx/Vivado/2018.3/common/technology/autopilot/hls/hls_video_io.h:81]   --->   Operation 49 'extractvalue' 'tmp_data_V_1' <Predicate = (!exitcond & !brmerge)> <Delay = 0.00>
ST_5 : Operation 50 [1/1] (0.00ns)   --->   "%tmp_last_V_1 = extractvalue { i8, i1, i1, i1, i1, i1, i1 } %empty_25, 4" [/opt/Xilinx/Vivado/2018.3/common/technology/autopilot/hls/hls_video_io.h:81]   --->   Operation 50 'extractvalue' 'tmp_last_V_1' <Predicate = (!exitcond & !brmerge)> <Delay = 0.00>
ST_5 : Operation 51 [1/1] (1.76ns)   --->   "br label %.critedge"   --->   Operation 51 'br' <Predicate = (!exitcond & !brmerge)> <Delay = 1.76>
ST_5 : Operation 52 [1/1] (0.00ns)   --->   "%axi_last_V_2 = phi i1 [ %tmp_last_V_1, %4 ], [ %eol_1, %3 ]"   --->   Operation 52 'phi' 'axi_last_V_2' <Predicate = (!exitcond)> <Delay = 0.00>
ST_5 : Operation 53 [1/1] (0.00ns)   --->   "%p_Val2_s = phi i8 [ %tmp_data_V_1, %4 ], [ %axi_data_V_1, %3 ]"   --->   Operation 53 'phi' 'p_Val2_s' <Predicate = (!exitcond)> <Delay = 0.00>
ST_5 : Operation 54 [1/1] (1.76ns)   --->   "store i1 false, i1* %sof_1"   --->   Operation 54 'store' <Predicate = (!exitcond)> <Delay = 1.76>

State 6 <SV = 5> <Delay = 3.63>
ST_6 : Operation 55 [1/1] (0.00ns)   --->   "call void (...)* @_ssdm_op_SpecLoopName([11 x i8]* @p_str14) nounwind" [/opt/Xilinx/Vivado/2018.3/common/technology/autopilot/hls/hls_video_io.h:73]   --->   Operation 55 'specloopname' <Predicate = (!exitcond)> <Delay = 0.00>
ST_6 : Operation 56 [1/1] (0.00ns)   --->   "%tmp_5 = call i32 (...)* @_ssdm_op_SpecRegionBegin([11 x i8]* @p_str14)" [/opt/Xilinx/Vivado/2018.3/common/technology/autopilot/hls/hls_video_io.h:73]   --->   Operation 56 'specregionbegin' 'tmp_5' <Predicate = (!exitcond)> <Delay = 0.00>
ST_6 : Operation 57 [1/1] (0.00ns)   --->   "call void (...)* @_ssdm_op_SpecPipeline(i32 1, i32 1, i32 1, i32 0, [1 x i8]* @p_str3) nounwind" [/opt/Xilinx/Vivado/2018.3/common/technology/autopilot/hls/hls_video_io.h:75]   --->   Operation 57 'specpipeline' <Predicate = (!exitcond)> <Delay = 0.00>
ST_6 : Operation 58 [1/1] (0.00ns)   --->   "call void (...)* @_ssdm_op_SpecLoopName([14 x i8]* @p_str15) nounwind" [/opt/Xilinx/Vivado/2018.3/common/technology/autopilot/hls/hls_video_io.h:91]   --->   Operation 58 'specloopname' <Predicate = (!exitcond)> <Delay = 0.00>
ST_6 : Operation 59 [1/1] (0.00ns)   --->   "%tmp_7 = call i32 (...)* @_ssdm_op_SpecRegionBegin([12 x i8]* @p_str26)" [/opt/Xilinx/Vivado/2018.3/common/technology/autopilot/hls/hls_video_core.h:696->/opt/Xilinx/Vivado/2018.3/common/technology/autopilot/hls/hls_video_core.h:717->/opt/Xilinx/Vivado/2018.3/common/technology/autopilot/hls/hls_video_io.h:94]   --->   Operation 59 'specregionbegin' 'tmp_7' <Predicate = (!exitcond)> <Delay = 0.00>
ST_6 : Operation 60 [1/1] (0.00ns)   --->   "call void (...)* @_ssdm_op_SpecProtocol(i32 0, [1 x i8]* @p_str3) nounwind" [/opt/Xilinx/Vivado/2018.3/common/technology/autopilot/hls/hls_video_core.h:700->/opt/Xilinx/Vivado/2018.3/common/technology/autopilot/hls/hls_video_core.h:717->/opt/Xilinx/Vivado/2018.3/common/technology/autopilot/hls/hls_video_io.h:94]   --->   Operation 60 'specprotocol' <Predicate = (!exitcond)> <Delay = 0.00>
ST_6 : Operation 61 [1/1] (3.63ns)   --->   "call void @_ssdm_op_Write.ap_fifo.volatile.i8P(i8* %img_data_stream_V, i8 %p_Val2_s)" [/opt/Xilinx/Vivado/2018.3/common/technology/autopilot/hls/hls_video_core.h:703->/opt/Xilinx/Vivado/2018.3/common/technology/autopilot/hls/hls_video_core.h:717->/opt/Xilinx/Vivado/2018.3/common/technology/autopilot/hls/hls_video_io.h:94]   --->   Operation 61 'write' <Predicate = (!exitcond)> <Delay = 3.63> <Core = "FIFO">   --->   Core 32 'FIFO' <Latency = 0> <II = 1> <Delay = 3.63> <Storage> <Opcode : 'read' 'write' 'nbread' 'nbwrite'> <Ports = 0> <Width = 8> <Depth = 2> <FIFO>
ST_6 : Operation 62 [1/1] (0.00ns)   --->   "%empty_26 = call i32 (...)* @_ssdm_op_SpecRegionEnd([12 x i8]* @p_str26, i32 %tmp_7)" [/opt/Xilinx/Vivado/2018.3/common/technology/autopilot/hls/hls_video_core.h:705->/opt/Xilinx/Vivado/2018.3/common/technology/autopilot/hls/hls_video_core.h:717->/opt/Xilinx/Vivado/2018.3/common/technology/autopilot/hls/hls_video_io.h:94]   --->   Operation 62 'specregionend' 'empty_26' <Predicate = (!exitcond)> <Delay = 0.00>
ST_6 : Operation 63 [1/1] (0.00ns)   --->   "%empty_27 = call i32 (...)* @_ssdm_op_SpecRegionEnd([11 x i8]* @p_str14, i32 %tmp_5)" [/opt/Xilinx/Vivado/2018.3/common/technology/autopilot/hls/hls_video_io.h:95]   --->   Operation 63 'specregionend' 'empty_27' <Predicate = (!exitcond)> <Delay = 0.00>
ST_6 : Operation 64 [1/1] (0.00ns)   --->   "br label %2" [/opt/Xilinx/Vivado/2018.3/common/technology/autopilot/hls/hls_video_io.h:73]   --->   Operation 64 'br' <Predicate = (!exitcond)> <Delay = 0.00>

State 7 <SV = 5> <Delay = 1.76>
ST_7 : Operation 65 [1/1] (1.76ns)   --->   "br label %.preheader" [/opt/Xilinx/Vivado/2018.3/common/technology/autopilot/hls/hls_video_io.h:96]   --->   Operation 65 'br' <Predicate = true> <Delay = 1.76>

State 8 <SV = 6> <Delay = 0.00>
ST_8 : Operation 66 [1/1] (0.00ns)   --->   "%axi_last_V_3 = phi i1 [ %tmp_last_V_2, %5 ], [ %eol_1, %.preheader.preheader ]"   --->   Operation 66 'phi' 'axi_last_V_3' <Predicate = true> <Delay = 0.00>
ST_8 : Operation 67 [1/1] (0.00ns)   --->   "%axi_data_V_3 = phi i8 [ %tmp_data_V_2, %5 ], [ %axi_data_V_1, %.preheader.preheader ]"   --->   Operation 67 'phi' 'axi_data_V_3' <Predicate = true> <Delay = 0.00>
ST_8 : Operation 68 [1/1] (0.00ns)   --->   "%eol_2 = phi i1 [ %tmp_last_V_2, %5 ], [ %eol, %.preheader.preheader ]"   --->   Operation 68 'phi' 'eol_2' <Predicate = true> <Delay = 0.00>
ST_8 : Operation 69 [1/1] (0.00ns)   --->   "br i1 %eol_2, label %6, label %5" [/opt/Xilinx/Vivado/2018.3/common/technology/autopilot/hls/hls_video_io.h:96]   --->   Operation 69 'br' <Predicate = true> <Delay = 0.00>
ST_8 : Operation 70 [1/1] (0.00ns)   --->   "call void (...)* @_ssdm_op_SpecLoopName([18 x i8]* @p_str19) nounwind" [/opt/Xilinx/Vivado/2018.3/common/technology/autopilot/hls/hls_video_io.h:96]   --->   Operation 70 'specloopname' <Predicate = (!eol_2)> <Delay = 0.00>
ST_8 : Operation 71 [1/1] (0.00ns)   --->   "%tmp_6 = call i32 (...)* @_ssdm_op_SpecRegionBegin([18 x i8]* @p_str19)" [/opt/Xilinx/Vivado/2018.3/common/technology/autopilot/hls/hls_video_io.h:96]   --->   Operation 71 'specregionbegin' 'tmp_6' <Predicate = (!eol_2)> <Delay = 0.00>
ST_8 : Operation 72 [1/1] (0.00ns)   --->   "call void (...)* @_ssdm_op_SpecPipeline(i32 1, i32 1, i32 1, i32 0, [1 x i8]* @p_str3) nounwind" [/opt/Xilinx/Vivado/2018.3/common/technology/autopilot/hls/hls_video_io.h:97]   --->   Operation 72 'specpipeline' <Predicate = (!eol_2)> <Delay = 0.00>
ST_8 : Operation 73 [1/1] (0.00ns)   --->   "call void (...)* @_ssdm_op_SpecLoopTripCount(i32 0, i32 0, i32 0, [1 x i8]* @p_str3) nounwind" [/opt/Xilinx/Vivado/2018.3/common/technology/autopilot/hls/hls_video_io.h:98]   --->   Operation 73 'speclooptripcount' <Predicate = (!eol_2)> <Delay = 0.00>
ST_8 : Operation 74 [1/1] (0.00ns)   --->   "%empty_28 = call { i8, i1, i1, i1, i1, i1, i1 } @_ssdm_op_Read.axis.volatile.i8P.i1P.i1P.i1P.i1P.i1P.i1P(i8* %AXI_video_strm_V_data_V, i1* %AXI_video_strm_V_keep_V, i1* %AXI_video_strm_V_strb_V, i1* %AXI_video_strm_V_user_V, i1* %AXI_video_strm_V_last_V, i1* %AXI_video_strm_V_id_V, i1* %AXI_video_strm_V_dest_V)" [/opt/Xilinx/Vivado/2018.3/common/technology/autopilot/hls/hls_video_io.h:100]   --->   Operation 74 'read' 'empty_28' <Predicate = (!eol_2)> <Delay = 0.00> <Core = "AXI4Stream">   --->   Core 5 'AXI4Stream' <Latency = 0> <II = 1> <Delay = 1.00> <Adapter> <Opcode : >
ST_8 : Operation 75 [1/1] (0.00ns)   --->   "%tmp_data_V_2 = extractvalue { i8, i1, i1, i1, i1, i1, i1 } %empty_28, 0" [/opt/Xilinx/Vivado/2018.3/common/technology/autopilot/hls/hls_video_io.h:100]   --->   Operation 75 'extractvalue' 'tmp_data_V_2' <Predicate = (!eol_2)> <Delay = 0.00>
ST_8 : Operation 76 [1/1] (0.00ns)   --->   "%tmp_last_V_2 = extractvalue { i8, i1, i1, i1, i1, i1, i1 } %empty_28, 4" [/opt/Xilinx/Vivado/2018.3/common/technology/autopilot/hls/hls_video_io.h:100]   --->   Operation 76 'extractvalue' 'tmp_last_V_2' <Predicate = (!eol_2)> <Delay = 0.00>
ST_8 : Operation 77 [1/1] (0.00ns)   --->   "%empty_29 = call i32 (...)* @_ssdm_op_SpecRegionEnd([18 x i8]* @p_str19, i32 %tmp_6)" [/opt/Xilinx/Vivado/2018.3/common/technology/autopilot/hls/hls_video_io.h:103]   --->   Operation 77 'specregionend' 'empty_29' <Predicate = (!eol_2)> <Delay = 0.00>
ST_8 : Operation 78 [1/1] (0.00ns)   --->   "br label %.preheader" [/opt/Xilinx/Vivado/2018.3/common/technology/autopilot/hls/hls_video_io.h:103]   --->   Operation 78 'br' <Predicate = (!eol_2)> <Delay = 0.00>

State 9 <SV = 7> <Delay = 0.00>
ST_9 : Operation 79 [1/1] (0.00ns)   --->   "%empty_30 = call i32 (...)* @_ssdm_op_SpecRegionEnd([12 x i8]* @p_str13, i32 %tmp_s)" [/opt/Xilinx/Vivado/2018.3/common/technology/autopilot/hls/hls_video_io.h:104]   --->   Operation 79 'specregionend' 'empty_30' <Predicate = true> <Delay = 0.00>
ST_9 : Operation 80 [1/1] (0.00ns)   --->   "br label %.preheader232" [/opt/Xilinx/Vivado/2018.3/common/technology/autopilot/hls/hls_video_io.h:71]   --->   Operation 80 'br' <Predicate = true> <Delay = 0.00>


============================================================
+ Verbose Summary: Binding
============================================================
STG Binding: 
---------------- STG Properties BEGIN ----------------
- Is combinational: 0
- Is one-state seq: 0
- Is datapath-only: 0
- Is pipelined: 0
- Is top level: 0
Port [ Return ] is wired: 1; IO mode=ap_ctrl_hs:ce=0
Port [ AXI_video_strm_V_data_V]:  wired=1; compound=1; hidden=0; nouse=0; global=0; static=0; extern=0; dir=0; type=0; pingpong=0; private_global=0; IO mode=axis:ce=0
Port [ AXI_video_strm_V_keep_V]:  wired=1; compound=1; hidden=0; nouse=0; global=0; static=0; extern=0; dir=0; type=0; pingpong=0; private_global=0; IO mode=axis:ce=0
Port [ AXI_video_strm_V_strb_V]:  wired=1; compound=1; hidden=0; nouse=0; global=0; static=0; extern=0; dir=0; type=0; pingpong=0; private_global=0; IO mode=axis:ce=0
Port [ AXI_video_strm_V_user_V]:  wired=1; compound=1; hidden=0; nouse=0; global=0; static=0; extern=0; dir=0; type=0; pingpong=0; private_global=0; IO mode=axis:ce=0
Port [ AXI_video_strm_V_last_V]:  wired=1; compound=1; hidden=0; nouse=0; global=0; static=0; extern=0; dir=0; type=0; pingpong=0; private_global=0; IO mode=axis:ce=0
Port [ AXI_video_strm_V_id_V]:  wired=1; compound=1; hidden=0; nouse=0; global=0; static=0; extern=0; dir=0; type=0; pingpong=0; private_global=0; IO mode=axis:ce=0
Port [ AXI_video_strm_V_dest_V]:  wired=1; compound=1; hidden=0; nouse=0; global=0; static=0; extern=0; dir=0; type=0; pingpong=0; private_global=0; IO mode=axis:ce=0
Port [ img_data_stream_V]:  wired=1; compound=1; hidden=0; nouse=0; global=0; static=0; extern=0; dir=1; type=3; pingpong=0; private_global=0; IO mode=ap_fifo:ce=0
---------------- STG Properties END ------------------

---------------- Datapath Model BEGIN ----------------

<LifeTime>
<method=bitvector/>
StgValue_10  (specinterface    ) [ 0000000000]
StgValue_11  (specinterface    ) [ 0000000000]
StgValue_12  (br               ) [ 0000000000]
StgValue_13  (specloopname     ) [ 0000000000]
tmp          (specregionbegin  ) [ 0000000000]
StgValue_15  (specpipeline     ) [ 0000000000]
StgValue_16  (speclooptripcount) [ 0000000000]
empty        (read             ) [ 0000000000]
tmp_data_V   (extractvalue     ) [ 0001111111]
tmp_user_V   (extractvalue     ) [ 0010000000]
tmp_last_V   (extractvalue     ) [ 0001111111]
empty_24     (specregionend    ) [ 0000000000]
StgValue_22  (br               ) [ 0000000000]
sof_1        (alloca           ) [ 0001111111]
StgValue_24  (store            ) [ 0000000000]
StgValue_25  (br               ) [ 0001111111]
axi_last_V1  (phi              ) [ 0000111000]
axi_data_V1  (phi              ) [ 0000111000]
t_V          (phi              ) [ 0000100000]
exitcond3    (icmp             ) [ 0000111111]
StgValue_30  (speclooptripcount) [ 0000000000]
i_V          (add              ) [ 0001111111]
StgValue_32  (br               ) [ 0000000000]
StgValue_33  (specloopname     ) [ 0000000000]
tmp_s        (specregionbegin  ) [ 0000011111]
StgValue_35  (br               ) [ 0000111111]
StgValue_36  (ret              ) [ 0000000000]
eol_1        (phi              ) [ 0000010110]
axi_data_V_1 (phi              ) [ 0000010110]
t_V_2        (phi              ) [ 0000010000]
eol          (phi              ) [ 0000010110]
exitcond     (icmp             ) [ 0000111111]
StgValue_42  (speclooptripcount) [ 0000000000]
j_V          (add              ) [ 0000111111]
StgValue_44  (br               ) [ 0000000000]
sof_1_load   (load             ) [ 0000000000]
brmerge      (or               ) [ 0000111111]
StgValue_47  (br               ) [ 0000000000]
empty_25     (read             ) [ 0000000000]
tmp_data_V_1 (extractvalue     ) [ 0000000000]
tmp_last_V_1 (extractvalue     ) [ 0000000000]
StgValue_51  (br               ) [ 0000000000]
axi_last_V_2 (phi              ) [ 0000111111]
p_Val2_s     (phi              ) [ 0000111111]
StgValue_54  (store            ) [ 0000000000]
StgValue_55  (specloopname     ) [ 0000000000]
tmp_5        (specregionbegin  ) [ 0000000000]
StgValue_57  (specpipeline     ) [ 0000000000]
StgValue_58  (specloopname     ) [ 0000000000]
tmp_7        (specregionbegin  ) [ 0000000000]
StgValue_60  (specprotocol     ) [ 0000000000]
StgValue_61  (write            ) [ 0000000000]
empty_26     (specregionend    ) [ 0000000000]
empty_27     (specregionend    ) [ 0000000000]
StgValue_64  (br               ) [ 0000111111]
StgValue_65  (br               ) [ 0000111111]
axi_last_V_3 (phi              ) [ 0001100011]
axi_data_V_3 (phi              ) [ 0001100011]
eol_2        (phi              ) [ 0000000010]
StgValue_69  (br               ) [ 0000000000]
StgValue_70  (specloopname     ) [ 0000000000]
tmp_6        (specregionbegin  ) [ 0000000000]
StgValue_72  (specpipeline     ) [ 0000000000]
StgValue_73  (speclooptripcount) [ 0000000000]
empty_28     (read             ) [ 0000000000]
tmp_data_V_2 (extractvalue     ) [ 0000111111]
tmp_last_V_2 (extractvalue     ) [ 0000111111]
empty_29     (specregionend    ) [ 0000000000]
StgValue_78  (br               ) [ 0000111111]
empty_30     (specregionend    ) [ 0000000000]
StgValue_80  (br               ) [ 0001111111]
</LifeTime>

<model>

<comp_list>
<comp id="0" class="1000" name="AXI_video_strm_V_data_V">
<pin_list>
<pin id="1" dir="1" index="0" bw="1" slack="0"/>
</pin_list>
<bind>
<StgValue><ssdm name="AXI_video_strm_V_data_V"/></StgValue>
</bind>
</comp>

<comp id="2" class="1000" name="AXI_video_strm_V_keep_V">
<pin_list>
<pin id="3" dir="1" index="0" bw="1" slack="0"/>
</pin_list>
<bind>
<StgValue><ssdm name="AXI_video_strm_V_keep_V"/></StgValue>
</bind>
</comp>

<comp id="4" class="1000" name="AXI_video_strm_V_strb_V">
<pin_list>
<pin id="5" dir="1" index="0" bw="1" slack="0"/>
</pin_list>
<bind>
<StgValue><ssdm name="AXI_video_strm_V_strb_V"/></StgValue>
</bind>
</comp>

<comp id="6" class="1000" name="AXI_video_strm_V_user_V">
<pin_list>
<pin id="7" dir="1" index="0" bw="1" slack="0"/>
</pin_list>
<bind>
<StgValue><ssdm name="AXI_video_strm_V_user_V"/></StgValue>
</bind>
</comp>

<comp id="8" class="1000" name="AXI_video_strm_V_last_V">
<pin_list>
<pin id="9" dir="1" index="0" bw="1" slack="0"/>
</pin_list>
<bind>
<StgValue><ssdm name="AXI_video_strm_V_last_V"/></StgValue>
</bind>
</comp>

<comp id="10" class="1000" name="AXI_video_strm_V_id_V">
<pin_list>
<pin id="11" dir="1" index="0" bw="1" slack="0"/>
</pin_list>
<bind>
<StgValue><ssdm name="AXI_video_strm_V_id_V"/></StgValue>
</bind>
</comp>

<comp id="12" class="1000" name="AXI_video_strm_V_dest_V">
<pin_list>
<pin id="13" dir="1" index="0" bw="1" slack="0"/>
</pin_list>
<bind>
<StgValue><ssdm name="AXI_video_strm_V_dest_V"/></StgValue>
</bind>
</comp>

<comp id="14" class="1000" name="img_data_stream_V">
<pin_list>
<pin id="15" dir="1" index="0" bw="1" slack="0"/>
</pin_list>
<bind>
<StgValue><ssdm name="img_data_stream_V"/></StgValue>
</bind>
</comp>

<comp id="16" class="1001" name="const_16">
<pin_list>
<pin id="17" dir="1" index="0" bw="1" slack="2147483647"/>
</pin_list>
<bind>
<StgValue><ssdm name="_ssdm_op_SpecInterface"/></StgValue>
</bind>
</comp>

<comp id="18" class="1001" name="const_18">
<pin_list>
<pin id="19" dir="1" index="0" bw="1" slack="2147483647"/>
</pin_list>
<bind>
<StgValue><ssdm name="ap_fifo_str"/></StgValue>
</bind>
</comp>

<comp id="20" class="1001" name="const_20">
<pin_list>
<pin id="21" dir="1" index="0" bw="1" slack="2147483647"/>
</pin_list>
<bind>
<StgValue><ssdm name=""/></StgValue>
</bind>
</comp>

<comp id="22" class="1001" name="const_22">
<pin_list>
<pin id="23" dir="1" index="0" bw="1" slack="2147483647"/>
</pin_list>
<bind>
<StgValue><ssdm name="p_str53"/></StgValue>
</bind>
</comp>

<comp id="24" class="1001" name="const_24">
<pin_list>
<pin id="25" dir="1" index="0" bw="1" slack="2147483647"/>
</pin_list>
<bind>
<StgValue><ssdm name="p_str54"/></StgValue>
</bind>
</comp>

<comp id="26" class="1001" name="const_26">
<pin_list>
<pin id="27" dir="1" index="0" bw="1" slack="2147483647"/>
</pin_list>
<bind>
<StgValue><ssdm name="p_str55"/></StgValue>
</bind>
</comp>

<comp id="28" class="1001" name="const_28">
<pin_list>
<pin id="29" dir="1" index="0" bw="1" slack="2147483647"/>
</pin_list>
<bind>
<StgValue><ssdm name="p_str56"/></StgValue>
</bind>
</comp>

<comp id="30" class="1001" name="const_30">
<pin_list>
<pin id="31" dir="1" index="0" bw="1" slack="2147483647"/>
</pin_list>
<bind>
<StgValue><ssdm name=""/></StgValue>
</bind>
</comp>

<comp id="32" class="1001" name="const_32">
<pin_list>
<pin id="33" dir="1" index="0" bw="1" slack="2147483647"/>
</pin_list>
<bind>
<StgValue><ssdm name=""/></StgValue>
</bind>
</comp>

<comp id="34" class="1001" name="const_34">
<pin_list>
<pin id="35" dir="1" index="0" bw="1" slack="2147483647"/>
</pin_list>
<bind>
<StgValue><ssdm name="p_str57"/></StgValue>
</bind>
</comp>

<comp id="36" class="1001" name="const_36">
<pin_list>
<pin id="37" dir="1" index="0" bw="1" slack="2147483647"/>
</pin_list>
<bind>
<StgValue><ssdm name="p_str58"/></StgValue>
</bind>
</comp>

<comp id="38" class="1001" name="const_38">
<pin_list>
<pin id="39" dir="1" index="0" bw="1" slack="2147483647"/>
</pin_list>
<bind>
<StgValue><ssdm name="p_str4"/></StgValue>
</bind>
</comp>

<comp id="40" class="1001" name="const_40">
<pin_list>
<pin id="41" dir="1" index="0" bw="1" slack="0"/>
</pin_list>
<bind>
<StgValue><ssdm name=""/></StgValue>
</bind>
</comp>

<comp id="42" class="1001" name="const_42">
<pin_list>
<pin id="43" dir="1" index="0" bw="1" slack="2147483647"/>
</pin_list>
<bind>
<StgValue><ssdm name="p_str5"/></StgValue>
</bind>
</comp>

<comp id="44" class="1001" name="const_44">
<pin_list>
<pin id="45" dir="1" index="0" bw="1" slack="2147483647"/>
</pin_list>
<bind>
<StgValue><ssdm name="p_str3"/></StgValue>
</bind>
</comp>

<comp id="46" class="1001" name="const_46">
<pin_list>
<pin id="47" dir="1" index="0" bw="1" slack="2147483647"/>
</pin_list>
<bind>
<StgValue><ssdm name="_ssdm_op_SpecLoopName"/></StgValue>
</bind>
</comp>

<comp id="48" class="1001" name="const_48">
<pin_list>
<pin id="49" dir="1" index="0" bw="1" slack="2147483647"/>
</pin_list>
<bind>
<StgValue><ssdm name="p_str18"/></StgValue>
</bind>
</comp>

<comp id="50" class="1001" name="const_50">
<pin_list>
<pin id="51" dir="1" index="0" bw="1" slack="2147483647"/>
</pin_list>
<bind>
<StgValue><ssdm name="_ssdm_op_SpecRegionBegin"/></StgValue>
</bind>
</comp>

<comp id="52" class="1001" name="const_52">
<pin_list>
<pin id="53" dir="1" index="0" bw="1" slack="2147483647"/>
</pin_list>
<bind>
<StgValue><ssdm name="_ssdm_op_SpecPipeline"/></StgValue>
</bind>
</comp>

<comp id="54" class="1001" name="const_54">
<pin_list>
<pin id="55" dir="1" index="0" bw="1" slack="2147483647"/>
</pin_list>
<bind>
<StgValue><ssdm name="_ssdm_op_SpecLoopTripCount"/></StgValue>
</bind>
</comp>

<comp id="56" class="1001" name="const_56">
<pin_list>
<pin id="57" dir="1" index="0" bw="1" slack="0"/>
</pin_list>
<bind>
<StgValue><ssdm name="_ssdm_op_Read.axis.volatile.i8P.i1P.i1P.i1P.i1P.i1P.i1P"/></StgValue>
</bind>
</comp>

<comp id="58" class="1001" name="const_58">
<pin_list>
<pin id="59" dir="1" index="0" bw="1" slack="2147483647"/>
</pin_list>
<bind>
<StgValue><ssdm name="_ssdm_op_SpecRegionEnd"/></StgValue>
</bind>
</comp>

<comp id="60" class="1001" name="const_60">
<pin_list>
<pin id="61" dir="1" index="0" bw="1" slack="0"/>
</pin_list>
<bind>
<StgValue><ssdm name=""/></StgValue>
</bind>
</comp>

<comp id="62" class="1001" name="const_62">
<pin_list>
<pin id="63" dir="1" index="0" bw="1" slack="1"/>
</pin_list>
<bind>
<StgValue><ssdm name=""/></StgValue>
</bind>
</comp>

<comp id="64" class="1001" name="const_64">
<pin_list>
<pin id="65" dir="1" index="0" bw="1" slack="0"/>
</pin_list>
<bind>
<StgValue><ssdm name=""/></StgValue>
</bind>
</comp>

<comp id="66" class="1001" name="const_66">
<pin_list>
<pin id="67" dir="1" index="0" bw="1" slack="2147483647"/>
</pin_list>
<bind>
<StgValue><ssdm name=""/></StgValue>
</bind>
</comp>

<comp id="68" class="1001" name="const_68">
<pin_list>
<pin id="69" dir="1" index="0" bw="1" slack="0"/>
</pin_list>
<bind>
<StgValue><ssdm name=""/></StgValue>
</bind>
</comp>

<comp id="70" class="1001" name="const_70">
<pin_list>
<pin id="71" dir="1" index="0" bw="1" slack="2147483647"/>
</pin_list>
<bind>
<StgValue><ssdm name="p_str13"/></StgValue>
</bind>
</comp>

<comp id="72" class="1001" name="const_72">
<pin_list>
<pin id="73" dir="1" index="0" bw="1" slack="1"/>
</pin_list>
<bind>
<StgValue><ssdm name=""/></StgValue>
</bind>
</comp>

<comp id="74" class="1001" name="const_74">
<pin_list>
<pin id="75" dir="1" index="0" bw="1" slack="0"/>
</pin_list>
<bind>
<StgValue><ssdm name=""/></StgValue>
</bind>
</comp>

<comp id="76" class="1001" name="const_76">
<pin_list>
<pin id="77" dir="1" index="0" bw="1" slack="0"/>
</pin_list>
<bind>
<StgValue><ssdm name=""/></StgValue>
</bind>
</comp>

<comp id="78" class="1001" name="const_78">
<pin_list>
<pin id="79" dir="1" index="0" bw="1" slack="2147483647"/>
</pin_list>
<bind>
<StgValue><ssdm name=""/></StgValue>
</bind>
</comp>

<comp id="80" class="1001" name="const_80">
<pin_list>
<pin id="81" dir="1" index="0" bw="1" slack="0"/>
</pin_list>
<bind>
<StgValue><ssdm name=""/></StgValue>
</bind>
</comp>

<comp id="82" class="1001" name="const_82">
<pin_list>
<pin id="83" dir="1" index="0" bw="1" slack="2147483647"/>
</pin_list>
<bind>
<StgValue><ssdm name="p_str14"/></StgValue>
</bind>
</comp>

<comp id="84" class="1001" name="const_84">
<pin_list>
<pin id="85" dir="1" index="0" bw="1" slack="2147483647"/>
</pin_list>
<bind>
<StgValue><ssdm name="p_str15"/></StgValue>
</bind>
</comp>

<comp id="86" class="1001" name="const_86">
<pin_list>
<pin id="87" dir="1" index="0" bw="1" slack="2147483647"/>
</pin_list>
<bind>
<StgValue><ssdm name="p_str26"/></StgValue>
</bind>
</comp>

<comp id="88" class="1001" name="const_88">
<pin_list>
<pin id="89" dir="1" index="0" bw="1" slack="2147483647"/>
</pin_list>
<bind>
<StgValue><ssdm name="_ssdm_op_SpecProtocol"/></StgValue>
</bind>
</comp>

<comp id="90" class="1001" name="const_90">
<pin_list>
<pin id="91" dir="1" index="0" bw="1" slack="0"/>
</pin_list>
<bind>
<StgValue><ssdm name="_ssdm_op_Write.ap_fifo.volatile.i8P"/></StgValue>
</bind>
</comp>

<comp id="92" class="1001" name="const_92">
<pin_list>
<pin id="93" dir="1" index="0" bw="1" slack="2147483647"/>
</pin_list>
<bind>
<StgValue><ssdm name="p_str19"/></StgValue>
</bind>
</comp>

<comp id="94" class="1004" name="sof_1_fu_94">
<pin_list>
<pin id="95" dir="0" index="0" bw="1" slack="0"/>
<pin id="96" dir="1" index="1" bw="1" slack="0"/>
</pin_list>
<bind>
<opcode="alloca(26) " fcode="alloca"/>
<opset="sof_1/3 "/>
</bind>
</comp>

<comp id="98" class="1004" name="grp_read_fu_98">
<pin_list>
<pin id="99" dir="0" index="0" bw="14" slack="0"/>
<pin id="100" dir="0" index="1" bw="8" slack="0"/>
<pin id="101" dir="0" index="2" bw="1" slack="0"/>
<pin id="102" dir="0" index="3" bw="1" slack="0"/>
<pin id="103" dir="0" index="4" bw="1" slack="0"/>
<pin id="104" dir="0" index="5" bw="1" slack="0"/>
<pin id="105" dir="0" index="6" bw="1" slack="0"/>
<pin id="106" dir="0" index="7" bw="1" slack="0"/>
<pin id="107" dir="1" index="8" bw="14" slack="0"/>
</pin_list>
<bind>
<opcode="read(1150) " fcode="read"/>
<opset="empty/2 empty_25/5 empty_28/8 "/>
</bind>
</comp>

<comp id="116" class="1004" name="StgValue_61_write_fu_116">
<pin_list>
<pin id="117" dir="0" index="0" bw="0" slack="0"/>
<pin id="118" dir="0" index="1" bw="8" slack="0"/>
<pin id="119" dir="0" index="2" bw="8" slack="1"/>
<pin id="120" dir="1" index="3" bw="0" slack="2147483647"/>
</pin_list>
<bind>
<opcode="write(1151) " fcode="write"/>
<opset="StgValue_61/6 "/>
</bind>
</comp>

<comp id="123" class="1005" name="axi_last_V1_reg_123">
<pin_list>
<pin id="124" dir="0" index="0" bw="1" slack="1"/>
<pin id="125" dir="1" index="1" bw="1" slack="1"/>
</pin_list>
<bind>
<opset="axi_last_V1 (phireg) "/>
</bind>
</comp>

<comp id="126" class="1004" name="axi_last_V1_phi_fu_126">
<pin_list>
<pin id="127" dir="0" index="0" bw="1" slack="1"/>
<pin id="128" dir="0" index="1" bw="0" slack="2147483647"/>
<pin id="129" dir="0" index="2" bw="1" slack="2"/>
<pin id="130" dir="0" index="3" bw="0" slack="2147483647"/>
<pin id="131" dir="1" index="4" bw="1" slack="1"/>
</pin_list>
<bind>
<opcode="phi(47) " fcode="phi"/>
<opset="axi_last_V1/4 "/>
</bind>
</comp>

<comp id="133" class="1005" name="axi_data_V1_reg_133">
<pin_list>
<pin id="134" dir="0" index="0" bw="8" slack="1"/>
<pin id="135" dir="1" index="1" bw="8" slack="1"/>
</pin_list>
<bind>
<opset="axi_data_V1 (phireg) "/>
</bind>
</comp>

<comp id="136" class="1004" name="axi_data_V1_phi_fu_136">
<pin_list>
<pin id="137" dir="0" index="0" bw="8" slack="1"/>
<pin id="138" dir="0" index="1" bw="0" slack="2147483647"/>
<pin id="139" dir="0" index="2" bw="8" slack="2"/>
<pin id="140" dir="0" index="3" bw="0" slack="2147483647"/>
<pin id="141" dir="1" index="4" bw="8" slack="1"/>
</pin_list>
<bind>
<opcode="phi(47) " fcode="phi"/>
<opset="axi_data_V1/4 "/>
</bind>
</comp>

<comp id="143" class="1005" name="t_V_reg_143">
<pin_list>
<pin id="144" dir="0" index="0" bw="10" slack="1"/>
<pin id="145" dir="1" index="1" bw="10" slack="1"/>
</pin_list>
<bind>
<opset="t_V (phireg) "/>
</bind>
</comp>

<comp id="147" class="1004" name="t_V_phi_fu_147">
<pin_list>
<pin id="148" dir="0" index="0" bw="10" slack="0"/>
<pin id="149" dir="0" index="1" bw="0" slack="2147483647"/>
<pin id="150" dir="0" index="2" bw="1" slack="1"/>
<pin id="151" dir="0" index="3" bw="0" slack="2147483647"/>
<pin id="152" dir="1" index="4" bw="10" slack="0"/>
</pin_list>
<bind>
<opcode="phi(47) " fcode="phi"/>
<opset="t_V/4 "/>
</bind>
</comp>

<comp id="154" class="1005" name="eol_1_reg_154">
<pin_list>
<pin id="155" dir="0" index="0" bw="1" slack="2"/>
<pin id="156" dir="1" index="1" bw="1" slack="2"/>
</pin_list>
<bind>
<opset="eol_1 (phireg) "/>
</bind>
</comp>

<comp id="157" class="1004" name="eol_1_phi_fu_157">
<pin_list>
<pin id="158" dir="0" index="0" bw="1" slack="1"/>
<pin id="159" dir="0" index="1" bw="0" slack="2147483647"/>
<pin id="160" dir="0" index="2" bw="1" slack="0"/>
<pin id="161" dir="0" index="3" bw="0" slack="2147483647"/>
<pin id="162" dir="1" index="4" bw="1" slack="0"/>
</pin_list>
<bind>
<opcode="phi(47) " fcode="phi"/>
<opset="eol_1/5 "/>
</bind>
</comp>

<comp id="165" class="1005" name="axi_data_V_1_reg_165">
<pin_list>
<pin id="166" dir="0" index="0" bw="8" slack="2"/>
<pin id="167" dir="1" index="1" bw="8" slack="2"/>
</pin_list>
<bind>
<opset="axi_data_V_1 (phireg) "/>
</bind>
</comp>

<comp id="168" class="1004" name="axi_data_V_1_phi_fu_168">
<pin_list>
<pin id="169" dir="0" index="0" bw="8" slack="1"/>
<pin id="170" dir="0" index="1" bw="0" slack="2147483647"/>
<pin id="171" dir="0" index="2" bw="8" slack="0"/>
<pin id="172" dir="0" index="3" bw="0" slack="2147483647"/>
<pin id="173" dir="1" index="4" bw="8" slack="0"/>
</pin_list>
<bind>
<opcode="phi(47) " fcode="phi"/>
<opset="axi_data_V_1/5 "/>
</bind>
</comp>

<comp id="176" class="1005" name="t_V_2_reg_176">
<pin_list>
<pin id="177" dir="0" index="0" bw="11" slack="1"/>
<pin id="178" dir="1" index="1" bw="11" slack="1"/>
</pin_list>
<bind>
<opset="t_V_2 (phireg) "/>
</bind>
</comp>

<comp id="180" class="1004" name="t_V_2_phi_fu_180">
<pin_list>
<pin id="181" dir="0" index="0" bw="1" slack="1"/>
<pin id="182" dir="0" index="1" bw="0" slack="2147483647"/>
<pin id="183" dir="0" index="2" bw="11" slack="0"/>
<pin id="184" dir="0" index="3" bw="0" slack="2147483647"/>
<pin id="185" dir="1" index="4" bw="11" slack="0"/>
</pin_list>
<bind>
<opcode="phi(47) " fcode="phi"/>
<opset="t_V_2/5 "/>
</bind>
</comp>

<comp id="187" class="1005" name="eol_reg_187">
<pin_list>
<pin id="188" dir="0" index="0" bw="1" slack="1"/>
<pin id="189" dir="1" index="1" bw="1" slack="1"/>
</pin_list>
<bind>
<opset="eol (phireg) "/>
</bind>
</comp>

<comp id="191" class="1004" name="eol_phi_fu_191">
<pin_list>
<pin id="192" dir="0" index="0" bw="1" slack="1"/>
<pin id="193" dir="0" index="1" bw="0" slack="2147483647"/>
<pin id="194" dir="0" index="2" bw="1" slack="0"/>
<pin id="195" dir="0" index="3" bw="0" slack="2147483647"/>
<pin id="196" dir="1" index="4" bw="1" slack="0"/>
</pin_list>
<bind>
<opcode="phi(47) " fcode="phi"/>
<opset="eol/5 "/>
</bind>
</comp>

<comp id="199" class="1005" name="axi_last_V_2_reg_199">
<pin_list>
<pin id="200" dir="0" index="0" bw="1" slack="0"/>
<pin id="201" dir="1" index="1" bw="1" slack="0"/>
</pin_list>
<bind>
<opset="axi_last_V_2 (phireg) "/>
</bind>
</comp>

<comp id="204" class="1004" name="axi_last_V_2_phi_fu_204">
<pin_list>
<pin id="205" dir="0" index="0" bw="1" slack="0"/>
<pin id="206" dir="0" index="1" bw="0" slack="2147483647"/>
<pin id="207" dir="0" index="2" bw="1" slack="0"/>
<pin id="208" dir="0" index="3" bw="0" slack="2147483647"/>
<pin id="209" dir="1" index="4" bw="1" slack="0"/>
</pin_list>
<bind>
<opcode="phi(47) " fcode="phi"/>
<opset="axi_last_V_2/5 "/>
</bind>
</comp>

<comp id="212" class="1005" name="p_Val2_s_reg_212">
<pin_list>
<pin id="213" dir="0" index="0" bw="8" slack="0"/>
<pin id="214" dir="1" index="1" bw="8" slack="0"/>
</pin_list>
<bind>
<opset="p_Val2_s (phireg) "/>
</bind>
</comp>

<comp id="217" class="1004" name="p_Val2_s_phi_fu_217">
<pin_list>
<pin id="218" dir="0" index="0" bw="8" slack="0"/>
<pin id="219" dir="0" index="1" bw="0" slack="2147483647"/>
<pin id="220" dir="0" index="2" bw="8" slack="0"/>
<pin id="221" dir="0" index="3" bw="0" slack="2147483647"/>
<pin id="222" dir="1" index="4" bw="8" slack="0"/>
</pin_list>
<bind>
<opcode="phi(47) " fcode="phi"/>
<opset="p_Val2_s/5 "/>
</bind>
</comp>

<comp id="225" class="1005" name="axi_last_V_3_reg_225">
<pin_list>
<pin id="226" dir="0" index="0" bw="1" slack="1"/>
<pin id="227" dir="1" index="1" bw="1" slack="1"/>
</pin_list>
<bind>
<opset="axi_last_V_3 (phireg) "/>
</bind>
</comp>

<comp id="229" class="1004" name="axi_last_V_3_phi_fu_229">
<pin_list>
<pin id="230" dir="0" index="0" bw="1" slack="0"/>
<pin id="231" dir="0" index="1" bw="0" slack="2147483647"/>
<pin id="232" dir="0" index="2" bw="1" slack="2"/>
<pin id="233" dir="0" index="3" bw="0" slack="2147483647"/>
<pin id="234" dir="1" index="4" bw="1" slack="1"/>
</pin_list>
<bind>
<opcode="phi(47) " fcode="phi"/>
<opset="axi_last_V_3/8 "/>
</bind>
</comp>

<comp id="237" class="1005" name="axi_data_V_3_reg_237">
<pin_list>
<pin id="238" dir="0" index="0" bw="8" slack="1"/>
<pin id="239" dir="1" index="1" bw="8" slack="1"/>
</pin_list>
<bind>
<opset="axi_data_V_3 (phireg) "/>
</bind>
</comp>

<comp id="241" class="1004" name="axi_data_V_3_phi_fu_241">
<pin_list>
<pin id="242" dir="0" index="0" bw="8" slack="0"/>
<pin id="243" dir="0" index="1" bw="0" slack="2147483647"/>
<pin id="244" dir="0" index="2" bw="8" slack="2"/>
<pin id="245" dir="0" index="3" bw="0" slack="2147483647"/>
<pin id="246" dir="1" index="4" bw="8" slack="1"/>
</pin_list>
<bind>
<opcode="phi(47) " fcode="phi"/>
<opset="axi_data_V_3/8 "/>
</bind>
</comp>

<comp id="249" class="1005" name="eol_2_reg_249">
<pin_list>
<pin id="250" dir="0" index="0" bw="1" slack="2147483647"/>
<pin id="251" dir="1" index="1" bw="1" slack="2147483647"/>
</pin_list>
<bind>
<opset="eol_2 (phireg) "/>
</bind>
</comp>

<comp id="252" class="1004" name="eol_2_phi_fu_252">
<pin_list>
<pin id="253" dir="0" index="0" bw="1" slack="0"/>
<pin id="254" dir="0" index="1" bw="0" slack="2147483647"/>
<pin id="255" dir="0" index="2" bw="1" slack="2"/>
<pin id="256" dir="0" index="3" bw="0" slack="2147483647"/>
<pin id="257" dir="1" index="4" bw="1" slack="2147483647"/>
</pin_list>
<bind>
<opcode="phi(47) " fcode="phi"/>
<opset="eol_2/8 "/>
</bind>
</comp>

<comp id="259" class="1004" name="grp_fu_259">
<pin_list>
<pin id="260" dir="0" index="0" bw="14" slack="0"/>
<pin id="261" dir="1" index="1" bw="8" slack="0"/>
</pin_list>
<bind>
<opcode="extractvalue(56) " fcode="extractvalue"/>
<opset="tmp_data_V/2 tmp_data_V_1/5 tmp_data_V_2/8 "/>
</bind>
</comp>

<comp id="264" class="1004" name="grp_fu_264">
<pin_list>
<pin id="265" dir="0" index="0" bw="14" slack="0"/>
<pin id="266" dir="1" index="1" bw="1" slack="0"/>
</pin_list>
<bind>
<opcode="extractvalue(56) " fcode="extractvalue"/>
<opset="tmp_last_V/2 tmp_last_V_1/5 tmp_last_V_2/8 "/>
</bind>
</comp>

<comp id="269" class="1004" name="tmp_user_V_fu_269">
<pin_list>
<pin id="270" dir="0" index="0" bw="14" slack="0"/>
<pin id="271" dir="1" index="1" bw="1" slack="2147483647"/>
</pin_list>
<bind>
<opcode="extractvalue(56) " fcode="extractvalue"/>
<opset="tmp_user_V/2 "/>
</bind>
</comp>

<comp id="273" class="1004" name="StgValue_24_store_fu_273">
<pin_list>
<pin id="274" dir="0" index="0" bw="1" slack="0"/>
<pin id="275" dir="0" index="1" bw="1" slack="0"/>
<pin id="276" dir="1" index="2" bw="0" slack="2147483647"/>
</pin_list>
<bind>
<opcode="store(28) " fcode="store"/>
<opset="StgValue_24/3 "/>
</bind>
</comp>

<comp id="278" class="1004" name="exitcond3_fu_278">
<pin_list>
<pin id="279" dir="0" index="0" bw="10" slack="0"/>
<pin id="280" dir="0" index="1" bw="10" slack="0"/>
<pin id="281" dir="1" index="2" bw="1" slack="1"/>
</pin_list>
<bind>
<opcode="icmp(45) " fcode="icmp"/>
<opset="exitcond3/4 "/>
</bind>
</comp>

<comp id="284" class="1004" name="i_V_fu_284">
<pin_list>
<pin id="285" dir="0" index="0" bw="10" slack="0"/>
<pin id="286" dir="0" index="1" bw="1" slack="0"/>
<pin id="287" dir="1" index="2" bw="10" slack="0"/>
</pin_list>
<bind>
<opcode="add(8) " fcode="add"/>
<opset="i_V/4 "/>
</bind>
</comp>

<comp id="290" class="1004" name="exitcond_fu_290">
<pin_list>
<pin id="291" dir="0" index="0" bw="11" slack="0"/>
<pin id="292" dir="0" index="1" bw="11" slack="0"/>
<pin id="293" dir="1" index="2" bw="1" slack="1"/>
</pin_list>
<bind>
<opcode="icmp(45) " fcode="icmp"/>
<opset="exitcond/5 "/>
</bind>
</comp>

<comp id="296" class="1004" name="j_V_fu_296">
<pin_list>
<pin id="297" dir="0" index="0" bw="11" slack="0"/>
<pin id="298" dir="0" index="1" bw="1" slack="0"/>
<pin id="299" dir="1" index="2" bw="11" slack="0"/>
</pin_list>
<bind>
<opcode="add(8) " fcode="add"/>
<opset="j_V/5 "/>
</bind>
</comp>

<comp id="302" class="1004" name="sof_1_load_load_fu_302">
<pin_list>
<pin id="303" dir="0" index="0" bw="1" slack="2"/>
<pin id="304" dir="1" index="1" bw="1" slack="0"/>
</pin_list>
<bind>
<opcode="load(27) " fcode="load"/>
<opset="sof_1_load/5 "/>
</bind>
</comp>

<comp id="305" class="1004" name="brmerge_fu_305">
<pin_list>
<pin id="306" dir="0" index="0" bw="1" slack="0"/>
<pin id="307" dir="0" index="1" bw="1" slack="0"/>
<pin id="308" dir="1" index="2" bw="1" slack="1"/>
</pin_list>
<bind>
<opcode="or(24) " fcode="or"/>
<opset="brmerge/5 "/>
</bind>
</comp>

<comp id="311" class="1004" name="StgValue_54_store_fu_311">
<pin_list>
<pin id="312" dir="0" index="0" bw="1" slack="0"/>
<pin id="313" dir="0" index="1" bw="1" slack="2"/>
<pin id="314" dir="1" index="2" bw="0" slack="2147483647"/>
</pin_list>
<bind>
<opcode="store(28) " fcode="store"/>
<opset="StgValue_54/5 "/>
</bind>
</comp>

<comp id="316" class="1005" name="tmp_data_V_reg_316">
<pin_list>
<pin id="317" dir="0" index="0" bw="8" slack="2"/>
<pin id="318" dir="1" index="1" bw="8" slack="2"/>
</pin_list>
<bind>
<opset="tmp_data_V "/>
</bind>
</comp>

<comp id="324" class="1005" name="tmp_last_V_reg_324">
<pin_list>
<pin id="325" dir="0" index="0" bw="1" slack="2"/>
<pin id="326" dir="1" index="1" bw="1" slack="2"/>
</pin_list>
<bind>
<opset="tmp_last_V "/>
</bind>
</comp>

<comp id="329" class="1005" name="sof_1_reg_329">
<pin_list>
<pin id="330" dir="0" index="0" bw="1" slack="0"/>
<pin id="331" dir="1" index="1" bw="1" slack="0"/>
</pin_list>
<bind>
<opset="sof_1 "/>
</bind>
</comp>

<comp id="336" class="1005" name="exitcond3_reg_336">
<pin_list>
<pin id="337" dir="0" index="0" bw="1" slack="1"/>
<pin id="338" dir="1" index="1" bw="1" slack="2147483647"/>
</pin_list>
<bind>
<opset="exitcond3 "/>
</bind>
</comp>

<comp id="340" class="1005" name="i_V_reg_340">
<pin_list>
<pin id="341" dir="0" index="0" bw="10" slack="0"/>
<pin id="342" dir="1" index="1" bw="10" slack="0"/>
</pin_list>
<bind>
<opset="i_V "/>
</bind>
</comp>

<comp id="345" class="1005" name="exitcond_reg_345">
<pin_list>
<pin id="346" dir="0" index="0" bw="1" slack="1"/>
<pin id="347" dir="1" index="1" bw="1" slack="2147483647"/>
</pin_list>
<bind>
<opset="exitcond "/>
</bind>
</comp>

<comp id="349" class="1005" name="j_V_reg_349">
<pin_list>
<pin id="350" dir="0" index="0" bw="11" slack="0"/>
<pin id="351" dir="1" index="1" bw="11" slack="0"/>
</pin_list>
<bind>
<opset="j_V "/>
</bind>
</comp>

<comp id="354" class="1005" name="brmerge_reg_354">
<pin_list>
<pin id="355" dir="0" index="0" bw="1" slack="1"/>
<pin id="356" dir="1" index="1" bw="1" slack="2147483647"/>
</pin_list>
<bind>
<opset="brmerge "/>
</bind>
</comp>

<comp id="358" class="1005" name="tmp_data_V_2_reg_358">
<pin_list>
<pin id="359" dir="0" index="0" bw="8" slack="0"/>
<pin id="360" dir="1" index="1" bw="8" slack="0"/>
</pin_list>
<bind>
<opset="tmp_data_V_2 "/>
</bind>
</comp>

<comp id="363" class="1005" name="tmp_last_V_2_reg_363">
<pin_list>
<pin id="364" dir="0" index="0" bw="1" slack="0"/>
<pin id="365" dir="1" index="1" bw="1" slack="0"/>
</pin_list>
<bind>
<opset="tmp_last_V_2 "/>
</bind>
</comp>

</comp_list>

<net_list>
<net id="97"><net_src comp="40" pin="0"/><net_sink comp="94" pin=0"/></net>

<net id="108"><net_src comp="56" pin="0"/><net_sink comp="98" pin=0"/></net>

<net id="109"><net_src comp="0" pin="0"/><net_sink comp="98" pin=1"/></net>

<net id="110"><net_src comp="2" pin="0"/><net_sink comp="98" pin=2"/></net>

<net id="111"><net_src comp="4" pin="0"/><net_sink comp="98" pin=3"/></net>

<net id="112"><net_src comp="6" pin="0"/><net_sink comp="98" pin=4"/></net>

<net id="113"><net_src comp="8" pin="0"/><net_sink comp="98" pin=5"/></net>

<net id="114"><net_src comp="10" pin="0"/><net_sink comp="98" pin=6"/></net>

<net id="115"><net_src comp="12" pin="0"/><net_sink comp="98" pin=7"/></net>

<net id="121"><net_src comp="90" pin="0"/><net_sink comp="116" pin=0"/></net>

<net id="122"><net_src comp="14" pin="0"/><net_sink comp="116" pin=1"/></net>

<net id="132"><net_src comp="126" pin="4"/><net_sink comp="123" pin=0"/></net>

<net id="142"><net_src comp="136" pin="4"/><net_sink comp="133" pin=0"/></net>

<net id="146"><net_src comp="62" pin="0"/><net_sink comp="143" pin=0"/></net>

<net id="153"><net_src comp="143" pin="1"/><net_sink comp="147" pin=2"/></net>

<net id="163"><net_src comp="123" pin="1"/><net_sink comp="157" pin=0"/></net>

<net id="164"><net_src comp="157" pin="4"/><net_sink comp="154" pin=0"/></net>

<net id="174"><net_src comp="133" pin="1"/><net_sink comp="168" pin=0"/></net>

<net id="175"><net_src comp="168" pin="4"/><net_sink comp="165" pin=0"/></net>

<net id="179"><net_src comp="72" pin="0"/><net_sink comp="176" pin=0"/></net>

<net id="186"><net_src comp="176" pin="1"/><net_sink comp="180" pin=0"/></net>

<net id="190"><net_src comp="74" pin="0"/><net_sink comp="187" pin=0"/></net>

<net id="197"><net_src comp="187" pin="1"/><net_sink comp="191" pin=0"/></net>

<net id="198"><net_src comp="191" pin="4"/><net_sink comp="187" pin=0"/></net>

<net id="202"><net_src comp="199" pin="1"/><net_sink comp="157" pin=2"/></net>

<net id="203"><net_src comp="199" pin="1"/><net_sink comp="191" pin=2"/></net>

<net id="210"><net_src comp="157" pin="4"/><net_sink comp="204" pin=2"/></net>

<net id="211"><net_src comp="204" pin="4"/><net_sink comp="199" pin=0"/></net>

<net id="215"><net_src comp="212" pin="1"/><net_sink comp="168" pin=2"/></net>

<net id="216"><net_src comp="212" pin="1"/><net_sink comp="116" pin=2"/></net>

<net id="223"><net_src comp="168" pin="4"/><net_sink comp="217" pin=2"/></net>

<net id="224"><net_src comp="217" pin="4"/><net_sink comp="212" pin=0"/></net>

<net id="228"><net_src comp="225" pin="1"/><net_sink comp="126" pin=0"/></net>

<net id="235"><net_src comp="154" pin="1"/><net_sink comp="229" pin=2"/></net>

<net id="236"><net_src comp="229" pin="4"/><net_sink comp="225" pin=0"/></net>

<net id="240"><net_src comp="237" pin="1"/><net_sink comp="136" pin=0"/></net>

<net id="247"><net_src comp="165" pin="1"/><net_sink comp="241" pin=2"/></net>

<net id="248"><net_src comp="241" pin="4"/><net_sink comp="237" pin=0"/></net>

<net id="258"><net_src comp="187" pin="1"/><net_sink comp="252" pin=2"/></net>

<net id="262"><net_src comp="98" pin="8"/><net_sink comp="259" pin=0"/></net>

<net id="263"><net_src comp="259" pin="1"/><net_sink comp="217" pin=0"/></net>

<net id="267"><net_src comp="98" pin="8"/><net_sink comp="264" pin=0"/></net>

<net id="268"><net_src comp="264" pin="1"/><net_sink comp="204" pin=0"/></net>

<net id="272"><net_src comp="98" pin="8"/><net_sink comp="269" pin=0"/></net>

<net id="277"><net_src comp="60" pin="0"/><net_sink comp="273" pin=0"/></net>

<net id="282"><net_src comp="147" pin="4"/><net_sink comp="278" pin=0"/></net>

<net id="283"><net_src comp="64" pin="0"/><net_sink comp="278" pin=1"/></net>

<net id="288"><net_src comp="147" pin="4"/><net_sink comp="284" pin=0"/></net>

<net id="289"><net_src comp="68" pin="0"/><net_sink comp="284" pin=1"/></net>

<net id="294"><net_src comp="180" pin="4"/><net_sink comp="290" pin=0"/></net>

<net id="295"><net_src comp="76" pin="0"/><net_sink comp="290" pin=1"/></net>

<net id="300"><net_src comp="180" pin="4"/><net_sink comp="296" pin=0"/></net>

<net id="301"><net_src comp="80" pin="0"/><net_sink comp="296" pin=1"/></net>

<net id="309"><net_src comp="302" pin="1"/><net_sink comp="305" pin=0"/></net>

<net id="310"><net_src comp="191" pin="4"/><net_sink comp="305" pin=1"/></net>

<net id="315"><net_src comp="74" pin="0"/><net_sink comp="311" pin=0"/></net>

<net id="319"><net_src comp="259" pin="1"/><net_sink comp="316" pin=0"/></net>

<net id="320"><net_src comp="316" pin="1"/><net_sink comp="136" pin=2"/></net>

<net id="327"><net_src comp="264" pin="1"/><net_sink comp="324" pin=0"/></net>

<net id="328"><net_src comp="324" pin="1"/><net_sink comp="126" pin=2"/></net>

<net id="332"><net_src comp="94" pin="1"/><net_sink comp="329" pin=0"/></net>

<net id="333"><net_src comp="329" pin="1"/><net_sink comp="273" pin=1"/></net>

<net id="334"><net_src comp="329" pin="1"/><net_sink comp="302" pin=0"/></net>

<net id="335"><net_src comp="329" pin="1"/><net_sink comp="311" pin=1"/></net>

<net id="339"><net_src comp="278" pin="2"/><net_sink comp="336" pin=0"/></net>

<net id="343"><net_src comp="284" pin="2"/><net_sink comp="340" pin=0"/></net>

<net id="344"><net_src comp="340" pin="1"/><net_sink comp="147" pin=0"/></net>

<net id="348"><net_src comp="290" pin="2"/><net_sink comp="345" pin=0"/></net>

<net id="352"><net_src comp="296" pin="2"/><net_sink comp="349" pin=0"/></net>

<net id="353"><net_src comp="349" pin="1"/><net_sink comp="180" pin=2"/></net>

<net id="357"><net_src comp="305" pin="2"/><net_sink comp="354" pin=0"/></net>

<net id="361"><net_src comp="259" pin="1"/><net_sink comp="358" pin=0"/></net>

<net id="362"><net_src comp="358" pin="1"/><net_sink comp="241" pin=0"/></net>

<net id="366"><net_src comp="264" pin="1"/><net_sink comp="363" pin=0"/></net>

<net id="367"><net_src comp="363" pin="1"/><net_sink comp="229" pin=0"/></net>

<net id="368"><net_src comp="363" pin="1"/><net_sink comp="252" pin=0"/></net>

</net_list>

</model> 
---------------- Datapath Model END ------------------

* FSMD analyzer results:
  - Output states:
	Port: AXI_video_strm_V_data_V | {}
	Port: AXI_video_strm_V_keep_V | {}
	Port: AXI_video_strm_V_strb_V | {}
	Port: AXI_video_strm_V_user_V | {}
	Port: AXI_video_strm_V_last_V | {}
	Port: AXI_video_strm_V_id_V | {}
	Port: AXI_video_strm_V_dest_V | {}
	Port: img_data_stream_V | {6 }
 - Input state : 
	Port: AXIvideo2Mat : AXI_video_strm_V_data_V | {2 5 8 }
	Port: AXIvideo2Mat : AXI_video_strm_V_keep_V | {2 5 8 }
	Port: AXIvideo2Mat : AXI_video_strm_V_strb_V | {2 5 8 }
	Port: AXIvideo2Mat : AXI_video_strm_V_user_V | {2 5 8 }
	Port: AXIvideo2Mat : AXI_video_strm_V_last_V | {2 5 8 }
	Port: AXIvideo2Mat : AXI_video_strm_V_id_V | {2 5 8 }
	Port: AXIvideo2Mat : AXI_video_strm_V_dest_V | {2 5 8 }
  - Chain level:
	State 1
	State 2
		empty_24 : 1
		StgValue_22 : 1
	State 3
		StgValue_24 : 1
	State 4
		exitcond3 : 1
		i_V : 1
		StgValue_32 : 2
	State 5
		exitcond : 1
		j_V : 1
		StgValue_44 : 2
		brmerge : 1
		StgValue_47 : 1
		axi_last_V_2 : 2
		p_Val2_s : 2
	State 6
		empty_26 : 1
		empty_27 : 1
	State 7
	State 8
		StgValue_69 : 1
		empty_29 : 1
	State 9


============================================================
+ Verbose Summary: Datapath Resource usage 
============================================================

* Functional unit list:
|----------|--------------------------|---------|---------|
| Operation|      Functional Unit     |    FF   |   LUT   |
|----------|--------------------------|---------|---------|
|    add   |        i_V_fu_284        |    0    |    14   |
|          |        j_V_fu_296        |    0    |    13   |
|----------|--------------------------|---------|---------|
|   icmp   |     exitcond3_fu_278     |    0    |    13   |
|          |      exitcond_fu_290     |    0    |    13   |
|----------|--------------------------|---------|---------|
|    or    |      brmerge_fu_305      |    0    |    2    |
|----------|--------------------------|---------|---------|
|   read   |      grp_read_fu_98      |    0    |    0    |
|----------|--------------------------|---------|---------|
|   write  | StgValue_61_write_fu_116 |    0    |    0    |
|----------|--------------------------|---------|---------|
|          |        grp_fu_259        |    0    |    0    |
|extractvalue|        grp_fu_264        |    0    |    0    |
|          |     tmp_user_V_fu_269    |    0    |    0    |
|----------|--------------------------|---------|---------|
|   Total  |                          |    0    |    55   |
|----------|--------------------------|---------|---------|

Memories:
N/A

* Register list:
+--------------------+--------+
|                    |   FF   |
+--------------------+--------+
| axi_data_V1_reg_133|    8   |
|axi_data_V_1_reg_165|    8   |
|axi_data_V_3_reg_237|    8   |
| axi_last_V1_reg_123|    1   |
|axi_last_V_2_reg_199|    1   |
|axi_last_V_3_reg_225|    1   |
|   brmerge_reg_354  |    1   |
|    eol_1_reg_154   |    1   |
|    eol_2_reg_249   |    1   |
|     eol_reg_187    |    1   |
|  exitcond3_reg_336 |    1   |
|  exitcond_reg_345  |    1   |
|     i_V_reg_340    |   10   |
|     j_V_reg_349    |   11   |
|  p_Val2_s_reg_212  |    8   |
|    sof_1_reg_329   |    1   |
|    t_V_2_reg_176   |   11   |
|     t_V_reg_143    |   10   |
|tmp_data_V_2_reg_358|    8   |
| tmp_data_V_reg_316 |    8   |
|tmp_last_V_2_reg_363|    1   |
| tmp_last_V_reg_324 |    1   |
+--------------------+--------+
|        Total       |   102  |
+--------------------+--------+

* Multiplexer (MUX) list: 
|-------------|------|------|------|--------||---------||---------|
|     Comp    |  Pin | Size |  BW  | S x BW ||  Delay  ||   LUT   |
|-------------|------|------|------|--------||---------||---------|
| eol_reg_187 |  p0  |   2  |   1  |    2   ||    9    |
|-------------|------|------|------|--------||---------||---------|
|    Total    |      |      |      |    2   ||  1.769  ||    9    |
|-------------|------|------|------|--------||---------||---------|



* Summary:
+-----------+--------+--------+--------+
|           |  Delay |   FF   |   LUT  |
+-----------+--------+--------+--------+
|  Function |    -   |    0   |   55   |
|   Memory  |    -   |    -   |    -   |
|Multiplexer|    1   |    -   |    9   |
|  Register |    -   |   102  |    -   |
+-----------+--------+--------+--------+
|   Total   |    1   |   102  |   64   |
+-----------+--------+--------+--------+
