11:48:29 **** Auto Build of configuration Debug for project DMA_sdk ****
make pre-build main-build 
a9-linaro-pre-build-step
 
Building file: ../src/main.cc
Invoking: ARM v7 g++ compiler
arm-none-eabi-g++ -Wall -O0 -g3 -c -fmessage-length=0 -MT"src/main.o" -mcpu=cortex-a9 -mfpu=vfpv3 -mfloat-abi=hard -I../../standalone_bsp_0/ps7_cortexa9_0/include -MMD -MP -MF"src/main.d" -MT"src/main.o" -o "src/main.o" "../src/main.cc"
Finished building: ../src/main.cc
 
Building target: DMA_sdk.elf
Invoking: ARM v7 g++ linker
arm-none-eabi-g++ -mcpu=cortex-a9 -mfpu=vfpv3 -mfloat-abi=hard -Wl,-build-id=none -specs=Xilinx.spec -Wl,-T -Wl,../src/lscript.ld -L../../standalone_bsp_0/ps7_cortexa9_0/lib -o "DMA_sdk.elf"  ./src/main.o   -Wl,--start-group,-lxil,-lgcc,-lc,-lstdc++,--end-group
Finished building target: DMA_sdk.elf
 
Invoking: ARM v7 Print Size
arm-none-eabi-size DMA_sdk.elf  |tee "DMA_sdk.elf.size"
   text	   data	    bss	    dec	    hex	filename
 142968	   2656	  30032	 175656	  2ae28	DMA_sdk.elf
Finished building: DMA_sdk.elf.size
 

11:48:30 Build Finished (took 514ms)

