10:23:47 **** Build of project standalone_bsp_0 ****
make -k all 
Running Make include in ps7_cortexa9_0/libsrc/ddrps_v1_0/src
make -C ps7_cortexa9_0/libsrc/ddrps_v1_0/src -s include  "SHELL=/bin/sh" "COMPILER=arm-none-eabi-gcc" "ARCHIVER=arm-none-eabi-ar" "COMPILER_FLAGS=  -O2 -c" "EXTRA_COMPILER_FLAGS=-mcpu=cortex-a9 -mfpu=vfpv3 -mfloat-abi=hard -nostartfiles -g -Wall -Wextra"
Running Make include in ps7_cortexa9_0/libsrc/standalone_v6_8/src
make -C ps7_cortexa9_0/libsrc/standalone_v6_8/src -s include  "SHELL=/bin/sh" "COMPILER=arm-none-eabi-gcc" "ARCHIVER=arm-none-eabi-ar" "COMPILER_FLAGS=  -O2 -c" "EXTRA_COMPILER_FLAGS=-mcpu=cortex-a9 -mfpu=vfpv3 -mfloat-abi=hard -nostartfiles -g -Wall -Wextra"
Running Make include in ps7_cortexa9_0/libsrc/dmaps_v2_4/src
make -C ps7_cortexa9_0/libsrc/dmaps_v2_4/src -s include  "SHELL=/bin/sh" "COMPILER=arm-none-eabi-gcc" "ARCHIVER=arm-none-eabi-ar" "COMPILER_FLAGS=  -O2 -c" "EXTRA_COMPILER_FLAGS=-mcpu=cortex-a9 -mfpu=vfpv3 -mfloat-abi=hard -nostartfiles -g -Wall -Wextra"
Running Make include in ps7_cortexa9_0/libsrc/cpu_cortexa9_v2_7/src
make -C ps7_cortexa9_0/libsrc/cpu_cortexa9_v2_7/src -s include  "SHELL=/bin/sh" "COMPILER=arm-none-eabi-gcc" "ARCHIVER=arm-none-eabi-ar" "COMPILER_FLAGS=  -O2 -c" "EXTRA_COMPILER_FLAGS=-mcpu=cortex-a9 -mfpu=vfpv3 -mfloat-abi=hard -nostartfiles -g -Wall -Wextra"
Running Make include in ps7_cortexa9_0/libsrc/axidma_v9_8/src
make -C ps7_cortexa9_0/libsrc/axidma_v9_8/src -s include  "SHELL=/bin/sh" "COMPILER=arm-none-eabi-gcc" "ARCHIVER=arm-none-eabi-ar" "COMPILER_FLAGS=  -O2 -c" "EXTRA_COMPILER_FLAGS=-mcpu=cortex-a9 -mfpu=vfpv3 -mfloat-abi=hard -nostartfiles -g -Wall -Wextra"
Running Make include in ps7_cortexa9_0/libsrc/fir_v1_0/src
make -C ps7_cortexa9_0/libsrc/fir_v1_0/src -s include  "SHELL=/bin/sh" "COMPILER=arm-none-eabi-gcc" "ARCHIVER=arm-none-eabi-ar" "COMPILER_FLAGS=  -O2 -c" "EXTRA_COMPILER_FLAGS=-mcpu=cortex-a9 -mfpu=vfpv3 -mfloat-abi=hard -nostartfiles -g -Wall -Wextra"
Running Make include in ps7_cortexa9_0/libsrc/scugic_v3_10/src
make -C ps7_cortexa9_0/libsrc/scugic_v3_10/src -s include  "SHELL=/bin/sh" "COMPILER=arm-none-eabi-gcc" "ARCHIVER=arm-none-eabi-ar" "COMPILER_FLAGS=  -O2 -c" "EXTRA_COMPILER_FLAGS=-mcpu=cortex-a9 -mfpu=vfpv3 -mfloat-abi=hard -nostartfiles -g -Wall -Wextra"
Running Make include in ps7_cortexa9_0/libsrc/xadcps_v2_3/src
make -C ps7_cortexa9_0/libsrc/xadcps_v2_3/src -s include  "SHELL=/bin/sh" "COMPILER=arm-none-eabi-gcc" "ARCHIVER=arm-none-eabi-ar" "COMPILER_FLAGS=  -O2 -c" "EXTRA_COMPILER_FLAGS=-mcpu=cortex-a9 -mfpu=vfpv3 -mfloat-abi=hard -nostartfiles -g -Wall -Wextra"
Running Make include in ps7_cortexa9_0/libsrc/devcfg_v3_5/src
make -C ps7_cortexa9_0/libsrc/devcfg_v3_5/src -s include  "SHELL=/bin/sh" "COMPILER=arm-none-eabi-gcc" "ARCHIVER=arm-none-eabi-ar" "COMPILER_FLAGS=  -O2 -c" "EXTRA_COMPILER_FLAGS=-mcpu=cortex-a9 -mfpu=vfpv3 -mfloat-abi=hard -nostartfiles -g -Wall -Wextra"
Running Make include in ps7_cortexa9_0/libsrc/scuwdt_v2_1/src
make -C ps7_cortexa9_0/libsrc/scuwdt_v2_1/src -s include  "SHELL=/bin/sh" "COMPILER=arm-none-eabi-gcc" "ARCHIVER=arm-none-eabi-ar" "COMPILER_FLAGS=  -O2 -c" "EXTRA_COMPILER_FLAGS=-mcpu=cortex-a9 -mfpu=vfpv3 -mfloat-abi=hard -nostartfiles -g -Wall -Wextra"
Running Make include in ps7_cortexa9_0/libsrc/uartps_v3_7/src
make -C ps7_cortexa9_0/libsrc/uartps_v3_7/src -s include  "SHELL=/bin/sh" "COMPILER=arm-none-eabi-gcc" "ARCHIVER=arm-none-eabi-ar" "COMPILER_FLAGS=  -O2 -c" "EXTRA_COMPILER_FLAGS=-mcpu=cortex-a9 -mfpu=vfpv3 -mfloat-abi=hard -nostartfiles -g -Wall -Wextra"
Running Make include in ps7_cortexa9_0/libsrc/coresightps_dcc_v1_4/src
make -C ps7_cortexa9_0/libsrc/coresightps_dcc_v1_4/src -s include  "SHELL=/bin/sh" "COMPILER=arm-none-eabi-gcc" "ARCHIVER=arm-none-eabi-ar" "COMPILER_FLAGS=  -O2 -c" "EXTRA_COMPILER_FLAGS=-mcpu=cortex-a9 -mfpu=vfpv3 -mfloat-abi=hard -nostartfiles -g -Wall -Wextra"
Running Make include in ps7_cortexa9_0/libsrc/scutimer_v2_1/src
make -C ps7_cortexa9_0/libsrc/scutimer_v2_1/src -s include  "SHELL=/bin/sh" "COMPILER=arm-none-eabi-gcc" "ARCHIVER=arm-none-eabi-ar" "COMPILER_FLAGS=  -O2 -c" "EXTRA_COMPILER_FLAGS=-mcpu=cortex-a9 -mfpu=vfpv3 -mfloat-abi=hard -nostartfiles -g -Wall -Wextra"
Running Make libs in ps7_cortexa9_0/libsrc/ddrps_v1_0/src
make -C ps7_cortexa9_0/libsrc/ddrps_v1_0/src -s libs  "SHELL=/bin/sh" "COMPILER=arm-none-eabi-gcc" "ARCHIVER=arm-none-eabi-ar" "COMPILER_FLAGS=  -O2 -c" "EXTRA_COMPILER_FLAGS=-mcpu=cortex-a9 -mfpu=vfpv3 -mfloat-abi=hard -nostartfiles -g -Wall -Wextra"
Compiling ddrps
arm-none-eabi-ar: creating ../../../lib/libxil.a
Running Make libs in ps7_cortexa9_0/libsrc/standalone_v6_8/src
make -C ps7_cortexa9_0/libsrc/standalone_v6_8/src -s libs  "SHELL=/bin/sh" "COMPILER=arm-none-eabi-gcc" "ARCHIVER=arm-none-eabi-ar" "COMPILER_FLAGS=  -O2 -c" "EXTRA_COMPILER_FLAGS=-mcpu=cortex-a9 -mfpu=vfpv3 -mfloat-abi=hard -nostartfiles -g -Wall -Wextra"
Compiling standalone
In file included from sleep.c:53:0:
xtime_l.h:87:9: note: #pragma message: For the sleep routines, Global timer is being used
 #pragma message ("For the sleep routines, Global timer is being used")
         ^~~~~~~
In file included from xtime_l.c:49:0:
xtime_l.h:87:9: note: #pragma message: For the sleep routines, Global timer is being used
 #pragma message ("For the sleep routines, Global timer is being used")
         ^~~~~~~
In file included from xil_sleeptimer.c:51:0:
xtime_l.h:87:9: note: #pragma message: For the sleep routines, Global timer is being used
 #pragma message ("For the sleep routines, Global timer is being used")
         ^~~~~~~
In file included from usleep.c:56:0:
xtime_l.h:87:9: note: #pragma message: For the sleep routines, Global timer is being used
 #pragma message ("For the sleep routines, Global timer is being used")
         ^~~~~~~
Running Make libs in ps7_cortexa9_0/libsrc/dmaps_v2_4/src
make -C ps7_cortexa9_0/libsrc/dmaps_v2_4/src -s libs  "SHELL=/bin/sh" "COMPILER=arm-none-eabi-gcc" "ARCHIVER=arm-none-eabi-ar" "COMPILER_FLAGS=  -O2 -c" "EXTRA_COMPILER_FLAGS=-mcpu=cortex-a9 -mfpu=vfpv3 -mfloat-abi=hard -nostartfiles -g -Wall -Wextra"
Compiling dmaps
Running Make libs in ps7_cortexa9_0/libsrc/cpu_cortexa9_v2_7/src
make -C ps7_cortexa9_0/libsrc/cpu_cortexa9_v2_7/src -s libs  "SHELL=/bin/sh" "COMPILER=arm-none-eabi-gcc" "ARCHIVER=arm-none-eabi-ar" "COMPILER_FLAGS=  -O2 -c" "EXTRA_COMPILER_FLAGS=-mcpu=cortex-a9 -mfpu=vfpv3 -mfloat-abi=hard -nostartfiles -g -Wall -Wextra"
Compiling cpu_cortexa9
Running Make libs in ps7_cortexa9_0/libsrc/axidma_v9_8/src
make -C ps7_cortexa9_0/libsrc/axidma_v9_8/src -s libs  "SHELL=/bin/sh" "COMPILER=arm-none-eabi-gcc" "ARCHIVER=arm-none-eabi-ar" "COMPILER_FLAGS=  -O2 -c" "EXTRA_COMPILER_FLAGS=-mcpu=cortex-a9 -mfpu=vfpv3 -mfloat-abi=hard -nostartfiles -g -Wall -Wextra"
Compiling axidma
Running Make libs in ps7_cortexa9_0/libsrc/fir_v1_0/src
make -C ps7_cortexa9_0/libsrc/fir_v1_0/src -s libs  "SHELL=/bin/sh" "COMPILER=arm-none-eabi-gcc" "ARCHIVER=arm-none-eabi-ar" "COMPILER_FLAGS=  -O2 -c" "EXTRA_COMPILER_FLAGS=-mcpu=cortex-a9 -mfpu=vfpv3 -mfloat-abi=hard -nostartfiles -g -Wall -Wextra"
Compiling fir
Running Make libs in ps7_cortexa9_0/libsrc/scugic_v3_10/src
make -C ps7_cortexa9_0/libsrc/scugic_v3_10/src -s libs  "SHELL=/bin/sh" "COMPILER=arm-none-eabi-gcc" "ARCHIVER=arm-none-eabi-ar" "COMPILER_FLAGS=  -O2 -c" "EXTRA_COMPILER_FLAGS=-mcpu=cortex-a9 -mfpu=vfpv3 -mfloat-abi=hard -nostartfiles -g -Wall -Wextra"
Compiling scugic
Running Make libs in ps7_cortexa9_0/libsrc/xadcps_v2_3/src
make -C ps7_cortexa9_0/libsrc/xadcps_v2_3/src -s libs  "SHELL=/bin/sh" "COMPILER=arm-none-eabi-gcc" "ARCHIVER=arm-none-eabi-ar" "COMPILER_FLAGS=  -O2 -c" "EXTRA_COMPILER_FLAGS=-mcpu=cortex-a9 -mfpu=vfpv3 -mfloat-abi=hard -nostartfiles -g -Wall -Wextra"
Compiling xadcps
Running Make libs in ps7_cortexa9_0/libsrc/devcfg_v3_5/src
make -C ps7_cortexa9_0/libsrc/devcfg_v3_5/src -s libs  "SHELL=/bin/sh" "COMPILER=arm-none-eabi-gcc" "ARCHIVER=arm-none-eabi-ar" "COMPILER_FLAGS=  -O2 -c" "EXTRA_COMPILER_FLAGS=-mcpu=cortex-a9 -mfpu=vfpv3 -mfloat-abi=hard -nostartfiles -g -Wall -Wextra"
Compiling devcfg
Running Make libs in ps7_cortexa9_0/libsrc/scuwdt_v2_1/src
make -C ps7_cortexa9_0/libsrc/scuwdt_v2_1/src -s libs  "SHELL=/bin/sh" "COMPILER=arm-none-eabi-gcc" "ARCHIVER=arm-none-eabi-ar" "COMPILER_FLAGS=  -O2 -c" "EXTRA_COMPILER_FLAGS=-mcpu=cortex-a9 -mfpu=vfpv3 -mfloat-abi=hard -nostartfiles -g -Wall -Wextra"
Compiling scuwdt
Running Make libs in ps7_cortexa9_0/libsrc/uartps_v3_7/src
make -C ps7_cortexa9_0/libsrc/uartps_v3_7/src -s libs  "SHELL=/bin/sh" "COMPILER=arm-none-eabi-gcc" "ARCHIVER=arm-none-eabi-ar" "COMPILER_FLAGS=  -O2 -c" "EXTRA_COMPILER_FLAGS=-mcpu=cortex-a9 -mfpu=vfpv3 -mfloat-abi=hard -nostartfiles -g -Wall -Wextra"
Compiling uartps
Running Make libs in ps7_cortexa9_0/libsrc/coresightps_dcc_v1_4/src
make -C ps7_cortexa9_0/libsrc/coresightps_dcc_v1_4/src -s libs  "SHELL=/bin/sh" "COMPILER=arm-none-eabi-gcc" "ARCHIVER=arm-none-eabi-ar" "COMPILER_FLAGS=  -O2 -c" "EXTRA_COMPILER_FLAGS=-mcpu=cortex-a9 -mfpu=vfpv3 -mfloat-abi=hard -nostartfiles -g -Wall -Wextra"
Compiling coresightps_dcc
Running Make libs in ps7_cortexa9_0/libsrc/scutimer_v2_1/src
make -C ps7_cortexa9_0/libsrc/scutimer_v2_1/src -s libs  "SHELL=/bin/sh" "COMPILER=arm-none-eabi-gcc" "ARCHIVER=arm-none-eabi-ar" "COMPILER_FLAGS=  -O2 -c" "EXTRA_COMPILER_FLAGS=-mcpu=cortex-a9 -mfpu=vfpv3 -mfloat-abi=hard -nostartfiles -g -Wall -Wextra"
Compiling scutimer
Finished building libraries
10:24:55 **** Build of configuration Debug for project DMA_sdk ****
make pre-build main-build 
a9-linaro-pre-build-step
 
Building file: ../src/main.cc
Invoking: ARM v7 g++ compiler
arm-none-eabi-g++ -Wall -O0 -g3 -c -fmessage-length=0 -MT"src/main.o" -mcpu=cortex-a9 -mfpu=vfpv3 -mfloat-abi=hard -I../../standalone_bsp_0/ps7_cortexa9_0/include -MMD -MP -MF"src/main.d" -MT"src/main.o" -o "src/main.o" "../src/main.cc"
Finished building: ../src/main.cc
 
Building target: DMA_sdk.elf
Invoking: ARM v7 g++ linker
arm-none-eabi-g++ -mcpu=cortex-a9 -mfpu=vfpv3 -mfloat-abi=hard -Wl,-build-id=none -specs=Xilinx.spec -Wl,-T -Wl,../src/lscript.ld -L../../standalone_bsp_0/ps7_cortexa9_0/lib -o "DMA_sdk.elf"  ./src/main.o   -Wl,--start-group,-lxil,-lgcc,-lc,-lstdc++,--end-group
Finished building target: DMA_sdk.elf
 
Invoking: ARM v7 Print Size
arm-none-eabi-size DMA_sdk.elf  |tee "DMA_sdk.elf.size"
   text	   data	    bss	    dec	    hex	filename
  19024	   1144	  22576	  42744	   a6f8	DMA_sdk.elf
Finished building: DMA_sdk.elf.size
 
10:24:57 **** Auto Build of configuration Debug for project DMA_sdk ****
make pre-build main-build 
a9-linaro-pre-build-step
 
make: Nothing to be done for 'main-build'.
10:26:15 **** Auto Build of configuration Debug for project DMA_sdk ****
make pre-build main-build 
a9-linaro-pre-build-step
 
Building file: ../src/main.cc
Invoking: ARM v7 g++ compiler
arm-none-eabi-g++ -Wall -O0 -g3 -c -fmessage-length=0 -MT"src/main.o" -mcpu=cortex-a9 -mfpu=vfpv3 -mfloat-abi=hard -I../../standalone_bsp_0/ps7_cortexa9_0/include -MMD -MP -MF"src/main.d" -MT"src/main.o" -o "src/main.o" "../src/main.cc"
Finished building: ../src/main.cc
 
Building target: DMA_sdk.elf
Invoking: ARM v7 g++ linker
arm-none-eabi-g++ -mcpu=cortex-a9 -mfpu=vfpv3 -mfloat-abi=hard -Wl,-build-id=none -specs=Xilinx.spec -Wl,-T -Wl,../src/lscript.ld -L../../standalone_bsp_0/ps7_cortexa9_0/lib -o "DMA_sdk.elf"  ./src/main.o   -Wl,--start-group,-lxil,-lgcc,-lc,-lstdc++,--end-group
Finished building target: DMA_sdk.elf
 
Invoking: ARM v7 Print Size
arm-none-eabi-size DMA_sdk.elf  |tee "DMA_sdk.elf.size"
   text	   data	    bss	    dec	    hex	filename
  19024	   1144	  22576	  42744	   a6f8	DMA_sdk.elf
Finished building: DMA_sdk.elf.size
 
10:26:41 **** Auto Build of configuration Debug for project DMA_sdk ****
make pre-build main-build 
a9-linaro-pre-build-step
 
Building file: ../src/main.cc
Invoking: ARM v7 g++ compiler
arm-none-eabi-g++ -Wall -O0 -g3 -c -fmessage-length=0 -MT"src/main.o" -mcpu=cortex-a9 -mfpu=vfpv3 -mfloat-abi=hard -I../../standalone_bsp_0/ps7_cortexa9_0/include -MMD -MP -MF"src/main.d" -MT"src/main.o" -o "src/main.o" "../src/main.cc"
../src/main.cc:10:8: error: no macro name given in #define directive
 #define
        ^
src/subdir.mk:21: recipe for target 'src/main.o' failed
make: *** [src/main.o] Error 1
10:26:50 **** Auto Build of configuration Debug for project DMA_sdk ****
make pre-build main-build 
a9-linaro-pre-build-step
 
Building file: ../src/main.cc
Invoking: ARM v7 g++ compiler
arm-none-eabi-g++ -Wall -O0 -g3 -c -fmessage-length=0 -MT"src/main.o" -mcpu=cortex-a9 -mfpu=vfpv3 -mfloat-abi=hard -I../../standalone_bsp_0/ps7_cortexa9_0/include -MMD -MP -MF"src/main.d" -MT"src/main.o" -o "src/main.o" "../src/main.cc"
Finished building: ../src/main.cc
 
Building target: DMA_sdk.elf
Invoking: ARM v7 g++ linker
arm-none-eabi-g++ -mcpu=cortex-a9 -mfpu=vfpv3 -mfloat-abi=hard -Wl,-build-id=none -specs=Xilinx.spec -Wl,-T -Wl,../src/lscript.ld -L../../standalone_bsp_0/ps7_cortexa9_0/lib -o "DMA_sdk.elf"  ./src/main.o   -Wl,--start-group,-lxil,-lgcc,-lc,-lstdc++,--end-group
Finished building target: DMA_sdk.elf
 
Invoking: ARM v7 Print Size
arm-none-eabi-size DMA_sdk.elf  |tee "DMA_sdk.elf.size"
   text	   data	    bss	    dec	    hex	filename
  19024	   1144	  22576	  42744	   a6f8	DMA_sdk.elf
Finished building: DMA_sdk.elf.size
 
10:26:52 **** Auto Build of configuration Debug for project DMA_sdk ****
make pre-build main-build 
a9-linaro-pre-build-step
 
Building file: ../src/main.cc
Invoking: ARM v7 g++ compiler
arm-none-eabi-g++ -Wall -O0 -g3 -c -fmessage-length=0 -MT"src/main.o" -mcpu=cortex-a9 -mfpu=vfpv3 -mfloat-abi=hard -I../../standalone_bsp_0/ps7_cortexa9_0/include -MMD -MP -MF"src/main.d" -MT"src/main.o" -o "src/main.o" "../src/main.cc"
Finished building: ../src/main.cc
 
Building target: DMA_sdk.elf
Invoking: ARM v7 g++ linker
arm-none-eabi-g++ -mcpu=cortex-a9 -mfpu=vfpv3 -mfloat-abi=hard -Wl,-build-id=none -specs=Xilinx.spec -Wl,-T -Wl,../src/lscript.ld -L../../standalone_bsp_0/ps7_cortexa9_0/lib -o "DMA_sdk.elf"  ./src/main.o   -Wl,--start-group,-lxil,-lgcc,-lc,-lstdc++,--end-group
Finished building target: DMA_sdk.elf
 
Invoking: ARM v7 Print Size
arm-none-eabi-size DMA_sdk.elf  |tee "DMA_sdk.elf.size"
   text	   data	    bss	    dec	    hex	filename
  19024	   1144	  22576	  42744	   a6f8	DMA_sdk.elf
Finished building: DMA_sdk.elf.size
 
10:26:58 **** Auto Build of configuration Debug for project DMA_sdk ****
make pre-build main-build 
a9-linaro-pre-build-step
 
Building file: ../src/main.cc
Invoking: ARM v7 g++ compiler
arm-none-eabi-g++ -Wall -O0 -g3 -c -fmessage-length=0 -MT"src/main.o" -mcpu=cortex-a9 -mfpu=vfpv3 -mfloat-abi=hard -I../../standalone_bsp_0/ps7_cortexa9_0/include -MMD -MP -MF"src/main.d" -MT"src/main.o" -o "src/main.o" "../src/main.cc"
Finished building: ../src/main.cc
 
Building target: DMA_sdk.elf
Invoking: ARM v7 g++ linker
arm-none-eabi-g++ -mcpu=cortex-a9 -mfpu=vfpv3 -mfloat-abi=hard -Wl,-build-id=none -specs=Xilinx.spec -Wl,-T -Wl,../src/lscript.ld -L../../standalone_bsp_0/ps7_cortexa9_0/lib -o "DMA_sdk.elf"  ./src/main.o   -Wl,--start-group,-lxil,-lgcc,-lc,-lstdc++,--end-group
Finished building target: DMA_sdk.elf
 
Invoking: ARM v7 Print Size
arm-none-eabi-size DMA_sdk.elf  |tee "DMA_sdk.elf.size"
   text	   data	    bss	    dec	    hex	filename
  19024	   1144	  22576	  42744	   a6f8	DMA_sdk.elf
Finished building: DMA_sdk.elf.size
 
10:28:10 **** Auto Build of configuration Debug for project DMA_sdk ****
make pre-build main-build 
a9-linaro-pre-build-step
 
Building file: ../src/main.cc
Invoking: ARM v7 g++ compiler
arm-none-eabi-g++ -Wall -O0 -g3 -c -fmessage-length=0 -MT"src/main.o" -mcpu=cortex-a9 -mfpu=vfpv3 -mfloat-abi=hard -I../../standalone_bsp_0/ps7_cortexa9_0/include -MMD -MP -MF"src/main.d" -MT"src/main.o" -o "src/main.o" "../src/main.cc"
Finished building: ../src/main.cc
 
Building target: DMA_sdk.elf
Invoking: ARM v7 g++ linker
arm-none-eabi-g++ -mcpu=cortex-a9 -mfpu=vfpv3 -mfloat-abi=hard -Wl,-build-id=none -specs=Xilinx.spec -Wl,-T -Wl,../src/lscript.ld -L../../standalone_bsp_0/ps7_cortexa9_0/lib -o "DMA_sdk.elf"  ./src/main.o   -Wl,--start-group,-lxil,-lgcc,-lc,-lstdc++,--end-group
Finished building target: DMA_sdk.elf
 
Invoking: ARM v7 Print Size
arm-none-eabi-size DMA_sdk.elf  |tee "DMA_sdk.elf.size"
   text	   data	    bss	    dec	    hex	filename
  19024	   1144	  22592	  42760	   a708	DMA_sdk.elf
Finished building: DMA_sdk.elf.size
 
10:28:42 **** Auto Build of configuration Debug for project DMA_sdk ****
make pre-build main-build 
a9-linaro-pre-build-step
 
Building file: ../src/main.cc
Invoking: ARM v7 g++ compiler
arm-none-eabi-g++ -Wall -O0 -g3 -c -fmessage-length=0 -MT"src/main.o" -mcpu=cortex-a9 -mfpu=vfpv3 -mfloat-abi=hard -I../../standalone_bsp_0/ps7_cortexa9_0/include -MMD -MP -MF"src/main.d" -MT"src/main.o" -o "src/main.o" "../src/main.cc"
Finished building: ../src/main.cc
 
Building target: DMA_sdk.elf
Invoking: ARM v7 g++ linker
arm-none-eabi-g++ -mcpu=cortex-a9 -mfpu=vfpv3 -mfloat-abi=hard -Wl,-build-id=none -specs=Xilinx.spec -Wl,-T -Wl,../src/lscript.ld -L../../standalone_bsp_0/ps7_cortexa9_0/lib -o "DMA_sdk.elf"  ./src/main.o   -Wl,--start-group,-lxil,-lgcc,-lc,-lstdc++,--end-group
Finished building target: DMA_sdk.elf
 
Invoking: ARM v7 Print Size
arm-none-eabi-size DMA_sdk.elf  |tee "DMA_sdk.elf.size"
   text	   data	    bss	    dec	    hex	filename
  19024	   1144	  24464	  44632	   ae58	DMA_sdk.elf
Finished building: DMA_sdk.elf.size
 
10:29:11 **** Auto Build of configuration Debug for project DMA_sdk ****
make pre-build main-build 
a9-linaro-pre-build-step
 
Building file: ../src/main.cc
Invoking: ARM v7 g++ compiler
arm-none-eabi-g++ -Wall -O0 -g3 -c -fmessage-length=0 -MT"src/main.o" -mcpu=cortex-a9 -mfpu=vfpv3 -mfloat-abi=hard -I../../standalone_bsp_0/ps7_cortexa9_0/include -MMD -MP -MF"src/main.d" -MT"src/main.o" -o "src/main.o" "../src/main.cc"
Finished building: ../src/main.cc
 
Building target: DMA_sdk.elf
Invoking: ARM v7 g++ linker
arm-none-eabi-g++ -mcpu=cortex-a9 -mfpu=vfpv3 -mfloat-abi=hard -Wl,-build-id=none -specs=Xilinx.spec -Wl,-T -Wl,../src/lscript.ld -L../../standalone_bsp_0/ps7_cortexa9_0/lib -o "DMA_sdk.elf"  ./src/main.o   -Wl,--start-group,-lxil,-lgcc,-lc,-lstdc++,--end-group
Finished building target: DMA_sdk.elf
 
Invoking: ARM v7 Print Size
arm-none-eabi-size DMA_sdk.elf  |tee "DMA_sdk.elf.size"
   text	   data	    bss	    dec	    hex	filename
  19024	   1144	  24464	  44632	   ae58	DMA_sdk.elf
Finished building: DMA_sdk.elf.size
 
10:29:28 **** Auto Build of configuration Debug for project DMA_sdk ****
make pre-build main-build 
a9-linaro-pre-build-step
 
Building file: ../src/main.cc
Invoking: ARM v7 g++ compiler
arm-none-eabi-g++ -Wall -O0 -g3 -c -fmessage-length=0 -MT"src/main.o" -mcpu=cortex-a9 -mfpu=vfpv3 -mfloat-abi=hard -I../../standalone_bsp_0/ps7_cortexa9_0/include -MMD -MP -MF"src/main.d" -MT"src/main.o" -o "src/main.o" "../src/main.cc"
../src/main.cc:20:1: error: expected initializer before 'int'
 int main()
 ^~~
src/subdir.mk:21: recipe for target 'src/main.o' failed
make: *** [src/main.o] Error 1
10:29:32 **** Auto Build of configuration Debug for project DMA_sdk ****
make pre-build main-build 
a9-linaro-pre-build-step
 
Building file: ../src/main.cc
Invoking: ARM v7 g++ compiler
arm-none-eabi-g++ -Wall -O0 -g3 -c -fmessage-length=0 -MT"src/main.o" -mcpu=cortex-a9 -mfpu=vfpv3 -mfloat-abi=hard -I../../standalone_bsp_0/ps7_cortexa9_0/include -MMD -MP -MF"src/main.d" -MT"src/main.o" -o "src/main.o" "../src/main.cc"
Finished building: ../src/main.cc
 
Building target: DMA_sdk.elf
Invoking: ARM v7 g++ linker
arm-none-eabi-g++ -mcpu=cortex-a9 -mfpu=vfpv3 -mfloat-abi=hard -Wl,-build-id=none -specs=Xilinx.spec -Wl,-T -Wl,../src/lscript.ld -L../../standalone_bsp_0/ps7_cortexa9_0/lib -o "DMA_sdk.elf"  ./src/main.o   -Wl,--start-group,-lxil,-lgcc,-lc,-lstdc++,--end-group
Finished building target: DMA_sdk.elf
 
Invoking: ARM v7 Print Size
arm-none-eabi-size DMA_sdk.elf  |tee "DMA_sdk.elf.size"
   text	   data	    bss	    dec	    hex	filename
  19024	   1144	  24464	  44632	   ae58	DMA_sdk.elf
Finished building: DMA_sdk.elf.size
 
10:29:53 **** Auto Build of configuration Debug for project DMA_sdk ****
make pre-build main-build 
a9-linaro-pre-build-step
 
Building file: ../src/main.cc
Invoking: ARM v7 g++ compiler
arm-none-eabi-g++ -Wall -O0 -g3 -c -fmessage-length=0 -MT"src/main.o" -mcpu=cortex-a9 -mfpu=vfpv3 -mfloat-abi=hard -I../../standalone_bsp_0/ps7_cortexa9_0/include -MMD -MP -MF"src/main.d" -MT"src/main.o" -o "src/main.o" "../src/main.cc"
Finished building: ../src/main.cc
 
Building target: DMA_sdk.elf
Invoking: ARM v7 g++ linker
arm-none-eabi-g++ -mcpu=cortex-a9 -mfpu=vfpv3 -mfloat-abi=hard -Wl,-build-id=none -specs=Xilinx.spec -Wl,-T -Wl,../src/lscript.ld -L../../standalone_bsp_0/ps7_cortexa9_0/lib -o "DMA_sdk.elf"  ./src/main.o   -Wl,--start-group,-lxil,-lgcc,-lc,-lstdc++,--end-group
Finished building target: DMA_sdk.elf
 
Invoking: ARM v7 Print Size
arm-none-eabi-size DMA_sdk.elf  |tee "DMA_sdk.elf.size"
   text	   data	    bss	    dec	    hex	filename
  19024	   1144	  24464	  44632	   ae58	DMA_sdk.elf
Finished building: DMA_sdk.elf.size
 
10:29:57 **** Auto Build of configuration Debug for project DMA_sdk ****
make pre-build main-build 
a9-linaro-pre-build-step
 
Building file: ../src/main.cc
Invoking: ARM v7 g++ compiler
arm-none-eabi-g++ -Wall -O0 -g3 -c -fmessage-length=0 -MT"src/main.o" -mcpu=cortex-a9 -mfpu=vfpv3 -mfloat-abi=hard -I../../standalone_bsp_0/ps7_cortexa9_0/include -MMD -MP -MF"src/main.d" -MT"src/main.o" -o "src/main.o" "../src/main.cc"
Finished building: ../src/main.cc
 
Building target: DMA_sdk.elf
Invoking: ARM v7 g++ linker
arm-none-eabi-g++ -mcpu=cortex-a9 -mfpu=vfpv3 -mfloat-abi=hard -Wl,-build-id=none -specs=Xilinx.spec -Wl,-T -Wl,../src/lscript.ld -L../../standalone_bsp_0/ps7_cortexa9_0/lib -o "DMA_sdk.elf"  ./src/main.o   -Wl,--start-group,-lxil,-lgcc,-lc,-lstdc++,--end-group
Finished building target: DMA_sdk.elf
 
Invoking: ARM v7 Print Size
arm-none-eabi-size DMA_sdk.elf  |tee "DMA_sdk.elf.size"
   text	   data	    bss	    dec	    hex	filename
  19024	   1144	  24464	  44632	   ae58	DMA_sdk.elf
Finished building: DMA_sdk.elf.size
 
10:30:18 **** Auto Build of configuration Debug for project DMA_sdk ****
make pre-build main-build 
a9-linaro-pre-build-step
 
Building file: ../src/main.cc
Invoking: ARM v7 g++ compiler
arm-none-eabi-g++ -Wall -O0 -g3 -c -fmessage-length=0 -MT"src/main.o" -mcpu=cortex-a9 -mfpu=vfpv3 -mfloat-abi=hard -I../../standalone_bsp_0/ps7_cortexa9_0/include -MMD -MP -MF"src/main.d" -MT"src/main.o" -o "src/main.o" "../src/main.cc"
Finished building: ../src/main.cc
 
Building target: DMA_sdk.elf
Invoking: ARM v7 g++ linker
arm-none-eabi-g++ -mcpu=cortex-a9 -mfpu=vfpv3 -mfloat-abi=hard -Wl,-build-id=none -specs=Xilinx.spec -Wl,-T -Wl,../src/lscript.ld -L../../standalone_bsp_0/ps7_cortexa9_0/lib -o "DMA_sdk.elf"  ./src/main.o   -Wl,--start-group,-lxil,-lgcc,-lc,-lstdc++,--end-group
Finished building target: DMA_sdk.elf
 
Invoking: ARM v7 Print Size
arm-none-eabi-size DMA_sdk.elf  |tee "DMA_sdk.elf.size"
   text	   data	    bss	    dec	    hex	filename
  19048	   1144	  24464	  44656	   ae70	DMA_sdk.elf
Finished building: DMA_sdk.elf.size
 
10:30:39 **** Auto Build of configuration Debug for project DMA_sdk ****
make pre-build main-build 
a9-linaro-pre-build-step
 
Building file: ../src/main.cc
Invoking: ARM v7 g++ compiler
arm-none-eabi-g++ -Wall -O0 -g3 -c -fmessage-length=0 -MT"src/main.o" -mcpu=cortex-a9 -mfpu=vfpv3 -mfloat-abi=hard -I../../standalone_bsp_0/ps7_cortexa9_0/include -MMD -MP -MF"src/main.d" -MT"src/main.o" -o "src/main.o" "../src/main.cc"
Finished building: ../src/main.cc
 
Building target: DMA_sdk.elf
Invoking: ARM v7 g++ linker
arm-none-eabi-g++ -mcpu=cortex-a9 -mfpu=vfpv3 -mfloat-abi=hard -Wl,-build-id=none -specs=Xilinx.spec -Wl,-T -Wl,../src/lscript.ld -L../../standalone_bsp_0/ps7_cortexa9_0/lib -o "DMA_sdk.elf"  ./src/main.o   -Wl,--start-group,-lxil,-lgcc,-lc,-lstdc++,--end-group
Finished building target: DMA_sdk.elf
 
Invoking: ARM v7 Print Size
arm-none-eabi-size DMA_sdk.elf  |tee "DMA_sdk.elf.size"
   text	   data	    bss	    dec	    hex	filename
  30984	   2184	  24528	  57696	   e160	DMA_sdk.elf
Finished building: DMA_sdk.elf.size
 
10:30:45 **** Auto Build of configuration Debug for project DMA_sdk ****
make pre-build main-build 
a9-linaro-pre-build-step
 
Building file: ../src/main.cc
Invoking: ARM v7 g++ compiler
arm-none-eabi-g++ -Wall -O0 -g3 -c -fmessage-length=0 -MT"src/main.o" -mcpu=cortex-a9 -mfpu=vfpv3 -mfloat-abi=hard -I../../standalone_bsp_0/ps7_cortexa9_0/include -MMD -MP -MF"src/main.d" -MT"src/main.o" -o "src/main.o" "../src/main.cc"
Finished building: ../src/main.cc
 
Building target: DMA_sdk.elf
Invoking: ARM v7 g++ linker
arm-none-eabi-g++ -mcpu=cortex-a9 -mfpu=vfpv3 -mfloat-abi=hard -Wl,-build-id=none -specs=Xilinx.spec -Wl,-T -Wl,../src/lscript.ld -L../../standalone_bsp_0/ps7_cortexa9_0/lib -o "DMA_sdk.elf"  ./src/main.o   -Wl,--start-group,-lxil,-lgcc,-lc,-lstdc++,--end-group
Finished building target: DMA_sdk.elf
 
Invoking: ARM v7 Print Size
arm-none-eabi-size DMA_sdk.elf  |tee "DMA_sdk.elf.size"
   text	   data	    bss	    dec	    hex	filename
  30984	   2184	  24528	  57696	   e160	DMA_sdk.elf
Finished building: DMA_sdk.elf.size
 
10:31:15 **** Auto Build of configuration Debug for project DMA_sdk ****
make pre-build main-build 
a9-linaro-pre-build-step
 
Building file: ../src/main.cc
Invoking: ARM v7 g++ compiler
arm-none-eabi-g++ -Wall -O0 -g3 -c -fmessage-length=0 -MT"src/main.o" -mcpu=cortex-a9 -mfpu=vfpv3 -mfloat-abi=hard -I../../standalone_bsp_0/ps7_cortexa9_0/include -MMD -MP -MF"src/main.d" -MT"src/main.o" -o "src/main.o" "../src/main.cc"
../src/main.cc: In function 'void init_pheriferial()':
../src/main.cc:21:31: error: too few arguments to function 'XFir_Config* XFir_LookupConfig(u16)'
  Fir_conf = XFir_LookupConfig();
                               ^
In file included from ../src/main.cc:7:0:
../../standalone_bsp_0/ps7_cortexa9_0/include/xfir.h:76:14: note: declared here
 XFir_Config* XFir_LookupConfig(u16 DeviceId);
              ^~~~~~~~~~~~~~~~~
src/subdir.mk:21: recipe for target 'src/main.o' failed
make: *** [src/main.o] Error 1
10:32:06 **** Auto Build of configuration Debug for project DMA_sdk ****
make pre-build main-build 
a9-linaro-pre-build-step
 
Building file: ../src/main.cc
Invoking: ARM v7 g++ compiler
arm-none-eabi-g++ -Wall -O0 -g3 -c -fmessage-length=0 -MT"src/main.o" -mcpu=cortex-a9 -mfpu=vfpv3 -mfloat-abi=hard -I../../standalone_bsp_0/ps7_cortexa9_0/include -MMD -MP -MF"src/main.d" -MT"src/main.o" -o "src/main.o" "../src/main.cc"
../src/main.cc: In function 'void init_pheriferial()':
../src/main.cc:21:31: error: 'XPAR_FIR_LEFT_DEVICE_ID' was not declared in this scope
  Fir_conf = XFir_LookupConfig(XPAR_FIR_LEFT_DEVICE_ID);
                               ^~~~~~~~~~~~~~~~~~~~~~~
../src/main.cc:21:31: note: suggested alternative: 'XPAR_FIR_0_DEVICE_ID'
  Fir_conf = XFir_LookupConfig(XPAR_FIR_LEFT_DEVICE_ID);
                               ^~~~~~~~~~~~~~~~~~~~~~~
                               XPAR_FIR_0_DEVICE_ID
src/subdir.mk:21: recipe for target 'src/main.o' failed
make: *** [src/main.o] Error 1
10:34:10 **** Auto Build of configuration Debug for project DMA_sdk ****
make pre-build main-build 
a9-linaro-pre-build-step
 
Building file: ../src/main.cc
Invoking: ARM v7 g++ compiler
arm-none-eabi-g++ -Wall -O0 -g3 -c -fmessage-length=0 -MT"src/main.o" -mcpu=cortex-a9 -mfpu=vfpv3 -mfloat-abi=hard -I../../standalone_bsp_0/ps7_cortexa9_0/include -MMD -MP -MF"src/main.d" -MT"src/main.o" -o "src/main.o" "../src/main.cc"
../src/main.cc: In function 'void init_pheriferial()':
../src/main.cc:21:31: error: too few arguments to function 'XFir_Config* XFir_LookupConfig(u16)'
  Fir_conf = XFir_LookupConfig();
                               ^
In file included from ../src/main.cc:7:0:
../../standalone_bsp_0/ps7_cortexa9_0/include/xfir.h:76:14: note: declared here
 XFir_Config* XFir_LookupConfig(u16 DeviceId);
              ^~~~~~~~~~~~~~~~~
src/subdir.mk:21: recipe for target 'src/main.o' failed
make: *** [src/main.o] Error 1
10:36:04 **** Auto Build of configuration Debug for project DMA_sdk ****
make pre-build main-build 
a9-linaro-pre-build-step
 
Building file: ../src/main.cc
Invoking: ARM v7 g++ compiler
arm-none-eabi-g++ -Wall -O0 -g3 -c -fmessage-length=0 -MT"src/main.o" -mcpu=cortex-a9 -mfpu=vfpv3 -mfloat-abi=hard -I../../standalone_bsp_0/ps7_cortexa9_0/include -MMD -MP -MF"src/main.d" -MT"src/main.o" -o "src/main.o" "../src/main.cc"
Finished building: ../src/main.cc
 
Building target: DMA_sdk.elf
Invoking: ARM v7 g++ linker
arm-none-eabi-g++ -mcpu=cortex-a9 -mfpu=vfpv3 -mfloat-abi=hard -Wl,-build-id=none -specs=Xilinx.spec -Wl,-T -Wl,../src/lscript.ld -L../../standalone_bsp_0/ps7_cortexa9_0/lib -o "DMA_sdk.elf"  ./src/main.o   -Wl,--start-group,-lxil,-lgcc,-lc,-lstdc++,--end-group
Finished building target: DMA_sdk.elf
 
Invoking: ARM v7 Print Size
arm-none-eabi-size DMA_sdk.elf  |tee "DMA_sdk.elf.size"
   text	   data	    bss	    dec	    hex	filename
  35680	   2192	  24528	  62400	   f3c0	DMA_sdk.elf
Finished building: DMA_sdk.elf.size
 
10:36:31 **** Auto Build of configuration Debug for project DMA_sdk ****
make pre-build main-build 
a9-linaro-pre-build-step
 
Building file: ../src/main.cc
Invoking: ARM v7 g++ compiler
arm-none-eabi-g++ -Wall -O0 -g3 -c -fmessage-length=0 -MT"src/main.o" -mcpu=cortex-a9 -mfpu=vfpv3 -mfloat-abi=hard -I../../standalone_bsp_0/ps7_cortexa9_0/include -MMD -MP -MF"src/main.d" -MT"src/main.o" -o "src/main.o" "../src/main.cc"
Finished building: ../src/main.cc
 
Building target: DMA_sdk.elf
Invoking: ARM v7 g++ linker
arm-none-eabi-g++ -mcpu=cortex-a9 -mfpu=vfpv3 -mfloat-abi=hard -Wl,-build-id=none -specs=Xilinx.spec -Wl,-T -Wl,../src/lscript.ld -L../../standalone_bsp_0/ps7_cortexa9_0/lib -o "DMA_sdk.elf"  ./src/main.o   -Wl,--start-group,-lxil,-lgcc,-lc,-lstdc++,--end-group
Finished building target: DMA_sdk.elf
 
Invoking: ARM v7 Print Size
arm-none-eabi-size DMA_sdk.elf  |tee "DMA_sdk.elf.size"
   text	   data	    bss	    dec	    hex	filename
  35680	   2192	  24528	  62400	   f3c0	DMA_sdk.elf
Finished building: DMA_sdk.elf.size
 
10:36:49 **** Auto Build of configuration Debug for project DMA_sdk ****
make pre-build main-build 
a9-linaro-pre-build-step
 
Building file: ../src/main.cc
Invoking: ARM v7 g++ compiler
arm-none-eabi-g++ -Wall -O0 -g3 -c -fmessage-length=0 -MT"src/main.o" -mcpu=cortex-a9 -mfpu=vfpv3 -mfloat-abi=hard -I../../standalone_bsp_0/ps7_cortexa9_0/include -MMD -MP -MF"src/main.d" -MT"src/main.o" -o "src/main.o" "../src/main.cc"
Finished building: ../src/main.cc
 
Building target: DMA_sdk.elf
Invoking: ARM v7 g++ linker
arm-none-eabi-g++ -mcpu=cortex-a9 -mfpu=vfpv3 -mfloat-abi=hard -Wl,-build-id=none -specs=Xilinx.spec -Wl,-T -Wl,../src/lscript.ld -L../../standalone_bsp_0/ps7_cortexa9_0/lib -o "DMA_sdk.elf"  ./src/main.o   -Wl,--start-group,-lxil,-lgcc,-lc,-lstdc++,--end-group
Finished building target: DMA_sdk.elf
 
Invoking: ARM v7 Print Size
arm-none-eabi-size DMA_sdk.elf  |tee "DMA_sdk.elf.size"
   text	   data	    bss	    dec	    hex	filename
  35700	   2192	  24536	  62428	   f3dc	DMA_sdk.elf
Finished building: DMA_sdk.elf.size
 
10:37:22 **** Auto Build of configuration Debug for project DMA_sdk ****
make pre-build main-build 
a9-linaro-pre-build-step
 
Building file: ../src/main.cc
Invoking: ARM v7 g++ compiler
arm-none-eabi-g++ -Wall -O0 -g3 -c -fmessage-length=0 -MT"src/main.o" -mcpu=cortex-a9 -mfpu=vfpv3 -mfloat-abi=hard -I../../standalone_bsp_0/ps7_cortexa9_0/include -MMD -MP -MF"src/main.d" -MT"src/main.o" -o "src/main.o" "../src/main.cc"
Finished building: ../src/main.cc
 
Building target: DMA_sdk.elf
Invoking: ARM v7 g++ linker
arm-none-eabi-g++ -mcpu=cortex-a9 -mfpu=vfpv3 -mfloat-abi=hard -Wl,-build-id=none -specs=Xilinx.spec -Wl,-T -Wl,../src/lscript.ld -L../../standalone_bsp_0/ps7_cortexa9_0/lib -o "DMA_sdk.elf"  ./src/main.o   -Wl,--start-group,-lxil,-lgcc,-lc,-lstdc++,--end-group
Finished building target: DMA_sdk.elf
 
Invoking: ARM v7 Print Size
arm-none-eabi-size DMA_sdk.elf  |tee "DMA_sdk.elf.size"
   text	   data	    bss	    dec	    hex	filename
  35724	   2192	  24536	  62452	   f3f4	DMA_sdk.elf
Finished building: DMA_sdk.elf.size
 
10:37:25 **** Auto Build of configuration Debug for project DMA_sdk ****
make pre-build main-build 
a9-linaro-pre-build-step
 
Building file: ../src/main.cc
Invoking: ARM v7 g++ compiler
arm-none-eabi-g++ -Wall -O0 -g3 -c -fmessage-length=0 -MT"src/main.o" -mcpu=cortex-a9 -mfpu=vfpv3 -mfloat-abi=hard -I../../standalone_bsp_0/ps7_cortexa9_0/include -MMD -MP -MF"src/main.d" -MT"src/main.o" -o "src/main.o" "../src/main.cc"
Finished building: ../src/main.cc
 
Building target: DMA_sdk.elf
Invoking: ARM v7 g++ linker
arm-none-eabi-g++ -mcpu=cortex-a9 -mfpu=vfpv3 -mfloat-abi=hard -Wl,-build-id=none -specs=Xilinx.spec -Wl,-T -Wl,../src/lscript.ld -L../../standalone_bsp_0/ps7_cortexa9_0/lib -o "DMA_sdk.elf"  ./src/main.o   -Wl,--start-group,-lxil,-lgcc,-lc,-lstdc++,--end-group
Finished building target: DMA_sdk.elf
 
Invoking: ARM v7 Print Size
arm-none-eabi-size DMA_sdk.elf  |tee "DMA_sdk.elf.size"
   text	   data	    bss	    dec	    hex	filename
  35724	   2192	  24536	  62452	   f3f4	DMA_sdk.elf
Finished building: DMA_sdk.elf.size
 
10:38:37 **** Auto Build of configuration Debug for project DMA_sdk ****
make pre-build main-build 
a9-linaro-pre-build-step
 
Building file: ../src/main.cc
Invoking: ARM v7 g++ compiler
arm-none-eabi-g++ -Wall -O0 -g3 -c -fmessage-length=0 -MT"src/main.o" -mcpu=cortex-a9 -mfpu=vfpv3 -mfloat-abi=hard -I../../standalone_bsp_0/ps7_cortexa9_0/include -MMD -MP -MF"src/main.d" -MT"src/main.o" -o "src/main.o" "../src/main.cc"
../src/main.cc: In function 'void init_pheriferial()':
../src/main.cc:23:3: error: 'Fir_nadle' was not declared in this scope
   Fir_nadle = XFir_CfgInitialize();
   ^~~~~~~~~
../src/main.cc:23:3: note: suggested alternative: 'Fir_handle'
   Fir_nadle = XFir_CfgInitialize();
   ^~~~~~~~~
   Fir_handle
../src/main.cc:23:34: error: too few arguments to function 'int XFir_CfgInitialize(XFir*, XFir_Config*)'
   Fir_nadle = XFir_CfgInitialize();
                                  ^
In file included from ../src/main.cc:7:0:
../../standalone_bsp_0/ps7_cortexa9_0/include/xfir.h:77:5: note: declared here
 int XFir_CfgInitialize(XFir *InstancePtr, XFir_Config *ConfigPtr);
     ^~~~~~~~~~~~~~~~~~
make: *** [src/main.o] Error 1
src/subdir.mk:21: recipe for target 'src/main.o' failed
10:39:56 **** Auto Build of configuration Debug for project DMA_sdk ****
make pre-build main-build 
a9-linaro-pre-build-step
 
Building file: ../src/main.cc
Invoking: ARM v7 g++ compiler
arm-none-eabi-g++ -Wall -O0 -g3 -c -fmessage-length=0 -MT"src/main.o" -mcpu=cortex-a9 -mfpu=vfpv3 -mfloat-abi=hard -I../../standalone_bsp_0/ps7_cortexa9_0/include -MMD -MP -MF"src/main.d" -MT"src/main.o" -o "src/main.o" "../src/main.cc"
../src/main.cc: In function 'void init_pheriferial()':
../src/main.cc:31:3: error: 'Fir_nadle' was not declared in this scope
   Fir_nadle = XFir_CfgInitialize();
   ^~~~~~~~~
../src/main.cc:31:3: note: suggested alternative: 'Fir_handle'
   Fir_nadle = XFir_CfgInitialize();
   ^~~~~~~~~
   Fir_handle
../src/main.cc:31:34: error: too few arguments to function 'int XFir_CfgInitialize(XFir*, XFir_Config*)'
   Fir_nadle = XFir_CfgInitialize();
                                  ^
In file included from ../src/main.cc:7:0:
../../standalone_bsp_0/ps7_cortexa9_0/include/xfir.h:77:5: note: declared here
 int XFir_CfgInitialize(XFir *InstancePtr, XFir_Config *ConfigPtr);
     ^~~~~~~~~~~~~~~~~~
src/subdir.mk:21: recipe for target 'src/main.o' failed
make: *** [src/main.o] Error 1
10:40:10 **** Auto Build of configuration Debug for project DMA_sdk ****
make pre-build main-build 
a9-linaro-pre-build-step
 
Building file: ../src/main.cc
Invoking: ARM v7 g++ compiler
arm-none-eabi-g++ -Wall -O0 -g3 -c -fmessage-length=0 -MT"src/main.o" -mcpu=cortex-a9 -mfpu=vfpv3 -mfloat-abi=hard -I../../standalone_bsp_0/ps7_cortexa9_0/include -MMD -MP -MF"src/main.d" -MT"src/main.o" -o "src/main.o" "../src/main.cc"
../src/main.cc: In function 'void init_pheriferial()':
../src/main.cc:23:3: error: 'Fir_nadle' was not declared in this scope
   Fir_nadle = XFir_CfgInitialize();
   ^~~~~~~~~
../src/main.cc:23:3: note: suggested alternative: 'Fir_handle'
   Fir_nadle = XFir_CfgInitialize();
   ^~~~~~~~~
   Fir_handle
../src/main.cc:23:34: error: too few arguments to function 'int XFir_CfgInitialize(XFir*, XFir_Config*)'
   Fir_nadle = XFir_CfgInitialize();
                                  ^
In file included from ../src/main.cc:7:0:
../../standalone_bsp_0/ps7_cortexa9_0/include/xfir.h:77:5: note: declared here
 int XFir_CfgInitialize(XFir *InstancePtr, XFir_Config *ConfigPtr);
     ^~~~~~~~~~~~~~~~~~
src/subdir.mk:21: recipe for target 'src/main.o' failed
make: *** [src/main.o] Error 1
10:40:37 **** Auto Build of configuration Debug for project DMA_sdk ****
make pre-build main-build 
a9-linaro-pre-build-step
 
Building file: ../src/main.cc
Invoking: ARM v7 g++ compiler
arm-none-eabi-g++ -Wall -O0 -g3 -c -fmessage-length=0 -MT"src/main.o" -mcpu=cortex-a9 -mfpu=vfpv3 -mfloat-abi=hard -I../../standalone_bsp_0/ps7_cortexa9_0/include -MMD -MP -MF"src/main.d" -MT"src/main.o" -o "src/main.o" "../src/main.cc"
../src/main.cc: In function 'void init_pheriferial()':
../src/main.cc:23:3: error: 'Fir_hadle' was not declared in this scope
   Fir_hadle = XFir_CfgInitialize();
   ^~~~~~~~~
../src/main.cc:23:3: note: suggested alternative: 'Fir_handle'
   Fir_hadle = XFir_CfgInitialize();
   ^~~~~~~~~
   Fir_handle
../src/main.cc:23:34: error: too few arguments to function 'int XFir_CfgInitialize(XFir*, XFir_Config*)'
   Fir_hadle = XFir_CfgInitialize();
                                  ^
In file included from ../src/main.cc:7:0:
../../standalone_bsp_0/ps7_cortexa9_0/include/xfir.h:77:5: note: declared here
 int XFir_CfgInitialize(XFir *InstancePtr, XFir_Config *ConfigPtr);
src/subdir.mk:21: recipe for target 'src/main.o' failed
     ^~~~~~~~~~~~~~~~~~
make: *** [src/main.o] Error 1
10:40:43 **** Auto Build of configuration Debug for project DMA_sdk ****
make pre-build main-build 
a9-linaro-pre-build-step
 
Building file: ../src/main.cc
Invoking: ARM v7 g++ compiler
arm-none-eabi-g++ -Wall -O0 -g3 -c -fmessage-length=0 -MT"src/main.o" -mcpu=cortex-a9 -mfpu=vfpv3 -mfloat-abi=hard -I../../standalone_bsp_0/ps7_cortexa9_0/include -MMD -MP -MF"src/main.d" -MT"src/main.o" -o "src/main.o" "../src/main.cc"
../src/main.cc: In function 'void init_pheriferial()':
../src/main.cc:23:3: error: 'Fir_hadle' was not declared in this scope
   Fir_hadle = XFir_CfgInitialize(, Fir_conf);
   ^~~~~~~~~
../src/main.cc:23:3: note: suggested alternative: 'Fir_handle'
   Fir_hadle = XFir_CfgInitialize(, Fir_conf);
   ^~~~~~~~~
   Fir_handle
../src/main.cc:23:34: error: expected primary-expression before ',' token
   Fir_hadle = XFir_CfgInitialize(, Fir_conf);
                                  ^
make: *** [src/main.o] Error 1
src/subdir.mk:21: recipe for target 'src/main.o' failed
10:41:30 **** Auto Build of configuration Debug for project DMA_sdk ****
make pre-build main-build 
a9-linaro-pre-build-step
 
Building file: ../src/main.cc
Invoking: ARM v7 g++ compiler
arm-none-eabi-g++ -Wall -O0 -g3 -c -fmessage-length=0 -MT"src/main.o" -mcpu=cortex-a9 -mfpu=vfpv3 -mfloat-abi=hard -I../../standalone_bsp_0/ps7_cortexa9_0/include -MMD -MP -MF"src/main.d" -MT"src/main.o" -o "src/main.o" "../src/main.cc"
../src/main.cc: In function 'void init_pheriferial()':
../src/main.cc:23:3: error: 'Fir_hadle' was not declared in this scope
   Fir_hadle = XFir_CfgInitialize(Fir_hadle, Fir_conf);
   ^~~~~~~~~
../src/main.cc:23:3: note: suggested alternative: 'Fir_handle'
   Fir_hadle = XFir_CfgInitialize(Fir_hadle, Fir_conf);
   ^~~~~~~~~
   Fir_handle
make: *** [src/main.o] Error 1
src/subdir.mk:21: recipe for target 'src/main.o' failed
10:41:33 **** Auto Build of configuration Debug for project DMA_sdk ****
make pre-build main-build 
a9-linaro-pre-build-step
 
Building file: ../src/main.cc
Invoking: ARM v7 g++ compiler
arm-none-eabi-g++ -Wall -O0 -g3 -c -fmessage-length=0 -MT"src/main.o" -mcpu=cortex-a9 -mfpu=vfpv3 -mfloat-abi=hard -I../../standalone_bsp_0/ps7_cortexa9_0/include -MMD -MP -MF"src/main.d" -MT"src/main.o" -o "src/main.o" "../src/main.cc"
../src/main.cc: In function 'void init_pheriferial()':
../src/main.cc:23:4: error: expected primary-expression before '=' token
    = XFir_CfgInitialize(Fir_hadle, Fir_conf);
    ^
../src/main.cc:23:25: error: 'Fir_hadle' was not declared in this scope
    = XFir_CfgInitialize(Fir_hadle, Fir_conf);
                         ^~~~~~~~~
../src/main.cc:23:25: note: suggested alternative: 'Fir_handle'
    = XFir_CfgInitialize(Fir_hadle, Fir_conf);
                         ^~~~~~~~~
                         Fir_handle
src/subdir.mk:21: recipe for target 'src/main.o' failed
make: *** [src/main.o] Error 1
10:41:59 **** Auto Build of configuration Debug for project DMA_sdk ****
make pre-build main-build 
a9-linaro-pre-build-step
 
Building file: ../src/main.cc
Invoking: ARM v7 g++ compiler
arm-none-eabi-g++ -Wall -O0 -g3 -c -fmessage-length=0 -MT"src/main.o" -mcpu=cortex-a9 -mfpu=vfpv3 -mfloat-abi=hard -I../../standalone_bsp_0/ps7_cortexa9_0/include -MMD -MP -MF"src/main.d" -MT"src/main.o" -o "src/main.o" "../src/main.cc"
../src/main.cc: In function 'void init_pheriferial()':
../src/main.cc:23:33: error: 'Fir_hadle' was not declared in this scope
   int init = XFir_CfgInitialize(Fir_hadle, Fir_conf);
                                 ^~~~~~~~~
../src/main.cc:23:33: note: suggested alternative: 'Fir_handle'
   int init = XFir_CfgInitialize(Fir_hadle, Fir_conf);
                                 ^~~~~~~~~
                                 Fir_handle
../src/main.cc:23:7: warning: unused variable 'init' [-Wunused-variable]
   int init = XFir_CfgInitialize(Fir_hadle, Fir_conf);
       ^~~~
make: *** [src/main.o] Error 1
src/subdir.mk:21: recipe for target 'src/main.o' failed
10:42:18 **** Auto Build of configuration Debug for project DMA_sdk ****
make pre-build main-build 
a9-linaro-pre-build-step
 
Building file: ../src/main.cc
Invoking: ARM v7 g++ compiler
arm-none-eabi-g++ -Wall -O0 -g3 -c -fmessage-length=0 -MT"src/main.o" -mcpu=cortex-a9 -mfpu=vfpv3 -mfloat-abi=hard -I../../standalone_bsp_0/ps7_cortexa9_0/include -MMD -MP -MF"src/main.d" -MT"src/main.o" -o "src/main.o" "../src/main.cc"
../src/main.cc: In function 'void init_pheriferial()':
../src/main.cc:23:53: error: cannot convert 'XFir' to 'XFir*' for argument '1' to 'int XFir_CfgInitialize(XFir*, XFir_Config*)'
   int init = XFir_CfgInitialize(Fir_handle, Fir_conf);
                                                     ^
../src/main.cc:23:7: warning: unused variable 'init' [-Wunused-variable]
   int init = XFir_CfgInitialize(Fir_handle, Fir_conf);
       ^~~~
make: *** [src/main.o] Error 1
src/subdir.mk:21: recipe for target 'src/main.o' failed
10:42:36 **** Auto Build of configuration Debug for project DMA_sdk ****
make pre-build main-build 
a9-linaro-pre-build-step
 
Building file: ../src/main.cc
Invoking: ARM v7 g++ compiler
arm-none-eabi-g++ -Wall -O0 -g3 -c -fmessage-length=0 -MT"src/main.o" -mcpu=cortex-a9 -mfpu=vfpv3 -mfloat-abi=hard -I../../standalone_bsp_0/ps7_cortexa9_0/include -MMD -MP -MF"src/main.d" -MT"src/main.o" -o "src/main.o" "../src/main.cc"
../src/main.cc: In function 'void init_pheriferial()':
../src/main.cc:23:7: warning: unused variable 'init' [-Wunused-variable]
   int init = XFir_CfgInitialize(&Fir_handle, Fir_conf);
       ^~~~
Finished building: ../src/main.cc
 
Building target: DMA_sdk.elf
Invoking: ARM v7 g++ linker
arm-none-eabi-g++ -mcpu=cortex-a9 -mfpu=vfpv3 -mfloat-abi=hard -Wl,-build-id=none -specs=Xilinx.spec -Wl,-T -Wl,../src/lscript.ld -L../../standalone_bsp_0/ps7_cortexa9_0/lib -o "DMA_sdk.elf"  ./src/main.o   -Wl,--start-group,-lxil,-lgcc,-lc,-lstdc++,--end-group
Finished building target: DMA_sdk.elf
 
Invoking: ARM v7 Print Size
arm-none-eabi-size DMA_sdk.elf  |tee "DMA_sdk.elf.size"
   text	   data	    bss	    dec	    hex	filename
  35788	   2192	  24536	  62516	   f434	DMA_sdk.elf
Finished building: DMA_sdk.elf.size
 
10:42:39 **** Auto Build of configuration Debug for project DMA_sdk ****
make pre-build main-build 
a9-linaro-pre-build-step
 
Building file: ../src/main.cc
Invoking: ARM v7 g++ compiler
arm-none-eabi-g++ -Wall -O0 -g3 -c -fmessage-length=0 -MT"src/main.o" -mcpu=cortex-a9 -mfpu=vfpv3 -mfloat-abi=hard -I../../standalone_bsp_0/ps7_cortexa9_0/include -MMD -MP -MF"src/main.d" -MT"src/main.o" -o "src/main.o" "../src/main.cc"
../src/main.cc: In function 'void init_pheriferial()':
../src/main.cc:23:7: warning: unused variable 'init' [-Wunused-variable]
   int init = XFir_CfgInitialize(&Fir_handle, Fir_conf);
       ^~~~
Finished building: ../src/main.cc
 
Building target: DMA_sdk.elf
Invoking: ARM v7 g++ linker
arm-none-eabi-g++ -mcpu=cortex-a9 -mfpu=vfpv3 -mfloat-abi=hard -Wl,-build-id=none -specs=Xilinx.spec -Wl,-T -Wl,../src/lscript.ld -L../../standalone_bsp_0/ps7_cortexa9_0/lib -o "DMA_sdk.elf"  ./src/main.o   -Wl,--start-group,-lxil,-lgcc,-lc,-lstdc++,--end-group
Finished building target: DMA_sdk.elf
 
Invoking: ARM v7 Print Size
arm-none-eabi-size DMA_sdk.elf  |tee "DMA_sdk.elf.size"
   text	   data	    bss	    dec	    hex	filename
  35788	   2192	  24536	  62516	   f434	DMA_sdk.elf
Finished building: DMA_sdk.elf.size
 
10:43:22 **** Auto Build of configuration Debug for project DMA_sdk ****
make pre-build main-build 
a9-linaro-pre-build-step
 
Building file: ../src/main.cc
Invoking: ARM v7 g++ compiler
arm-none-eabi-g++ -Wall -O0 -g3 -c -fmessage-length=0 -MT"src/main.o" -mcpu=cortex-a9 -mfpu=vfpv3 -mfloat-abi=hard -I../../standalone_bsp_0/ps7_cortexa9_0/include -MMD -MP -MF"src/main.d" -MT"src/main.o" -o "src/main.o" "../src/main.cc"
Finished building: ../src/main.cc
 
Building target: DMA_sdk.elf
Invoking: ARM v7 g++ linker
arm-none-eabi-g++ -mcpu=cortex-a9 -mfpu=vfpv3 -mfloat-abi=hard -Wl,-build-id=none -specs=Xilinx.spec -Wl,-T -Wl,../src/lscript.ld -L../../standalone_bsp_0/ps7_cortexa9_0/lib -o "DMA_sdk.elf"  ./src/main.o   -Wl,--start-group,-lxil,-lgcc,-lc,-lstdc++,--end-group
Finished building target: DMA_sdk.elf
 
Invoking: ARM v7 Print Size
arm-none-eabi-size DMA_sdk.elf  |tee "DMA_sdk.elf.size"
   text	   data	    bss	    dec	    hex	filename
  35788	   2192	  24536	  62516	   f434	DMA_sdk.elf
Finished building: DMA_sdk.elf.size
 
10:43:53 **** Auto Build of configuration Debug for project DMA_sdk ****
make pre-build main-build 
a9-linaro-pre-build-step
 
Building file: ../src/main.cc
Invoking: ARM v7 g++ compiler
arm-none-eabi-g++ -Wall -O0 -g3 -c -fmessage-length=0 -MT"src/main.o" -mcpu=cortex-a9 -mfpu=vfpv3 -mfloat-abi=hard -I../../standalone_bsp_0/ps7_cortexa9_0/include -MMD -MP -MF"src/main.d" -MT"src/main.o" -o "src/main.o" "../src/main.cc"
Finished building: ../src/main.cc
 
Building target: DMA_sdk.elf
Invoking: ARM v7 g++ linker
arm-none-eabi-g++ -mcpu=cortex-a9 -mfpu=vfpv3 -mfloat-abi=hard -Wl,-build-id=none -specs=Xilinx.spec -Wl,-T -Wl,../src/lscript.ld -L../../standalone_bsp_0/ps7_cortexa9_0/lib -o "DMA_sdk.elf"  ./src/main.o   -Wl,--start-group,-lxil,-lgcc,-lc,-lstdc++,--end-group
Finished building target: DMA_sdk.elf
 
Invoking: ARM v7 Print Size
arm-none-eabi-size DMA_sdk.elf  |tee "DMA_sdk.elf.size"
   text	   data	    bss	    dec	    hex	filename
  35788	   2192	  24536	  62516	   f434	DMA_sdk.elf
Finished building: DMA_sdk.elf.size
 
10:44:05 **** Auto Build of configuration Debug for project DMA_sdk ****
make pre-build main-build 
a9-linaro-pre-build-step
 
Building file: ../src/main.cc
Invoking: ARM v7 g++ compiler
arm-none-eabi-g++ -Wall -O0 -g3 -c -fmessage-length=0 -MT"src/main.o" -mcpu=cortex-a9 -mfpu=vfpv3 -mfloat-abi=hard -I../../standalone_bsp_0/ps7_cortexa9_0/include -MMD -MP -MF"src/main.d" -MT"src/main.o" -o "src/main.o" "../src/main.cc"
Finished building: ../src/main.cc
 
Building target: DMA_sdk.elf
Invoking: ARM v7 g++ linker
arm-none-eabi-g++ -mcpu=cortex-a9 -mfpu=vfpv3 -mfloat-abi=hard -Wl,-build-id=none -specs=Xilinx.spec -Wl,-T -Wl,../src/lscript.ld -L../../standalone_bsp_0/ps7_cortexa9_0/lib -o "DMA_sdk.elf"  ./src/main.o   -Wl,--start-group,-lxil,-lgcc,-lc,-lstdc++,--end-group
Finished building target: DMA_sdk.elf
 
Invoking: ARM v7 Print Size
arm-none-eabi-size DMA_sdk.elf  |tee "DMA_sdk.elf.size"
   text	   data	    bss	    dec	    hex	filename
  35844	   2192	  24536	  62572	   f46c	DMA_sdk.elf
Finished building: DMA_sdk.elf.size
 
10:44:16 **** Auto Build of configuration Debug for project DMA_sdk ****
make pre-build main-build 
a9-linaro-pre-build-step
 
Building file: ../src/main.cc
Invoking: ARM v7 g++ compiler
arm-none-eabi-g++ -Wall -O0 -g3 -c -fmessage-length=0 -MT"src/main.o" -mcpu=cortex-a9 -mfpu=vfpv3 -mfloat-abi=hard -I../../standalone_bsp_0/ps7_cortexa9_0/include -MMD -MP -MF"src/main.d" -MT"src/main.o" -o "src/main.o" "../src/main.cc"
Finished building: ../src/main.cc
 
Building target: DMA_sdk.elf
Invoking: ARM v7 g++ linker
arm-none-eabi-g++ -mcpu=cortex-a9 -mfpu=vfpv3 -mfloat-abi=hard -Wl,-build-id=none -specs=Xilinx.spec -Wl,-T -Wl,../src/lscript.ld -L../../standalone_bsp_0/ps7_cortexa9_0/lib -o "DMA_sdk.elf"  ./src/main.o   -Wl,--start-group,-lxil,-lgcc,-lc,-lstdc++,--end-group
Finished building target: DMA_sdk.elf
 
Invoking: ARM v7 Print Size
arm-none-eabi-size DMA_sdk.elf  |tee "DMA_sdk.elf.size"
   text	   data	    bss	    dec	    hex	filename
  35876	   2192	  24536	  62604	   f48c	DMA_sdk.elf
Finished building: DMA_sdk.elf.size
 
10:44:28 **** Auto Build of configuration Debug for project DMA_sdk ****
make pre-build main-build 
a9-linaro-pre-build-step
 
Building file: ../src/main.cc
Invoking: ARM v7 g++ compiler
arm-none-eabi-g++ -Wall -O0 -g3 -c -fmessage-length=0 -MT"src/main.o" -mcpu=cortex-a9 -mfpu=vfpv3 -mfloat-abi=hard -I../../standalone_bsp_0/ps7_cortexa9_0/include -MMD -MP -MF"src/main.d" -MT"src/main.o" -o "src/main.o" "../src/main.cc"
Finished building: ../src/main.cc
 
Building target: DMA_sdk.elf
Invoking: ARM v7 g++ linker
arm-none-eabi-g++ -mcpu=cortex-a9 -mfpu=vfpv3 -mfloat-abi=hard -Wl,-build-id=none -specs=Xilinx.spec -Wl,-T -Wl,../src/lscript.ld -L../../standalone_bsp_0/ps7_cortexa9_0/lib -o "DMA_sdk.elf"  ./src/main.o   -Wl,--start-group,-lxil,-lgcc,-lc,-lstdc++,--end-group
Finished building target: DMA_sdk.elf
 
Invoking: ARM v7 Print Size
arm-none-eabi-size DMA_sdk.elf  |tee "DMA_sdk.elf.size"
   text	   data	    bss	    dec	    hex	filename
  35876	   2192	  24536	  62604	   f48c	DMA_sdk.elf
Finished building: DMA_sdk.elf.size
 
10:44:32 **** Auto Build of configuration Debug for project DMA_sdk ****
make pre-build main-build 
a9-linaro-pre-build-step
 
Building file: ../src/main.cc
Invoking: ARM v7 g++ compiler
arm-none-eabi-g++ -Wall -O0 -g3 -c -fmessage-length=0 -MT"src/main.o" -mcpu=cortex-a9 -mfpu=vfpv3 -mfloat-abi=hard -I../../standalone_bsp_0/ps7_cortexa9_0/include -MMD -MP -MF"src/main.d" -MT"src/main.o" -o "src/main.o" "../src/main.cc"
Finished building: ../src/main.cc
 
Building target: DMA_sdk.elf
Invoking: ARM v7 g++ linker
arm-none-eabi-g++ -mcpu=cortex-a9 -mfpu=vfpv3 -mfloat-abi=hard -Wl,-build-id=none -specs=Xilinx.spec -Wl,-T -Wl,../src/lscript.ld -L../../standalone_bsp_0/ps7_cortexa9_0/lib -o "DMA_sdk.elf"  ./src/main.o   -Wl,--start-group,-lxil,-lgcc,-lc,-lstdc++,--end-group
Finished building target: DMA_sdk.elf
 
Invoking: ARM v7 Print Size
arm-none-eabi-size DMA_sdk.elf  |tee "DMA_sdk.elf.size"
   text	   data	    bss	    dec	    hex	filename
  35876	   2192	  24536	  62604	   f48c	DMA_sdk.elf
Finished building: DMA_sdk.elf.size
 
10:44:35 **** Auto Build of configuration Debug for project DMA_sdk ****
make pre-build main-build 
a9-linaro-pre-build-step
 
Building file: ../src/main.cc
Invoking: ARM v7 g++ compiler
arm-none-eabi-g++ -Wall -O0 -g3 -c -fmessage-length=0 -MT"src/main.o" -mcpu=cortex-a9 -mfpu=vfpv3 -mfloat-abi=hard -I../../standalone_bsp_0/ps7_cortexa9_0/include -MMD -MP -MF"src/main.d" -MT"src/main.o" -o "src/main.o" "../src/main.cc"
Finished building: ../src/main.cc
 
Building target: DMA_sdk.elf
Invoking: ARM v7 g++ linker
arm-none-eabi-g++ -mcpu=cortex-a9 -mfpu=vfpv3 -mfloat-abi=hard -Wl,-build-id=none -specs=Xilinx.spec -Wl,-T -Wl,../src/lscript.ld -L../../standalone_bsp_0/ps7_cortexa9_0/lib -o "DMA_sdk.elf"  ./src/main.o   -Wl,--start-group,-lxil,-lgcc,-lc,-lstdc++,--end-group
Finished building target: DMA_sdk.elf
 
Invoking: ARM v7 Print Size
arm-none-eabi-size DMA_sdk.elf  |tee "DMA_sdk.elf.size"
   text	   data	    bss	    dec	    hex	filename
  35876	   2192	  24536	  62604	   f48c	DMA_sdk.elf
Finished building: DMA_sdk.elf.size
 
10:45:03 **** Auto Build of configuration Debug for project DMA_sdk ****
make pre-build main-build 
a9-linaro-pre-build-step
 
Building file: ../src/main.cc
Invoking: ARM v7 g++ compiler
arm-none-eabi-g++ -Wall -O0 -g3 -c -fmessage-length=0 -MT"src/main.o" -mcpu=cortex-a9 -mfpu=vfpv3 -mfloat-abi=hard -I../../standalone_bsp_0/ps7_cortexa9_0/include -MMD -MP -MF"src/main.d" -MT"src/main.o" -o "src/main.o" "../src/main.cc"
../src/main.cc: In function 'void init_pheriferial()':
../src/main.cc:25:15: error: 'XAxiDmaLookupConfig' was not declared in this scope
    Dma_conf = XAxiDmaLookupConfig();
               ^~~~~~~~~~~~~~~~~~~
../src/main.cc:25:15: note: suggested alternative: 'XAxiDma_LookupConfig'
    Dma_conf = XAxiDmaLookupConfig();
               ^~~~~~~~~~~~~~~~~~~
               XAxiDma_LookupConfig
make: *** [src/main.o] Error 1
src/subdir.mk:21: recipe for target 'src/main.o' failed
10:45:26 **** Auto Build of configuration Debug for project DMA_sdk ****
make pre-build main-build 
a9-linaro-pre-build-step
 
Building file: ../src/main.cc
Invoking: ARM v7 g++ compiler
arm-none-eabi-g++ -Wall -O0 -g3 -c -fmessage-length=0 -MT"src/main.o" -mcpu=cortex-a9 -mfpu=vfpv3 -mfloat-abi=hard -I../../standalone_bsp_0/ps7_cortexa9_0/include -MMD -MP -MF"src/main.d" -MT"src/main.o" -o "src/main.o" "../src/main.cc"
../src/main.cc: In function 'void init_pheriferial()':
../src/main.cc:25:36: error: too few arguments to function 'XAxiDma_Config* XAxiDma_LookupConfig(u32)'
    Dma_conf = XAxiDma_LookupConfig();
                                    ^
In file included from ../src/main.cc:8:0:
../../standalone_bsp_0/ps7_cortexa9_0/include/xaxidma.h:743:17: note: declared here
 XAxiDma_Config *XAxiDma_LookupConfig(u32 DeviceId);
                 ^~~~~~~~~~~~~~~~~~~~
src/subdir.mk:21: recipe for target 'src/main.o' failed
make: *** [src/main.o] Error 1
10:47:07 **** Auto Build of configuration Debug for project DMA_sdk ****
make pre-build main-build 
a9-linaro-pre-build-step
 
Building file: ../src/main.cc
Invoking: ARM v7 g++ compiler
arm-none-eabi-g++ -Wall -O0 -g3 -c -fmessage-length=0 -MT"src/main.o" -mcpu=cortex-a9 -mfpu=vfpv3 -mfloat-abi=hard -I../../standalone_bsp_0/ps7_cortexa9_0/include -MMD -MP -MF"src/main.d" -MT"src/main.o" -o "src/main.o" "../src/main.cc"
Finished building: ../src/main.cc
 
Building target: DMA_sdk.elf
Invoking: ARM v7 g++ linker
arm-none-eabi-g++ -mcpu=cortex-a9 -mfpu=vfpv3 -mfloat-abi=hard -Wl,-build-id=none -specs=Xilinx.spec -Wl,-T -Wl,../src/lscript.ld -L../../standalone_bsp_0/ps7_cortexa9_0/lib -o "DMA_sdk.elf"  ./src/main.o   -Wl,--start-group,-lxil,-lgcc,-lc,-lstdc++,--end-group
Finished building target: DMA_sdk.elf
 
Invoking: ARM v7 Print Size
arm-none-eabi-size DMA_sdk.elf  |tee "DMA_sdk.elf.size"
   text	   data	    bss	    dec	    hex	filename
  36004	   2264	  24536	  62804	   f554	DMA_sdk.elf
Finished building: DMA_sdk.elf.size
 
10:47:09 **** Auto Build of configuration Debug for project DMA_sdk ****
make pre-build main-build 
a9-linaro-pre-build-step
 
Building file: ../src/main.cc
Invoking: ARM v7 g++ compiler
arm-none-eabi-g++ -Wall -O0 -g3 -c -fmessage-length=0 -MT"src/main.o" -mcpu=cortex-a9 -mfpu=vfpv3 -mfloat-abi=hard -I../../standalone_bsp_0/ps7_cortexa9_0/include -MMD -MP -MF"src/main.d" -MT"src/main.o" -o "src/main.o" "../src/main.cc"
Finished building: ../src/main.cc
 
Building target: DMA_sdk.elf
Invoking: ARM v7 g++ linker
arm-none-eabi-g++ -mcpu=cortex-a9 -mfpu=vfpv3 -mfloat-abi=hard -Wl,-build-id=none -specs=Xilinx.spec -Wl,-T -Wl,../src/lscript.ld -L../../standalone_bsp_0/ps7_cortexa9_0/lib -o "DMA_sdk.elf"  ./src/main.o   -Wl,--start-group,-lxil,-lgcc,-lc,-lstdc++,--end-group
Finished building target: DMA_sdk.elf
 
Invoking: ARM v7 Print Size
arm-none-eabi-size DMA_sdk.elf  |tee "DMA_sdk.elf.size"
   text	   data	    bss	    dec	    hex	filename
  36004	   2264	  24536	  62804	   f554	DMA_sdk.elf
Finished building: DMA_sdk.elf.size
 
10:47:11 **** Auto Build of configuration Debug for project DMA_sdk ****
make pre-build main-build 
a9-linaro-pre-build-step
 
Building file: ../src/main.cc
Invoking: ARM v7 g++ compiler
arm-none-eabi-g++ -Wall -O0 -g3 -c -fmessage-length=0 -MT"src/main.o" -mcpu=cortex-a9 -mfpu=vfpv3 -mfloat-abi=hard -I../../standalone_bsp_0/ps7_cortexa9_0/include -MMD -MP -MF"src/main.d" -MT"src/main.o" -o "src/main.o" "../src/main.cc"
Finished building: ../src/main.cc
 
Building target: DMA_sdk.elf
Invoking: ARM v7 g++ linker
arm-none-eabi-g++ -mcpu=cortex-a9 -mfpu=vfpv3 -mfloat-abi=hard -Wl,-build-id=none -specs=Xilinx.spec -Wl,-T -Wl,../src/lscript.ld -L../../standalone_bsp_0/ps7_cortexa9_0/lib -o "DMA_sdk.elf"  ./src/main.o   -Wl,--start-group,-lxil,-lgcc,-lc,-lstdc++,--end-group
Finished building target: DMA_sdk.elf
 
Invoking: ARM v7 Print Size
arm-none-eabi-size DMA_sdk.elf  |tee "DMA_sdk.elf.size"
   text	   data	    bss	    dec	    hex	filename
  36004	   2264	  24536	  62804	   f554	DMA_sdk.elf
Finished building: DMA_sdk.elf.size
 
10:47:38 **** Auto Build of configuration Debug for project DMA_sdk ****
make pre-build main-build 
a9-linaro-pre-build-step
 
Building file: ../src/main.cc
Invoking: ARM v7 g++ compiler
arm-none-eabi-g++ -Wall -O0 -g3 -c -fmessage-length=0 -MT"src/main.o" -mcpu=cortex-a9 -mfpu=vfpv3 -mfloat-abi=hard -I../../standalone_bsp_0/ps7_cortexa9_0/include -MMD -MP -MF"src/main.d" -MT"src/main.o" -o "src/main.o" "../src/main.cc"
Finished building: ../src/main.cc
 
Building target: DMA_sdk.elf
Invoking: ARM v7 g++ linker
arm-none-eabi-g++ -mcpu=cortex-a9 -mfpu=vfpv3 -mfloat-abi=hard -Wl,-build-id=none -specs=Xilinx.spec -Wl,-T -Wl,../src/lscript.ld -L../../standalone_bsp_0/ps7_cortexa9_0/lib -o "DMA_sdk.elf"  ./src/main.o   -Wl,--start-group,-lxil,-lgcc,-lc,-lstdc++,--end-group
Finished building target: DMA_sdk.elf
 
Invoking: ARM v7 Print Size
arm-none-eabi-size DMA_sdk.elf  |tee "DMA_sdk.elf.size"
   text	   data	    bss	    dec	    hex	filename
  36004	   2264	  24536	  62804	   f554	DMA_sdk.elf
Finished building: DMA_sdk.elf.size
 
10:48:14 **** Auto Build of configuration Debug for project DMA_sdk ****
make pre-build main-build 
a9-linaro-pre-build-step
 
Building file: ../src/main.cc
Invoking: ARM v7 g++ compiler
arm-none-eabi-g++ -Wall -O0 -g3 -c -fmessage-length=0 -MT"src/main.o" -mcpu=cortex-a9 -mfpu=vfpv3 -mfloat-abi=hard -I../../standalone_bsp_0/ps7_cortexa9_0/include -MMD -MP -MF"src/main.d" -MT"src/main.o" -o "src/main.o" "../src/main.cc"
Finished building: ../src/main.cc
 
Building target: DMA_sdk.elf
Invoking: ARM v7 g++ linker
arm-none-eabi-g++ -mcpu=cortex-a9 -mfpu=vfpv3 -mfloat-abi=hard -Wl,-build-id=none -specs=Xilinx.spec -Wl,-T -Wl,../src/lscript.ld -L../../standalone_bsp_0/ps7_cortexa9_0/lib -o "DMA_sdk.elf"  ./src/main.o   -Wl,--start-group,-lxil,-lgcc,-lc,-lstdc++,--end-group
Finished building target: DMA_sdk.elf
 
Invoking: ARM v7 Print Size
arm-none-eabi-size DMA_sdk.elf  |tee "DMA_sdk.elf.size"
   text	   data	    bss	    dec	    hex	filename
  36064	   2264	  24536	  62864	   f590	DMA_sdk.elf
Finished building: DMA_sdk.elf.size
 
10:48:16 **** Auto Build of configuration Debug for project DMA_sdk ****
make pre-build main-build 
a9-linaro-pre-build-step
 
Building file: ../src/main.cc
Invoking: ARM v7 g++ compiler
arm-none-eabi-g++ -Wall -O0 -g3 -c -fmessage-length=0 -MT"src/main.o" -mcpu=cortex-a9 -mfpu=vfpv3 -mfloat-abi=hard -I../../standalone_bsp_0/ps7_cortexa9_0/include -MMD -MP -MF"src/main.d" -MT"src/main.o" -o "src/main.o" "../src/main.cc"
Finished building: ../src/main.cc
 
Building target: DMA_sdk.elf
Invoking: ARM v7 g++ linker
arm-none-eabi-g++ -mcpu=cortex-a9 -mfpu=vfpv3 -mfloat-abi=hard -Wl,-build-id=none -specs=Xilinx.spec -Wl,-T -Wl,../src/lscript.ld -L../../standalone_bsp_0/ps7_cortexa9_0/lib -o "DMA_sdk.elf"  ./src/main.o   -Wl,--start-group,-lxil,-lgcc,-lc,-lstdc++,--end-group
Finished building target: DMA_sdk.elf
 
Invoking: ARM v7 Print Size
arm-none-eabi-size DMA_sdk.elf  |tee "DMA_sdk.elf.size"
   text	   data	    bss	    dec	    hex	filename
  36064	   2264	  24536	  62864	   f590	DMA_sdk.elf
Finished building: DMA_sdk.elf.size
 
10:49:20 **** Auto Build of configuration Debug for project DMA_sdk ****
make pre-build main-build 
a9-linaro-pre-build-step
 
Building file: ../src/main.cc
Invoking: ARM v7 g++ compiler
arm-none-eabi-g++ -Wall -O0 -g3 -c -fmessage-length=0 -MT"src/main.o" -mcpu=cortex-a9 -mfpu=vfpv3 -mfloat-abi=hard -I../../standalone_bsp_0/ps7_cortexa9_0/include -MMD -MP -MF"src/main.d" -MT"src/main.o" -o "src/main.o" "../src/main.cc"
Finished building: ../src/main.cc
 
Building target: DMA_sdk.elf
Invoking: ARM v7 g++ linker
arm-none-eabi-g++ -mcpu=cortex-a9 -mfpu=vfpv3 -mfloat-abi=hard -Wl,-build-id=none -specs=Xilinx.spec -Wl,-T -Wl,../src/lscript.ld -L../../standalone_bsp_0/ps7_cortexa9_0/lib -o "DMA_sdk.elf"  ./src/main.o   -Wl,--start-group,-lxil,-lgcc,-lc,-lstdc++,--end-group
Finished building target: DMA_sdk.elf
 
Invoking: ARM v7 Print Size
arm-none-eabi-size DMA_sdk.elf  |tee "DMA_sdk.elf.size"
   text	   data	    bss	    dec	    hex	filename
  47712	   2264	  24536	  74512	  12310	DMA_sdk.elf
Finished building: DMA_sdk.elf.size
 
10:49:26 **** Auto Build of configuration Debug for project DMA_sdk ****
make pre-build main-build 
a9-linaro-pre-build-step
 
Building file: ../src/main.cc
Invoking: ARM v7 g++ compiler
arm-none-eabi-g++ -Wall -O0 -g3 -c -fmessage-length=0 -MT"src/main.o" -mcpu=cortex-a9 -mfpu=vfpv3 -mfloat-abi=hard -I../../standalone_bsp_0/ps7_cortexa9_0/include -MMD -MP -MF"src/main.d" -MT"src/main.o" -o "src/main.o" "../src/main.cc"
Finished building: ../src/main.cc
 
Building target: DMA_sdk.elf
Invoking: ARM v7 g++ linker
arm-none-eabi-g++ -mcpu=cortex-a9 -mfpu=vfpv3 -mfloat-abi=hard -Wl,-build-id=none -specs=Xilinx.spec -Wl,-T -Wl,../src/lscript.ld -L../../standalone_bsp_0/ps7_cortexa9_0/lib -o "DMA_sdk.elf"  ./src/main.o   -Wl,--start-group,-lxil,-lgcc,-lc,-lstdc++,--end-group
Finished building target: DMA_sdk.elf
 
Invoking: ARM v7 Print Size
arm-none-eabi-size DMA_sdk.elf  |tee "DMA_sdk.elf.size"
   text	   data	    bss	    dec	    hex	filename
  47712	   2264	  24536	  74512	  12310	DMA_sdk.elf
Finished building: DMA_sdk.elf.size
 
10:50:03 **** Auto Build of configuration Debug for project DMA_sdk ****
make pre-build main-build 
a9-linaro-pre-build-step
 
Building file: ../src/main.cc
Invoking: ARM v7 g++ compiler
arm-none-eabi-g++ -Wall -O0 -g3 -c -fmessage-length=0 -MT"src/main.o" -mcpu=cortex-a9 -mfpu=vfpv3 -mfloat-abi=hard -I../../standalone_bsp_0/ps7_cortexa9_0/include -MMD -MP -MF"src/main.d" -MT"src/main.o" -o "src/main.o" "../src/main.cc"
Finished building: ../src/main.cc
 
Building target: DMA_sdk.elf
Invoking: ARM v7 g++ linker
arm-none-eabi-g++ -mcpu=cortex-a9 -mfpu=vfpv3 -mfloat-abi=hard -Wl,-build-id=none -specs=Xilinx.spec -Wl,-T -Wl,../src/lscript.ld -L../../standalone_bsp_0/ps7_cortexa9_0/lib -o "DMA_sdk.elf"  ./src/main.o   -Wl,--start-group,-lxil,-lgcc,-lc,-lstdc++,--end-group
Finished building target: DMA_sdk.elf
 
Invoking: ARM v7 Print Size
arm-none-eabi-size DMA_sdk.elf  |tee "DMA_sdk.elf.size"
   text	   data	    bss	    dec	    hex	filename
  47772	   2264	  24536	  74572	  1234c	DMA_sdk.elf
Finished building: DMA_sdk.elf.size
 
10:50:41 **** Auto Build of configuration Debug for project DMA_sdk ****
make pre-build main-build 
a9-linaro-pre-build-step
 
Building file: ../src/main.cc
Invoking: ARM v7 g++ compiler
arm-none-eabi-g++ -Wall -O0 -g3 -c -fmessage-length=0 -MT"src/main.o" -mcpu=cortex-a9 -mfpu=vfpv3 -mfloat-abi=hard -I../../standalone_bsp_0/ps7_cortexa9_0/include -MMD -MP -MF"src/main.d" -MT"src/main.o" -o "src/main.o" "../src/main.cc"
../src/main.cc: In function 'void init_pheriferial()':
../src/main.cc:29:6: error: 'XAxiDma_IntrDisable' was not declared in this scope
      XAxiDma_IntrDisable
      ^~~~~~~~~~~~~~~~~~~
../src/main.cc:29:6: note: suggested alternative: 'XAxiDma_Resume'
      XAxiDma_IntrDisable
      ^~~~~~~~~~~~~~~~~~~
      XAxiDma_Resume
make: *** [src/main.o] Error 1
src/subdir.mk:21: recipe for target 'src/main.o' failed
10:50:43 **** Auto Build of configuration Debug for project DMA_sdk ****
make pre-build main-build 
a9-linaro-pre-build-step
 
Building file: ../src/main.cc
Invoking: ARM v7 g++ compiler
arm-none-eabi-g++ -Wall -O0 -g3 -c -fmessage-length=0 -MT"src/main.o" -mcpu=cortex-a9 -mfpu=vfpv3 -mfloat-abi=hard -I../../standalone_bsp_0/ps7_cortexa9_0/include -MMD -MP -MF"src/main.d" -MT"src/main.o" -o "src/main.o" "../src/main.cc"
../src/main.cc:29:26: error: macro "XAxiDma_IntrDisable" requires 3 arguments, but only 1 given
      XAxiDma_IntrDisable();
                          ^
../src/main.cc: In function 'void init_pheriferial()':
../src/main.cc:29:6: error: 'XAxiDma_IntrDisable' was not declared in this scope
      XAxiDma_IntrDisable();
      ^~~~~~~~~~~~~~~~~~~
../src/main.cc:29:6: note: suggested alternative: 'XAxiDma_Resume'
      XAxiDma_IntrDisable();
      ^~~~~~~~~~~~~~~~~~~
      XAxiDma_Resume
src/subdir.mk:21: recipe for target 'src/main.o' failed
make: *** [src/main.o] Error 1
10:52:16 **** Auto Build of configuration Debug for project DMA_sdk ****
make pre-build main-build 
a9-linaro-pre-build-step
 
Building file: ../src/main.cc
Invoking: ARM v7 g++ compiler
arm-none-eabi-g++ -Wall -O0 -g3 -c -fmessage-length=0 -MT"src/main.o" -mcpu=cortex-a9 -mfpu=vfpv3 -mfloat-abi=hard -I../../standalone_bsp_0/ps7_cortexa9_0/include -MMD -MP -MF"src/main.d" -MT"src/main.o" -o "src/main.o" "../src/main.cc"
../src/main.cc:29:39: error: macro "XAxiDma_IntrDisable" requires 3 arguments, but only 2 given
      XAxiDma_IntrDisable(&Dma_handle, );
                                       ^
../src/main.cc: In function 'void init_pheriferial()':
../src/main.cc:29:6: error: 'XAxiDma_IntrDisable' was not declared in this scope
      XAxiDma_IntrDisable(&Dma_handle, );
      ^~~~~~~~~~~~~~~~~~~
../src/main.cc:29:6: note: suggested alternative: 'XAxiDma_Resume'
      XAxiDma_IntrDisable(&Dma_handle, );
      ^~~~~~~~~~~~~~~~~~~
      XAxiDma_Resume
make: *** [src/main.o] Error 1
src/subdir.mk:21: recipe for target 'src/main.o' failed
10:53:05 **** Auto Build of configuration Debug for project DMA_sdk ****
make pre-build main-build 
a9-linaro-pre-build-step
 
Building file: ../src/main.cc
Invoking: ARM v7 g++ compiler
arm-none-eabi-g++ -Wall -O0 -g3 -c -fmessage-length=0 -MT"src/main.o" -mcpu=cortex-a9 -mfpu=vfpv3 -mfloat-abi=hard -I../../standalone_bsp_0/ps7_cortexa9_0/include -MMD -MP -MF"src/main.d" -MT"src/main.o" -o "src/main.o" "../src/main.cc"
Finished building: ../src/main.cc
 
Building target: DMA_sdk.elf
Invoking: ARM v7 g++ linker
arm-none-eabi-g++ -mcpu=cortex-a9 -mfpu=vfpv3 -mfloat-abi=hard -Wl,-build-id=none -specs=Xilinx.spec -Wl,-T -Wl,../src/lscript.ld -L../../standalone_bsp_0/ps7_cortexa9_0/lib -o "DMA_sdk.elf"  ./src/main.o   -Wl,--start-group,-lxil,-lgcc,-lc,-lstdc++,--end-group
Finished building target: DMA_sdk.elf
 
Invoking: ARM v7 Print Size
arm-none-eabi-size DMA_sdk.elf  |tee "DMA_sdk.elf.size"
   text	   data	    bss	    dec	    hex	filename
  47972	   2264	  24528	  74764	  1240c	DMA_sdk.elf
Finished building: DMA_sdk.elf.size
 
10:53:27 **** Auto Build of configuration Debug for project DMA_sdk ****
make pre-build main-build 
a9-linaro-pre-build-step
 
Building file: ../src/main.cc
Invoking: ARM v7 g++ compiler
arm-none-eabi-g++ -Wall -O0 -g3 -c -fmessage-length=0 -MT"src/main.o" -mcpu=cortex-a9 -mfpu=vfpv3 -mfloat-abi=hard -I../../standalone_bsp_0/ps7_cortexa9_0/include -MMD -MP -MF"src/main.d" -MT"src/main.o" -o "src/main.o" "../src/main.cc"
Finished building: ../src/main.cc
 
Building target: DMA_sdk.elf
Invoking: ARM v7 g++ linker
arm-none-eabi-g++ -mcpu=cortex-a9 -mfpu=vfpv3 -mfloat-abi=hard -Wl,-build-id=none -specs=Xilinx.spec -Wl,-T -Wl,../src/lscript.ld -L../../standalone_bsp_0/ps7_cortexa9_0/lib -o "DMA_sdk.elf"  ./src/main.o   -Wl,--start-group,-lxil,-lgcc,-lc,-lstdc++,--end-group
Finished building target: DMA_sdk.elf
 
Invoking: ARM v7 Print Size
arm-none-eabi-size DMA_sdk.elf  |tee "DMA_sdk.elf.size"
   text	   data	    bss	    dec	    hex	filename
  48036	   2264	  24528	  74828	  1244c	DMA_sdk.elf
Finished building: DMA_sdk.elf.size
 
10:53:53 **** Auto Build of configuration Debug for project DMA_sdk ****
make pre-build main-build 
a9-linaro-pre-build-step
 
Building file: ../src/main.cc
Invoking: ARM v7 g++ compiler
arm-none-eabi-g++ -Wall -O0 -g3 -c -fmessage-length=0 -MT"src/main.o" -mcpu=cortex-a9 -mfpu=vfpv3 -mfloat-abi=hard -I../../standalone_bsp_0/ps7_cortexa9_0/include -MMD -MP -MF"src/main.d" -MT"src/main.o" -o "src/main.o" "../src/main.cc"
Finished building: ../src/main.cc
 
Building target: DMA_sdk.elf
Invoking: ARM v7 g++ linker
arm-none-eabi-g++ -mcpu=cortex-a9 -mfpu=vfpv3 -mfloat-abi=hard -Wl,-build-id=none -specs=Xilinx.spec -Wl,-T -Wl,../src/lscript.ld -L../../standalone_bsp_0/ps7_cortexa9_0/lib -o "DMA_sdk.elf"  ./src/main.o   -Wl,--start-group,-lxil,-lgcc,-lc,-lstdc++,--end-group
Finished building target: DMA_sdk.elf
 
Invoking: ARM v7 Print Size
arm-none-eabi-size DMA_sdk.elf  |tee "DMA_sdk.elf.size"
   text	   data	    bss	    dec	    hex	filename
  48036	   2264	  24528	  74828	  1244c	DMA_sdk.elf
Finished building: DMA_sdk.elf.size
 
10:55:07 **** Auto Build of configuration Debug for project DMA_sdk ****
make pre-build main-build 
a9-linaro-pre-build-step
 
Building file: ../src/main.cc
Invoking: ARM v7 g++ compiler
arm-none-eabi-g++ -Wall -O0 -g3 -c -fmessage-length=0 -MT"src/main.o" -mcpu=cortex-a9 -mfpu=vfpv3 -mfloat-abi=hard -I../../standalone_bsp_0/ps7_cortexa9_0/include -MMD -MP -MF"src/main.d" -MT"src/main.o" -o "src/main.o" "../src/main.cc"
Finished building: ../src/main.cc
 
Building target: DMA_sdk.elf
Invoking: ARM v7 g++ linker
arm-none-eabi-g++ -mcpu=cortex-a9 -mfpu=vfpv3 -mfloat-abi=hard -Wl,-build-id=none -specs=Xilinx.spec -Wl,-T -Wl,../src/lscript.ld -L../../standalone_bsp_0/ps7_cortexa9_0/lib -o "DMA_sdk.elf"  ./src/main.o   -Wl,--start-group,-lxil,-lgcc,-lc,-lstdc++,--end-group
Finished building target: DMA_sdk.elf
 
Invoking: ARM v7 Print Size
arm-none-eabi-size DMA_sdk.elf  |tee "DMA_sdk.elf.size"
   text	   data	    bss	    dec	    hex	filename
  48036	   2264	  24528	  74828	  1244c	DMA_sdk.elf
Finished building: DMA_sdk.elf.size
 
10:55:39 **** Auto Build of configuration Debug for project DMA_sdk ****
make pre-build main-build 
a9-linaro-pre-build-step
 
Building file: ../src/main.cc
Invoking: ARM v7 g++ compiler
arm-none-eabi-g++ -Wall -O0 -g3 -c -fmessage-length=0 -MT"src/main.o" -mcpu=cortex-a9 -mfpu=vfpv3 -mfloat-abi=hard -I../../standalone_bsp_0/ps7_cortexa9_0/include -MMD -MP -MF"src/main.d" -MT"src/main.o" -o "src/main.o" "../src/main.cc"
../src/main.cc: In function 'int main()':
../src/main.cc:51:12: warning: unused variable 'Dma_buffer_in' [-Wunused-variable]
  data_type Dma_buffer_in[SIZE];
            ^~~~~~~~~~~~~
../src/main.cc:52:12: warning: unused variable 'Dma_buffer_out' [-Wunused-variable]
  data_type Dma_buffer_out[SIZE];
            ^~~~~~~~~~~~~~
Finished building: ../src/main.cc
 
Building target: DMA_sdk.elf
Invoking: ARM v7 g++ linker
arm-none-eabi-g++ -mcpu=cortex-a9 -mfpu=vfpv3 -mfloat-abi=hard -Wl,-build-id=none -specs=Xilinx.spec -Wl,-T -Wl,../src/lscript.ld -L../../standalone_bsp_0/ps7_cortexa9_0/lib -o "DMA_sdk.elf"  ./src/main.o   -Wl,--start-group,-lxil,-lgcc,-lc,-lstdc++,--end-group
Finished building target: DMA_sdk.elf
 
Invoking: ARM v7 Print Size
arm-none-eabi-size DMA_sdk.elf  |tee "DMA_sdk.elf.size"
   text	   data	    bss	    dec	    hex	filename
  48036	   2264	  24528	  74828	  1244c	DMA_sdk.elf
Finished building: DMA_sdk.elf.size
 
10:55:43 **** Auto Build of configuration Debug for project DMA_sdk ****
make pre-build main-build 
a9-linaro-pre-build-step
 
Building file: ../src/main.cc
Invoking: ARM v7 g++ compiler
arm-none-eabi-g++ -Wall -O0 -g3 -c -fmessage-length=0 -MT"src/main.o" -mcpu=cortex-a9 -mfpu=vfpv3 -mfloat-abi=hard -I../../standalone_bsp_0/ps7_cortexa9_0/include -MMD -MP -MF"src/main.d" -MT"src/main.o" -o "src/main.o" "../src/main.cc"
../src/main.cc: In function 'int main()':
../src/main.cc:51:12: warning: unused variable 'Dma_buffer_in' [-Wunused-variable]
  data_type Dma_buffer_in[SIZE];
            ^~~~~~~~~~~~~
../src/main.cc:52:12: warning: unused variable 'Dma_buffer_out' [-Wunused-variable]
  data_type Dma_buffer_out[SIZE];
            ^~~~~~~~~~~~~~
Finished building: ../src/main.cc
 
Building target: DMA_sdk.elf
Invoking: ARM v7 g++ linker
arm-none-eabi-g++ -mcpu=cortex-a9 -mfpu=vfpv3 -mfloat-abi=hard -Wl,-build-id=none -specs=Xilinx.spec -Wl,-T -Wl,../src/lscript.ld -L../../standalone_bsp_0/ps7_cortexa9_0/lib -o "DMA_sdk.elf"  ./src/main.o   -Wl,--start-group,-lxil,-lgcc,-lc,-lstdc++,--end-group
Finished building target: DMA_sdk.elf
 
Invoking: ARM v7 Print Size
arm-none-eabi-size DMA_sdk.elf  |tee "DMA_sdk.elf.size"
   text	   data	    bss	    dec	    hex	filename
  48036	   2264	  24528	  74828	  1244c	DMA_sdk.elf
Finished building: DMA_sdk.elf.size
 
10:57:31 **** Auto Build of configuration Debug for project DMA_sdk ****
make pre-build main-build 
a9-linaro-pre-build-step
 
Building file: ../src/main.cc
Invoking: ARM v7 g++ compiler
arm-none-eabi-g++ -Wall -O0 -g3 -c -fmessage-length=0 -MT"src/main.o" -mcpu=cortex-a9 -mfpu=vfpv3 -mfloat-abi=hard -I../../standalone_bsp_0/ps7_cortexa9_0/include -MMD -MP -MF"src/main.d" -MT"src/main.o" -o "src/main.o" "../src/main.cc"
../src/main.cc: In function 'int main()':
../src/main.cc:57:3: error: 'signal_in' was not declared in this scope
   signal_in.data = 0;
   ^~~~~~~~~
../src/main.cc:58:3: error: 'in' was not declared in this scope
   in << signal_in;
   ^~
../src/main.cc:58:3: note: suggested alternative: 'i'
   in << signal_in;
   ^~
   i
../src/main.cc:61:3: error: 'signal_in' was not declared in this scope
   signal_in.data = 1;
   ^~~~~~~~~
../src/main.cc:62:3: error: 'in' was not declared in this scope
   in << signal_in;
   ^~
../src/main.cc:62:3: note: suggested alternative: 'i'
   in << signal_in;
   ^~
   i
../src/main.cc:51:12: warning: unused variable 'Dma_buffer_in' [-Wunused-variable]
  data_type Dma_buffer_in[SIZE];
            ^~~~~~~~~~~~~
../src/main.cc:52:12: warning: unused variable 'Dma_buffer_out' [-Wunused-variable]
  data_type Dma_buffer_out[SIZE];
            ^~~~~~~~~~~~~~
make: *** [src/main.o] Error 1
src/subdir.mk:21: recipe for target 'src/main.o' failed
10:58:45 **** Auto Build of configuration Debug for project DMA_sdk ****
make pre-build main-build 
a9-linaro-pre-build-step
 
Building file: ../src/main.cc
Invoking: ARM v7 g++ compiler
arm-none-eabi-g++ -Wall -O0 -g3 -c -fmessage-length=0 -MT"src/main.o" -mcpu=cortex-a9 -mfpu=vfpv3 -mfloat-abi=hard -I../../standalone_bsp_0/ps7_cortexa9_0/include -MMD -MP -MF"src/main.d" -MT"src/main.o" -o "src/main.o" "../src/main.cc"
../src/main.cc: In function 'int main()':
../src/main.cc:57:3: error: 'signal_in' was not declared in this scope
   signal_in.data = 0;
   ^~~~~~~~~
../src/main.cc:60:3: error: 'signal_in' was not declared in this scope
   signal_in.data = 1;
   ^~~~~~~~~
../src/main.cc:51:12: warning: unused variable 'Dma_buffer_in' [-Wunused-variable]
  data_type Dma_buffer_in[SIZE];
            ^~~~~~~~~~~~~
../src/main.cc:52:12: warning: unused variable 'Dma_buffer_out' [-Wunused-variable]
  data_type Dma_buffer_out[SIZE];
            ^~~~~~~~~~~~~~
src/subdir.mk:21: recipe for target 'src/main.o' failed
make: *** [src/main.o] Error 1
10:58:55 **** Auto Build of configuration Debug for project DMA_sdk ****
make pre-build main-build 
a9-linaro-pre-build-step
 
Building file: ../src/main.cc
Invoking: ARM v7 g++ compiler
arm-none-eabi-g++ -Wall -O0 -g3 -c -fmessage-length=0 -MT"src/main.o" -mcpu=cortex-a9 -mfpu=vfpv3 -mfloat-abi=hard -I../../standalone_bsp_0/ps7_cortexa9_0/include -MMD -MP -MF"src/main.d" -MT"src/main.o" -o "src/main.o" "../src/main.cc"
../src/main.cc: In function 'int main()':
../src/main.cc:57:3: error: 'signal_in' was not declared in this scope
   signal_in.data = 0;
   ^~~~~~~~~
../src/main.cc:60:3: error: 'signal_in' was not declared in this scope
   signal_in.data = 1;
   ^~~~~~~~~
../src/main.cc:51:12: warning: unused variable 'Dma_buffer_in' [-Wunused-variable]
  data_type Dma_buffer_in[SIZE];
            ^~~~~~~~~~~~~
../src/main.cc:52:12: warning: unused variable 'Dma_buffer_out' [-Wunused-variable]
  data_type Dma_buffer_out[SIZE];
            ^~~~~~~~~~~~~~
src/subdir.mk:21: recipe for target 'src/main.o' failed
make: *** [src/main.o] Error 1
10:59:06 **** Auto Build of configuration Debug for project DMA_sdk ****
make pre-build main-build 
a9-linaro-pre-build-step
 
Building file: ../src/main.cc
Invoking: ARM v7 g++ compiler
arm-none-eabi-g++ -Wall -O0 -g3 -c -fmessage-length=0 -MT"src/main.o" -mcpu=cortex-a9 -mfpu=vfpv3 -mfloat-abi=hard -I../../standalone_bsp_0/ps7_cortexa9_0/include -MMD -MP -MF"src/main.d" -MT"src/main.o" -o "src/main.o" "../src/main.cc"
../src/main.cc: In function 'int main()':
../src/main.cc:57:3: error: 'Dma_buffer' was not declared in this scope
   Dma_buffer[i] = 0;
   ^~~~~~~~~~
../src/main.cc:57:3: note: suggested alternative: 'Dma_buffer_in'
   Dma_buffer[i] = 0;
   ^~~~~~~~~~
   Dma_buffer_in
../src/main.cc:60:3: error: 'signal_in' was not declared in this scope
   signal_in.data = 1;
   ^~~~~~~~~
../src/main.cc:51:12: warning: unused variable 'Dma_buffer_in' [-Wunused-variable]
  data_type Dma_buffer_in[SIZE];
            ^~~~~~~~~~~~~
../src/main.cc:52:12: warning: unused variable 'Dma_buffer_out' [-Wunused-variable]
  data_type Dma_buffer_out[SIZE];
            ^~~~~~~~~~~~~~
make: *** [src/main.o] Error 1
src/subdir.mk:21: recipe for target 'src/main.o' failed
10:59:20 **** Auto Build of configuration Debug for project DMA_sdk ****
make pre-build main-build 
a9-linaro-pre-build-step
 
Building file: ../src/main.cc
Invoking: ARM v7 g++ compiler
arm-none-eabi-g++ -Wall -O0 -g3 -c -fmessage-length=0 -MT"src/main.o" -mcpu=cortex-a9 -mfpu=vfpv3 -mfloat-abi=hard -I../../standalone_bsp_0/ps7_cortexa9_0/include -MMD -MP -MF"src/main.d" -MT"src/main.o" -o "src/main.o" "../src/main.cc"
../src/main.cc: In function 'int main()':
../src/main.cc:60:3: error: 'signal_in' was not declared in this scope
   signal_in.data = 1;
   ^~~~~~~~~
../src/main.cc:52:12: warning: unused variable 'Dma_buffer_out' [-Wunused-variable]
  data_type Dma_buffer_out[SIZE];
            ^~~~~~~~~~~~~~
make: *** [src/main.o] Error 1
src/subdir.mk:21: recipe for target 'src/main.o' failed
10:59:27 **** Auto Build of configuration Debug for project DMA_sdk ****
make pre-build main-build 
a9-linaro-pre-build-step
 
Building file: ../src/main.cc
Invoking: ARM v7 g++ compiler
arm-none-eabi-g++ -Wall -O0 -g3 -c -fmessage-length=0 -MT"src/main.o" -mcpu=cortex-a9 -mfpu=vfpv3 -mfloat-abi=hard -I../../standalone_bsp_0/ps7_cortexa9_0/include -MMD -MP -MF"src/main.d" -MT"src/main.o" -o "src/main.o" "../src/main.cc"
[...]
Invoking: ARM v7 g++ linker
arm-none-eabi-g++ -mcpu=cortex-a9 -mfpu=vfpv3 -mfloat-abi=hard -Wl,-build-id=none -specs=Xilinx.spec -Wl,-T -Wl,../src/lscript.ld -L../../standalone_bsp_0/ps7_cortexa9_0/lib -o "DMA_sdk.elf"  ./src/main.o   -Wl,--start-group,-lxil,-lgcc,-lc,-lstdc++,--end-group
Finished building target: DMA_sdk.elf
 
Invoking: ARM v7 Print Size
arm-none-eabi-size DMA_sdk.elf  |tee "DMA_sdk.elf.size"
   text	   data	    bss	    dec	    hex	filename
 142896	   2656	  25232	 170784	  29b20	DMA_sdk.elf
Finished building: DMA_sdk.elf.size
 
10:09:49 **** Incremental Build of configuration Debug for project DMA_sdk ****
make pre-build main-build 
a9-linaro-pre-build-step
 
make: Nothing to be done for 'main-build'.
10:10:25 **** Auto Build of configuration Debug for project DMA_sdk ****
make pre-build main-build 
a9-linaro-pre-build-step
 
Building file: ../src/main.cc
Invoking: ARM v7 g++ compiler
arm-none-eabi-g++ -Wall -O0 -g3 -c -fmessage-length=0 -MT"src/main.o" -mcpu=cortex-a9 -mfpu=vfpv3 -mfloat-abi=hard -I../../standalone_bsp_0/ps7_cortexa9_0/include -MMD -MP -MF"src/main.d" -MT"src/main.o" -o "src/main.o" "../src/main.cc"
Finished building: ../src/main.cc
 
Building target: DMA_sdk.elf
Invoking: ARM v7 g++ linker
arm-none-eabi-g++ -mcpu=cortex-a9 -mfpu=vfpv3 -mfloat-abi=hard -Wl,-build-id=none -specs=Xilinx.spec -Wl,-T -Wl,../src/lscript.ld -L../../standalone_bsp_0/ps7_cortexa9_0/lib -o "DMA_sdk.elf"  ./src/main.o   -Wl,--start-group,-lxil,-lgcc,-lc,-lstdc++,--end-group
Finished building target: DMA_sdk.elf
 
Invoking: ARM v7 Print Size
arm-none-eabi-size DMA_sdk.elf  |tee "DMA_sdk.elf.size"
   text	   data	    bss	    dec	    hex	filename
 142904	   2656	  25232	 170792	  29b28	DMA_sdk.elf
Finished building: DMA_sdk.elf.size
 
10:10:35 **** Incremental Build of configuration Debug for project DMA_sdk ****
make pre-build main-build 
a9-linaro-pre-build-step
 
make: Nothing to be done for 'main-build'.
10:12:37 **** Auto Build of configuration Debug for project DMA_sdk ****
make pre-build main-build 
a9-linaro-pre-build-step
 
Building file: ../src/main.cc
Invoking: ARM v7 g++ compiler
arm-none-eabi-g++ -Wall -O0 -g3 -c -fmessage-length=0 -MT"src/main.o" -mcpu=cortex-a9 -mfpu=vfpv3 -mfloat-abi=hard -I../../standalone_bsp_0/ps7_cortexa9_0/include -MMD -MP -MF"src/main.d" -MT"src/main.o" -o "src/main.o" "../src/main.cc"
Finished building: ../src/main.cc
 
Building target: DMA_sdk.elf
Invoking: ARM v7 g++ linker
arm-none-eabi-g++ -mcpu=cortex-a9 -mfpu=vfpv3 -mfloat-abi=hard -Wl,-build-id=none -specs=Xilinx.spec -Wl,-T -Wl,../src/lscript.ld -L../../standalone_bsp_0/ps7_cortexa9_0/lib -o "DMA_sdk.elf"  ./src/main.o   -Wl,--start-group,-lxil,-lgcc,-lc,-lstdc++,--end-group
Finished building target: DMA_sdk.elf
 
Invoking: ARM v7 Print Size
arm-none-eabi-size DMA_sdk.elf  |tee "DMA_sdk.elf.size"
   text	   data	    bss	    dec	    hex	filename
 143048	   2656	  25232	 170936	  29bb8	DMA_sdk.elf
Finished building: DMA_sdk.elf.size
 
10:12:57 **** Incremental Build of configuration Debug for project DMA_sdk ****
make pre-build main-build 
a9-linaro-pre-build-step
 
make: Nothing to be done for 'main-build'.
10:13:28 **** Auto Build of configuration Debug for project DMA_sdk ****
make pre-build main-build 
a9-linaro-pre-build-step
 
Building file: ../src/main.cc
Invoking: ARM v7 g++ compiler
arm-none-eabi-g++ -Wall -O0 -g3 -c -fmessage-length=0 -MT"src/main.o" -mcpu=cortex-a9 -mfpu=vfpv3 -mfloat-abi=hard -I../../standalone_bsp_0/ps7_cortexa9_0/include -MMD -MP -MF"src/main.d" -MT"src/main.o" -o "src/main.o" "../src/main.cc"
Finished building: ../src/main.cc
 
Building target: DMA_sdk.elf
Invoking: ARM v7 g++ linker
arm-none-eabi-g++ -mcpu=cortex-a9 -mfpu=vfpv3 -mfloat-abi=hard -Wl,-build-id=none -specs=Xilinx.spec -Wl,-T -Wl,../src/lscript.ld -L../../standalone_bsp_0/ps7_cortexa9_0/lib -o "DMA_sdk.elf"  ./src/main.o   -Wl,--start-group,-lxil,-lgcc,-lc,-lstdc++,--end-group
Finished building target: DMA_sdk.elf
 
Invoking: ARM v7 Print Size
arm-none-eabi-size DMA_sdk.elf  |tee "DMA_sdk.elf.size"
   text	   data	    bss	    dec	    hex	filename
 142904	   2656	  25232	 170792	  29b28	DMA_sdk.elf
Finished building: DMA_sdk.elf.size
 
10:17:29 **** Auto Build of configuration Debug for project DMA_sdk ****
make pre-build main-build 
a9-linaro-pre-build-step
 
Building file: ../src/main.cc
Invoking: ARM v7 g++ compiler
arm-none-eabi-g++ -Wall -O0 -g3 -c -fmessage-length=0 -MT"src/main.o" -mcpu=cortex-a9 -mfpu=vfpv3 -mfloat-abi=hard -I../../standalone_bsp_0/ps7_cortexa9_0/include -MMD -MP -MF"src/main.d" -MT"src/main.o" -o "src/main.o" "../src/main.cc"
Finished building: ../src/main.cc
 
Building target: DMA_sdk.elf
Invoking: ARM v7 g++ linker
arm-none-eabi-g++ -mcpu=cortex-a9 -mfpu=vfpv3 -mfloat-abi=hard -Wl,-build-id=none -specs=Xilinx.spec -Wl,-T -Wl,../src/lscript.ld -L../../standalone_bsp_0/ps7_cortexa9_0/lib -o "DMA_sdk.elf"  ./src/main.o   -Wl,--start-group,-lxil,-lgcc,-lc,-lstdc++,--end-group
Finished building target: DMA_sdk.elf
 
Invoking: ARM v7 Print Size
arm-none-eabi-size DMA_sdk.elf  |tee "DMA_sdk.elf.size"
   text	   data	    bss	    dec	    hex	filename
 142904	   2656	  25232	 170792	  29b28	DMA_sdk.elf
Finished building: DMA_sdk.elf.size
 
10:17:32 **** Incremental Build of configuration Debug for project DMA_sdk ****
make pre-build main-build 
a9-linaro-pre-build-step
 
make: Nothing to be done for 'main-build'.
10:29:52 **** Incremental Build of configuration Debug for project DMA_sdk ****
make pre-build main-build 
a9-linaro-pre-build-step
 
make: Nothing to be done for 'main-build'.
10:31:33 **** Incremental Build of configuration Debug for project DMA_sdk ****
make pre-build main-build 
a9-linaro-pre-build-step
 
make: Nothing to be done for 'main-build'.
10:32:53 **** Incremental Build of configuration Debug for project DMA_sdk ****
make pre-build main-build 
a9-linaro-pre-build-step
 
make: Nothing to be done for 'main-build'.
10:33:28 **** Incremental Build of configuration Debug for project DMA_sdk ****
make pre-build main-build 
a9-linaro-pre-build-step
 
make: Nothing to be done for 'main-build'.
10:34:57 **** Incremental Build of configuration Debug for project DMA_sdk ****
make pre-build main-build 
a9-linaro-pre-build-step
 
make: Nothing to be done for 'main-build'.
10:35:15 **** Incremental Build of configuration Debug for project DMA_sdk ****
make pre-build main-build 
a9-linaro-pre-build-step
 
make: Nothing to be done for 'main-build'.
10:45:10 **** Auto Build of configuration Debug for project DMA_sdk ****
make pre-build main-build 
a9-linaro-pre-build-step
 
Building file: ../src/main.cc
Invoking: ARM v7 g++ compiler
arm-none-eabi-g++ -Wall -O0 -g3 -c -fmessage-length=0 -MT"src/main.o" -mcpu=cortex-a9 -mfpu=vfpv3 -mfloat-abi=hard -I../../standalone_bsp_0/ps7_cortexa9_0/include -MMD -MP -MF"src/main.d" -MT"src/main.o" -o "src/main.o" "../src/main.cc"
Finished building: ../src/main.cc
 
Building target: DMA_sdk.elf
Invoking: ARM v7 g++ linker
arm-none-eabi-g++ -mcpu=cortex-a9 -mfpu=vfpv3 -mfloat-abi=hard -Wl,-build-id=none -specs=Xilinx.spec -Wl,-T -Wl,../src/lscript.ld -L../../standalone_bsp_0/ps7_cortexa9_0/lib -o "DMA_sdk.elf"  ./src/main.o   -Wl,--start-group,-lxil,-lgcc,-lc,-lstdc++,--end-group
Finished building target: DMA_sdk.elf
 
Invoking: ARM v7 Print Size
arm-none-eabi-size DMA_sdk.elf  |tee "DMA_sdk.elf.size"
   text	   data	    bss	    dec	    hex	filename
 142904	   2656	  25232	 170792	  29b28	DMA_sdk.elf
Finished building: DMA_sdk.elf.size
 
10:45:32 **** Incremental Build of configuration Debug for project DMA_sdk ****
make pre-build main-build 
a9-linaro-pre-build-step
 
make: Nothing to be done for 'main-build'.
10:46:25 **** Auto Build of configuration Debug for project DMA_sdk ****
make pre-build main-build 
a9-linaro-pre-build-step
 
Building file: ../src/main.cc
Invoking: ARM v7 g++ compiler
arm-none-eabi-g++ -Wall -O0 -g3 -c -fmessage-length=0 -MT"src/main.o" -mcpu=cortex-a9 -mfpu=vfpv3 -mfloat-abi=hard -I../../standalone_bsp_0/ps7_cortexa9_0/include -MMD -MP -MF"src/main.d" -MT"src/main.o" -o "src/main.o" "../src/main.cc"
Finished building: ../src/main.cc
 
Building target: DMA_sdk.elf
Invoking: ARM v7 g++ linker
arm-none-eabi-g++ -mcpu=cortex-a9 -mfpu=vfpv3 -mfloat-abi=hard -Wl,-build-id=none -specs=Xilinx.spec -Wl,-T -Wl,../src/lscript.ld -L../../standalone_bsp_0/ps7_cortexa9_0/lib -o "DMA_sdk.elf"  ./src/main.o   -Wl,--start-group,-lxil,-lgcc,-lc,-lstdc++,--end-group
Finished building target: DMA_sdk.elf
 
Invoking: ARM v7 Print Size
arm-none-eabi-size DMA_sdk.elf  |tee "DMA_sdk.elf.size"
   text	   data	    bss	    dec	    hex	filename
 142968	   2656	  25232	 170856	  29b68	DMA_sdk.elf
Finished building: DMA_sdk.elf.size
 
10:46:32 **** Incremental Build of configuration Debug for project DMA_sdk ****
make pre-build main-build 
a9-linaro-pre-build-step
 
make: Nothing to be done for 'main-build'.
10:48:15 **** Auto Build of configuration Debug for project DMA_sdk ****
make pre-build main-build 
a9-linaro-pre-build-step
 
Building file: ../src/main.cc
Invoking: ARM v7 g++ compiler
arm-none-eabi-g++ -Wall -O0 -g3 -c -fmessage-length=0 -MT"src/main.o" -mcpu=cortex-a9 -mfpu=vfpv3 -mfloat-abi=hard -I../../standalone_bsp_0/ps7_cortexa9_0/include -MMD -MP -MF"src/main.d" -MT"src/main.o" -o "src/main.o" "../src/main.cc"
Finished building: ../src/main.cc
 
Building target: DMA_sdk.elf
Invoking: ARM v7 g++ linker
arm-none-eabi-g++ -mcpu=cortex-a9 -mfpu=vfpv3 -mfloat-abi=hard -Wl,-build-id=none -specs=Xilinx.spec -Wl,-T -Wl,../src/lscript.ld -L../../standalone_bsp_0/ps7_cortexa9_0/lib -o "DMA_sdk.elf"  ./src/main.o   -Wl,--start-group,-lxil,-lgcc,-lc,-lstdc++,--end-group
Finished building target: DMA_sdk.elf
 
Invoking: ARM v7 Print Size
arm-none-eabi-size DMA_sdk.elf  |tee "DMA_sdk.elf.size"
   text	   data	    bss	    dec	    hex	filename
 142968	   2656	  25232	 170856	  29b68	DMA_sdk.elf
Finished building: DMA_sdk.elf.size
 
10:50:02 **** Incremental Build of configuration Debug for project DMA_sdk ****
make pre-build main-build 
a9-linaro-pre-build-step
 
make: Nothing to be done for 'main-build'.
10:51:04 **** Incremental Build of configuration Debug for project DMA_sdk ****
make pre-build main-build 
a9-linaro-pre-build-step
 
make: Nothing to be done for 'main-build'.
10:51:51 **** Incremental Build of configuration Debug for project DMA_sdk ****
make pre-build main-build 
a9-linaro-pre-build-step
 
make: Nothing to be done for 'main-build'.
10:53:42 **** Incremental Build of configuration Debug for project DMA_sdk ****
make pre-build main-build 
a9-linaro-pre-build-step
 
make: Nothing to be done for 'main-build'.
10:54:30 **** Incremental Build of configuration Debug for project DMA_sdk ****
make pre-build main-build 
a9-linaro-pre-build-step
 
make: Nothing to be done for 'main-build'.
10:55:07 **** Incremental Build of configuration Debug for project DMA_sdk ****
make pre-build main-build 
a9-linaro-pre-build-step
 
make: Nothing to be done for 'main-build'.
11:02:04 **** Incremental Build of configuration Debug for project DMA_sdk ****
make pre-build main-build 
a9-linaro-pre-build-step
 
make: Nothing to be done for 'main-build'.
11:02:46 **** Incremental Build of configuration Debug for project DMA_sdk ****
make pre-build main-build 
a9-linaro-pre-build-step
 
make: Nothing to be done for 'main-build'.
11:05:29 **** Incremental Build of configuration Debug for project DMA_sdk ****
make pre-build main-build 
a9-linaro-pre-build-step
 
make: Nothing to be done for 'main-build'.
11:05:59 **** Incremental Build of configuration Debug for project DMA_sdk ****
make pre-build main-build 
a9-linaro-pre-build-step
 
make: Nothing to be done for 'main-build'.
11:07:14 **** Incremental Build of configuration Debug for project DMA_sdk ****
make pre-build main-build 
a9-linaro-pre-build-step
 
make: Nothing to be done for 'main-build'.
11:07:47 **** Incremental Build of configuration Debug for project DMA_sdk ****
make pre-build main-build 
a9-linaro-pre-build-step
 
make: Nothing to be done for 'main-build'.
11:14:43 **** Auto Build of configuration Debug for project DMA_sdk ****
make pre-build main-build 
a9-linaro-pre-build-step
 
Building file: ../src/main.cc
Invoking: ARM v7 g++ compiler
arm-none-eabi-g++ -Wall -O0 -g3 -c -fmessage-length=0 -MT"src/main.o" -mcpu=cortex-a9 -mfpu=vfpv3 -mfloat-abi=hard -I../../standalone_bsp_0/ps7_cortexa9_0/include -MMD -MP -MF"src/main.d" -MT"src/main.o" -o "src/main.o" "../src/main.cc"
../src/main.cc: In function 'int main()':
../src/main.cc:56:3: error: 'Dma_buffer_in' was not declared in this scope
   Dma_buffer_in[i] = 0;
   ^~~~~~~~~~~~~
../src/main.cc:59:3: error: 'Dma_buffer_in' was not declared in this scope
   Dma_buffer_in[i] = 1;
   ^~~~~~~~~~~~~
../src/main.cc:83:48: error: 'Dma_buffer_in' was not declared in this scope
   XAxiDma_SimpleTransfer(&Dma_handle, (UINTPTR)Dma_buffer_in, SIZE, XAXIDMA_DMA_TO_DEVICE);
                                                ^~~~~~~~~~~~~
../src/main.cc:85:48: error: 'Dma_buffer_out' was not declared in this scope
   XAxiDma_SimpleTransfer(&Dma_handle, (UINTPTR)Dma_buffer_out, SIZE, XAXIDMA_DEVICE_TO_DMA);
                                                ^~~~~~~~~~~~~~
src/subdir.mk:21: recipe for target 'src/main.o' failed
make: *** [src/main.o] Error 1
11:14:48 **** Auto Build of configuration Debug for project DMA_sdk ****
make pre-build main-build 
a9-linaro-pre-build-step
 
Building file: ../src/main.cc
Invoking: ARM v7 g++ compiler
arm-none-eabi-g++ -Wall -O0 -g3 -c -fmessage-length=0 -MT"src/main.o" -mcpu=cortex-a9 -mfpu=vfpv3 -mfloat-abi=hard -I../../standalone_bsp_0/ps7_cortexa9_0/include -MMD -MP -MF"src/main.d" -MT"src/main.o" -o "src/main.o" "../src/main.cc"
Finished building: ../src/main.cc
 
Building target: DMA_sdk.elf
Invoking: ARM v7 g++ linker
arm-none-eabi-g++ -mcpu=cortex-a9 -mfpu=vfpv3 -mfloat-abi=hard -Wl,-build-id=none -specs=Xilinx.spec -Wl,-T -Wl,../src/lscript.ld -L../../standalone_bsp_0/ps7_cortexa9_0/lib -o "DMA_sdk.elf"  ./src/main.o   -Wl,--start-group,-lxil,-lgcc,-lc,-lstdc++,--end-group
Finished building target: DMA_sdk.elf
 
Invoking: ARM v7 Print Size
arm-none-eabi-size DMA_sdk.elf  |tee "DMA_sdk.elf.size"
   text	   data	    bss	    dec	    hex	filename
 142904	   2656	  30032	 175592	  2ade8	DMA_sdk.elf
Finished building: DMA_sdk.elf.size
 
11:14:53 **** Auto Build of configuration Debug for project DMA_sdk ****
make pre-build main-build 
a9-linaro-pre-build-step
 
Building file: ../src/main.cc
Invoking: ARM v7 g++ compiler
arm-none-eabi-g++ -Wall -O0 -g3 -c -fmessage-length=0 -MT"src/main.o" -mcpu=cortex-a9 -mfpu=vfpv3 -mfloat-abi=hard -I../../standalone_bsp_0/ps7_cortexa9_0/include -MMD -MP -MF"src/main.d" -MT"src/main.o" -o "src/main.o" "../src/main.cc"
Finished building: ../src/main.cc
 
Building target: DMA_sdk.elf
Invoking: ARM v7 g++ linker
arm-none-eabi-g++ -mcpu=cortex-a9 -mfpu=vfpv3 -mfloat-abi=hard -Wl,-build-id=none -specs=Xilinx.spec -Wl,-T -Wl,../src/lscript.ld -L../../standalone_bsp_0/ps7_cortexa9_0/lib -o "DMA_sdk.elf"  ./src/main.o   -Wl,--start-group,-lxil,-lgcc,-lc,-lstdc++,--end-group
Finished building target: DMA_sdk.elf
 
Invoking: ARM v7 Print Size
arm-none-eabi-size DMA_sdk.elf  |tee "DMA_sdk.elf.size"
   text	   data	    bss	    dec	    hex	filename
 142904	   2656	  30032	 175592	  2ade8	DMA_sdk.elf
Finished building: DMA_sdk.elf.size
 
11:14:57 **** Auto Build of configuration Debug for project DMA_sdk ****
make pre-build main-build 
a9-linaro-pre-build-step
 
Building file: ../src/main.cc
Invoking: ARM v7 g++ compiler
arm-none-eabi-g++ -Wall -O0 -g3 -c -fmessage-length=0 -MT"src/main.o" -mcpu=cortex-a9 -mfpu=vfpv3 -mfloat-abi=hard -I../../standalone_bsp_0/ps7_cortexa9_0/include -MMD -MP -MF"src/main.d" -MT"src/main.o" -o "src/main.o" "../src/main.cc"
Finished building: ../src/main.cc
 
Building target: DMA_sdk.elf
Invoking: ARM v7 g++ linker
arm-none-eabi-g++ -mcpu=cortex-a9 -mfpu=vfpv3 -mfloat-abi=hard -Wl,-build-id=none -specs=Xilinx.spec -Wl,-T -Wl,../src/lscript.ld -L../../standalone_bsp_0/ps7_cortexa9_0/lib -o "DMA_sdk.elf"  ./src/main.o   -Wl,--start-group,-lxil,-lgcc,-lc,-lstdc++,--end-group
Finished building target: DMA_sdk.elf
 
Invoking: ARM v7 Print Size
arm-none-eabi-size DMA_sdk.elf  |tee "DMA_sdk.elf.size"
   text	   data	    bss	    dec	    hex	filename
 142904	   2656	  30032	 175592	  2ade8	DMA_sdk.elf
Finished building: DMA_sdk.elf.size
 
11:15:19 **** Incremental Build of configuration Debug for project DMA_sdk ****
make pre-build main-build 
a9-linaro-pre-build-step
 
make: Nothing to be done for 'main-build'.
11:16:53 **** Incremental Build of configuration Debug for project DMA_sdk ****
make pre-build main-build 
a9-linaro-pre-build-step
 
make: Nothing to be done for 'main-build'.
11:17:54 **** Auto Build of configuration Debug for project DMA_sdk ****
make pre-build main-build 
a9-linaro-pre-build-step
 
Building file: ../src/main.cc
Invoking: ARM v7 g++ compiler
arm-none-eabi-g++ -Wall -O0 -g3 -c -fmessage-length=0 -MT"src/main.o" -mcpu=cortex-a9 -mfpu=vfpv3 -mfloat-abi=hard -I../../standalone_bsp_0/ps7_cortexa9_0/include -MMD -MP -MF"src/main.d" -MT"src/main.o" -o "src/main.o" "../src/main.cc"
Finished building: ../src/main.cc
 
Building target: DMA_sdk.elf
Invoking: ARM v7 g++ linker
arm-none-eabi-g++ -mcpu=cortex-a9 -mfpu=vfpv3 -mfloat-abi=hard -Wl,-build-id=none -specs=Xilinx.spec -Wl,-T -Wl,../src/lscript.ld -L../../standalone_bsp_0/ps7_cortexa9_0/lib -o "DMA_sdk.elf"  ./src/main.o   -Wl,--start-group,-lxil,-lgcc,-lc,-lstdc++,--end-group
Finished building target: DMA_sdk.elf
 
Invoking: ARM v7 Print Size
arm-none-eabi-size DMA_sdk.elf  |tee "DMA_sdk.elf.size"
   text	   data	    bss	    dec	    hex	filename
 142904	   2656	  26032	 171592	  29e48	DMA_sdk.elf
Finished building: DMA_sdk.elf.size
 
11:24:49 **** Incremental Build of configuration Debug for project DMA_sdk ****
make pre-build main-build 
a9-linaro-pre-build-step
 
make: Nothing to be done for 'main-build'.
11:26:03 **** Incremental Build of configuration Debug for project DMA_sdk ****
make pre-build main-build 
a9-linaro-pre-build-step
 
make: Nothing to be done for 'main-build'.
11:38:30 **** Incremental Build of configuration Debug for project DMA_sdk ****
make pre-build main-build 
a9-linaro-pre-build-step
 
make: Nothing to be done for 'main-build'.
11:39:05 **** Incremental Build of configuration Debug for project DMA_sdk ****
make pre-build main-build 
a9-linaro-pre-build-step
 
make: Nothing to be done for 'main-build'.
11:42:20 **** Auto Build of configuration Debug for project DMA_sdk ****
make pre-build main-build 
a9-linaro-pre-build-step
 
Building file: ../src/main.cc
Invoking: ARM v7 g++ compiler
arm-none-eabi-g++ -Wall -O0 -g3 -c -fmessage-length=0 -MT"src/main.o" -mcpu=cortex-a9 -mfpu=vfpv3 -mfloat-abi=hard -I../../standalone_bsp_0/ps7_cortexa9_0/include -MMD -MP -MF"src/main.d" -MT"src/main.o" -o "src/main.o" "../src/main.cc"
Finished building: ../src/main.cc
 
Building target: DMA_sdk.elf
Invoking: ARM v7 g++ linker
arm-none-eabi-g++ -mcpu=cortex-a9 -mfpu=vfpv3 -mfloat-abi=hard -Wl,-build-id=none -specs=Xilinx.spec -Wl,-T -Wl,../src/lscript.ld -L../../standalone_bsp_0/ps7_cortexa9_0/lib -o "DMA_sdk.elf"  ./src/main.o   -Wl,--start-group,-lxil,-lgcc,-lc,-lstdc++,--end-group
Finished building target: DMA_sdk.elf
 
Invoking: ARM v7 Print Size
arm-none-eabi-size DMA_sdk.elf  |tee "DMA_sdk.elf.size"
   text	   data	    bss	    dec	    hex	filename
 142904	   2656	  26032	 171592	  29e48	DMA_sdk.elf
Finished building: DMA_sdk.elf.size
 
11:42:27 **** Incremental Build of configuration Debug for project DMA_sdk ****
make pre-build main-build 
a9-linaro-pre-build-step
 
make: Nothing to be done for 'main-build'.
11:42:45 **** Incremental Build of configuration Debug for project DMA_sdk ****
make pre-build main-build 
a9-linaro-pre-build-step
 
make: Nothing to be done for 'main-build'.
