

================================================================
== Vivado HLS Report for 'fir'
================================================================
* Date:           Wed Oct 16 10:32:00 2019

* Version:        2018.3 (Build 2405991 on Thu Dec 06 23:56:15 MST 2018)
* Project:        LAB1_FIR
* Solution:       FIR_solution1
* Product family: zynq
* Target device:  xc7z010clg400-1


================================================================
== Performance Estimates
================================================================
+ Timing (ns): 
    * Summary: 
    +--------+-------+----------+------------+
    |  Clock | Target| Estimated| Uncertainty|
    +--------+-------+----------+------------+
    |ap_clk  |  10.00|     8.232|        1.25|
    +--------+-------+----------+------------+

+ Latency (clock cycles): 
    * Summary: 
    +-----+-----+-----+-----+---------+
    |  Latency  |  Interval | Pipeline|
    | min | max | min | max |   Type  |
    +-----+-----+-----+-----+---------+
    |  190|  190|  190|  190|   none  |
    +-----+-----+-----+-----+---------+

    + Detail: 
        * Instance: 
        N/A

        * Loop: 
        +---------------+-----+-----+----------+-----------+-----------+------+----------+
        |               |  Latency  | Iteration|  Initiation Interval  | Trip |          |
        |   Loop Name   | min | max |  Latency |  achieved |   target  | Count| Pipelined|
        +---------------+-----+-----+----------+-----------+-----------+------+----------+
        |- FILTER_LOOP  |  171|  171|        19|          -|          -|     9|    no    |
        +---------------+-----+-----+----------+-----------+-----------+------+----------+



================================================================
== Utilization Estimates
================================================================
* Summary: 
+-----------------+---------+-------+-------+-------+
|       Name      | BRAM_18K| DSP48E|   FF  |  LUT  |
+-----------------+---------+-------+-------+-------+
|DSP              |        -|      -|      -|      -|
|Expression       |        -|      -|      0|     24|
|FIFO             |        -|      -|      -|      -|
|Instance         |        -|     14|   1174|   2372|
|Memory           |        0|      -|    128|     10|
|Multiplexer      |        -|      -|      -|    308|
|Register         |        -|      -|    403|      -|
+-----------------+---------+-------+-------+-------+
|Total            |        0|     14|   1705|   2714|
+-----------------+---------+-------+-------+-------+
|Available        |      120|     80|  35200|  17600|
+-----------------+---------+-------+-------+-------+
|Utilization (%)  |        0|     17|      4|     15|
+-----------------+---------+-------+-------+-------+

+ Detail: 
    * Instance: 
    +---------------------------------------+------------------------------------+---------+-------+-----+------+
    |                Instance               |               Module               | BRAM_18K| DSP48E|  FF |  LUT |
    +---------------------------------------+------------------------------------+---------+-------+-----+------+
    |fir_dadd_64ns_64ns_64_5_full_dsp_1_U1  |fir_dadd_64ns_64ns_64_5_full_dsp_1  |        0|      3|  445|  1149|
    |fir_dmul_64ns_64ns_64_6_max_dsp_1_U2   |fir_dmul_64ns_64ns_64_6_max_dsp_1   |        0|     11|  317|   578|
    |fir_sitodp_32ns_64_6_1_U3              |fir_sitodp_32ns_64_6_1              |        0|      0|  412|   645|
    +---------------------------------------+------------------------------------+---------+-------+-----+------+
    |Total                                  |                                    |        0|     14| 1174|  2372|
    +---------------------------------------+------------------------------------+---------+-------+-----+------+

    * DSP48: 
    N/A

    * Memory: 
    +-----------+-------------+---------+-----+----+------+-----+------+-------------+
    |   Memory  |    Module   | BRAM_18K|  FF | LUT| Words| Bits| Banks| W*Bits*Banks|
    +-----------+-------------+---------+-----+----+------+-----+------+-------------+
    |data_in_U  |fir_data_in  |        0|  128|  10|    10|   64|     1|          640|
    +-----------+-------------+---------+-----+----+------+-----+------+-------------+
    |Total      |             |        0|  128|  10|    10|   64|     1|          640|
    +-----------+-------------+---------+-----+----+------+-----+------+-------------+

    * FIFO: 
    N/A

    * Expression: 
    +-----------------+----------+-------+---+----+------------+------------+
    |  Variable Name  | Operation| DSP48E| FF| LUT| Bitwidth P0| Bitwidth P1|
    +-----------------+----------+-------+---+----+------------+------------+
    |i_1_fu_167_p2    |     +    |      0|  0|  13|           4|           2|
    |tmp_fu_161_p2    |   icmp   |      0|  0|   9|           4|           1|
    |ap_block_state1  |    or    |      0|  0|   2|           1|           1|
    +-----------------+----------+-------+---+----+------------+------------+
    |Total            |          |      0|  0|  24|           9|           4|
    +-----------------+----------+-------+---+----+------------+------------+

    * Multiplexer: 
    +------------------------+-----+-----------+-----+-----------+
    |          Name          | LUT | Input Size| Bits| Total Bits|
    +------------------------+-----+-----------+-----+-----------+
    |acc_reg_109             |    9|          2|   64|        128|
    |ap_NS_fsm               |  173|         39|    1|         39|
    |coeff_address0          |   15|          3|    4|         12|
    |data_in_address0        |   21|          4|    4|         16|
    |data_in_d0              |   15|          3|   64|        192|
    |grp_fu_138_p0           |   15|          3|   64|        192|
    |grp_fu_138_p1           |   15|          3|   64|        192|
    |i_reg_121               |    9|          2|    4|          8|
    |probe_in_ap_vld_in_sig  |    9|          2|    1|          2|
    |probe_in_ap_vld_preg    |    9|          2|    1|          2|
    |probe_in_blk_n          |    9|          2|    1|          2|
    |probe_in_in_sig         |    9|          2|   64|        128|
    +------------------------+-----+-----------+-----+-----------+
    |Total                   |  308|         67|  336|        913|
    +------------------------+-----+-----------+-----+-----------+

    * Register: 
    +----------------------+----+----+-----+-----------+
    |         Name         | FF | LUT| Bits| Const Bits|
    +----------------------+----+----+-----+-----------+
    |acc_reg_109           |  64|   0|   64|          0|
    |ap_CS_fsm             |  38|   0|   38|          0|
    |data_in_load_reg_217  |  64|   0|   64|          0|
    |i_1_reg_197           |   4|   0|    4|          0|
    |i_reg_121             |   4|   0|    4|          0|
    |probe_in_ap_vld_preg  |   1|   0|    1|          0|
    |probe_in_preg         |  64|   0|   64|          0|
    |reg_145               |  32|   0|   32|          0|
    |reg_150               |  64|   0|   64|          0|
    |reg_156               |  64|   0|   64|          0|
    |tmp_3_reg_207         |   4|   0|   64|         60|
    +----------------------+----+----+-----+-----------+
    |Total                 | 403|   0|  463|         60|
    +----------------------+----+----+-----+-----------+



================================================================
== Interface
================================================================
* Summary: 
+-----------------+-----+-----+------------+--------------+--------------+
|    RTL Ports    | Dir | Bits|  Protocol  | Source Object|    C Type    |
+-----------------+-----+-----+------------+--------------+--------------+
|ap_clk           |  in |    1| ap_ctrl_hs |      fir     | return value |
|ap_rst           |  in |    1| ap_ctrl_hs |      fir     | return value |
|ap_start         |  in |    1| ap_ctrl_hs |      fir     | return value |
|ap_done          | out |    1| ap_ctrl_hs |      fir     | return value |
|ap_idle          | out |    1| ap_ctrl_hs |      fir     | return value |
|ap_ready         | out |    1| ap_ctrl_hs |      fir     | return value |
|probe_in         |  in |   64|   ap_vld   |   probe_in   |    scalar    |
|probe_in_ap_vld  |  in |    1|   ap_vld   |   probe_in   |    scalar    |
|out_r            | out |   64|   ap_vld   |     out_r    |    pointer   |
|out_r_ap_vld     | out |    1|   ap_vld   |     out_r    |    pointer   |
|coeff_address0   | out |    4|  ap_memory |     coeff    |     array    |
|coeff_ce0        | out |    1|  ap_memory |     coeff    |     array    |
|coeff_q0         |  in |   32|  ap_memory |     coeff    |     array    |
+-----------------+-----+-----+------------+--------------+--------------+

